Product: MDK-ARM Professional 5.10
Component: ARM Compiler 5.04 update 1 (build 49)
Tool: armlink [5040049]

==============================================================================

Section Cross References

    system_stm32f4xx.o(i.SystemCoreClockUpdate) refers to system_stm32f4xx.o(.data) for SystemCoreClock
    system_stm32f4xx.o(i.SystemInit) refers to system_stm32f4xx.o(i.SystemInit_ExtMemCtl) for SystemInit_ExtMemCtl
    system_stm32f4xx.o(i.SystemInit) refers to system_stm32f4xx.o(i.SetSysClock) for SetSysClock
    system_stm32f4xx.o(i.SystemInit_ExtMemCtl) refers to stm32f4xx_rcc.o(i.RCC_AHB1PeriphClockCmd) for RCC_AHB1PeriphClockCmd
    system_stm32f4xx.o(i.SystemInit_ExtMemCtl) refers to stm32f4xx_gpio.o(i.GPIO_PinAFConfig) for GPIO_PinAFConfig
    system_stm32f4xx.o(i.SystemInit_ExtMemCtl) refers to stm32f4xx_gpio.o(i.GPIO_Init) for GPIO_Init
    system_stm32f4xx.o(i.SystemInit_ExtMemCtl) refers to stm32f4xx_rcc.o(i.RCC_AHB3PeriphClockCmd) for RCC_AHB3PeriphClockCmd
    system_stm32f4xx.o(i.SystemInit_ExtMemCtl) refers to stm32f4xx_fmc.o(i.FMC_SDRAMInit) for FMC_SDRAMInit
    system_stm32f4xx.o(i.SystemInit_ExtMemCtl) refers to stm32f4xx_fmc.o(i.FMC_GetFlagStatus) for FMC_GetFlagStatus
    system_stm32f4xx.o(i.SystemInit_ExtMemCtl) refers to stm32f4xx_fmc.o(i.FMC_SDRAMCmdConfig) for FMC_SDRAMCmdConfig
    system_stm32f4xx.o(i.SystemInit_ExtMemCtl) refers to stm32f4xx_fmc.o(i.FMC_SetRefreshCount) for FMC_SetRefreshCount
    startup_stm32f4xx.o(STACK) refers (Special) to heapauxi.o(.text) for __use_two_region_memory
    startup_stm32f4xx.o(HEAP) refers (Special) to heapauxi.o(.text) for __use_two_region_memory
    startup_stm32f4xx.o(RESET) refers (Special) to heapauxi.o(.text) for __use_two_region_memory
    startup_stm32f4xx.o(RESET) refers to startup_stm32f4xx.o(STACK) for __initial_sp
    startup_stm32f4xx.o(RESET) refers to startup_stm32f4xx.o(.text) for Reset_Handler
    startup_stm32f4xx.o(RESET) refers to stm32f4xx_it.o(i.NMI_Handler) for NMI_Handler
    startup_stm32f4xx.o(RESET) refers to stm32f4xx_it.o(i.HardFault_Handler) for HardFault_Handler
    startup_stm32f4xx.o(RESET) refers to stm32f4xx_it.o(i.MemManage_Handler) for MemManage_Handler
    startup_stm32f4xx.o(RESET) refers to stm32f4xx_it.o(i.BusFault_Handler) for BusFault_Handler
    startup_stm32f4xx.o(RESET) refers to stm32f4xx_it.o(i.UsageFault_Handler) for UsageFault_Handler
    startup_stm32f4xx.o(RESET) refers to port.o(.emb_text) for SVC_Handler
    startup_stm32f4xx.o(RESET) refers to stm32f4xx_it.o(i.DebugMon_Handler) for DebugMon_Handler
    startup_stm32f4xx.o(RESET) refers to stm32f4xx_it.o(i.SysTick_Handler) for SysTick_Handler
    startup_stm32f4xx.o(RESET) refers to stm32f4xx_it.o(i.EXTI15_10_IRQHandler) for EXTI15_10_IRQHandler
    startup_stm32f4xx.o(RESET) refers to stm32f4xx_it.o(i.SDIO_IRQHandler) for SDIO_IRQHandler
    startup_stm32f4xx.o(RESET) refers to stm32f4xx_it.o(i.ETH_IRQHandler) for ETH_IRQHandler
    startup_stm32f4xx.o(.text) refers (Special) to heapauxi.o(.text) for __use_two_region_memory
    startup_stm32f4xx.o(.text) refers to system_stm32f4xx.o(i.SystemInit) for SystemInit
    startup_stm32f4xx.o(.text) refers to __main.o(!!!main) for __main
    startup_stm32f4xx.o(.text) refers to startup_stm32f4xx.o(HEAP) for Heap_Mem
    startup_stm32f4xx.o(.text) refers to startup_stm32f4xx.o(STACK) for Stack_Mem
    api_lib.o(i.netconn_accept) refers to sys_arch.o(i.sys_mbox_valid) for sys_mbox_valid
    api_lib.o(i.netconn_accept) refers to sys_arch.o(i.sys_arch_mbox_fetch) for sys_arch_mbox_fetch
    api_lib.o(i.netconn_accept) refers to sys_arch.o(i.sys_arch_protect) for sys_arch_protect
    api_lib.o(i.netconn_accept) refers to sys_arch.o(i.sys_arch_unprotect) for sys_arch_unprotect
    api_lib.o(i.netconn_bind) refers to tcpip.o(i.tcpip_apimsg) for tcpip_apimsg
    api_lib.o(i.netconn_bind) refers to sys_arch.o(i.sys_arch_protect) for sys_arch_protect
    api_lib.o(i.netconn_bind) refers to sys_arch.o(i.sys_arch_unprotect) for sys_arch_unprotect
    api_lib.o(i.netconn_bind) refers to api_msg.o(i.do_bind) for do_bind
    api_lib.o(i.netconn_close) refers to api_lib.o(i.netconn_close_shutdown) for netconn_close_shutdown
    api_lib.o(i.netconn_close_shutdown) refers to tcpip.o(i.tcpip_apimsg) for tcpip_apimsg
    api_lib.o(i.netconn_close_shutdown) refers to sys_arch.o(i.sys_arch_protect) for sys_arch_protect
    api_lib.o(i.netconn_close_shutdown) refers to sys_arch.o(i.sys_arch_unprotect) for sys_arch_unprotect
    api_lib.o(i.netconn_close_shutdown) refers to api_msg.o(i.do_close) for do_close
    api_lib.o(i.netconn_connect) refers to tcpip.o(i.tcpip_apimsg) for tcpip_apimsg
    api_lib.o(i.netconn_connect) refers to sys_arch.o(i.sys_arch_protect) for sys_arch_protect
    api_lib.o(i.netconn_connect) refers to sys_arch.o(i.sys_arch_unprotect) for sys_arch_unprotect
    api_lib.o(i.netconn_connect) refers to api_msg.o(i.do_connect) for do_connect
[...]
    SYSCFG_EXTILineConfig                    0x08004c51   Thumb Code    60  stm32f4xx_syscfg.o(i.SYSCFG_EXTILineConfig)
    SetDestPort                              0x08004c91   Thumb Code     6  udp_server.o(i.SetDestPort)
    SysTick_Handler                          0x08004da5   Thumb Code     8  stm32f4xx_it.o(i.SysTick_Handler)
    SystemInit                               0x08004dad   Thumb Code    92  system_stm32f4xx.o(i.SystemInit)
    UART_printf                              0x08005189   Thumb Code     2  stm32f4xx_usart.o(i.UART_printf)
    USART_ClearFlag                          0x0800518b   Thumb Code    18  stm32f4xx_usart.o(i.USART_ClearFlag)
    USART_Cmd                                0x0800519d   Thumb Code    24  stm32f4xx_usart.o(i.USART_Cmd)
    USART_ITConfig                           0x080051b5   Thumb Code    74  stm32f4xx_usart.o(i.USART_ITConfig)
    USART_Init                               0x08005201   Thumb Code   204  stm32f4xx_usart.o(i.USART_Init)
    UsageFault_Handler                       0x080052d5   Thumb Code     4  stm32f4xx_it.o(i.UsageFault_Handler)
    __hardfp_atof                            0x080052d9   Thumb Code    44  atof.o(i.__hardfp_atof)
    __hardfp_ldexp                           0x08005311   Thumb Code   208  ldexp.o(i.__hardfp_ldexp)
    __mathlib_dbl_underflow                  0x080053f1   Thumb Code    24  dunder.o(i.__mathlib_dbl_underflow)
    __mathlib_narrow                         0x08005411   Thumb Code   166  narrow.o(i.__mathlib_narrow)
    __support_ldexp                          0x080054c9   Thumb Code    20  ldexp.o(i.__support_ldexp)
    _is_digit                                0x080054dd   Thumb Code    14  __printf_wp.o(i._is_digit)
    clust2sect                               0x08005969   Thumb Code    26  ff.o(i.clust2sect)
    dhcp_arp_reply                           0x08005b6d   Thumb Code    58  dhcp.o(i.dhcp_arp_reply)
    dhcp_coarse_tmr                          0x08005cf1   Thumb Code    74  dhcp.o(i.dhcp_coarse_tmr)
    dhcp_fine_tmr                            0x08006031   Thumb Code    68  dhcp.o(i.dhcp_fine_tmr)
    dhcp_network_changed                     0x08006079   Thumb Code    80  dhcp.o(i.dhcp_network_changed)
    dhcp_release                             0x080062f5   Thumb Code   178  dhcp.o(i.dhcp_release)
    dhcp_renew                               0x080063ad   Thumb Code   150  dhcp.o(i.dhcp_renew)
    disk_initialize                          0x08006949   Thumb Code    26  diskio.o(i.disk_initialize)
    disk_ioctl                               0x08006963   Thumb Code     6  diskio.o(i.disk_ioctl)
    disk_read                                0x08006969   Thumb Code   154  diskio.o(i.disk_read)
    disk_status                              0x08006a03   Thumb Code    22  diskio.o(i.disk_status)
    disk_write                               0x08006a19   Thumb Code   154  diskio.o(i.disk_write)
    etharp_cleanup_netif                     0x08006c31   Thumb Code    52  etharp.o(i.etharp_cleanup_netif)
    etharp_output                            0x08006e5d   Thumb Code   340  etharp.o(i.etharp_output)
    etharp_query                             0x0800702d   Thumb Code   386  etharp.o(i.etharp_query)
    etharp_request                           0x08007291   Thumb Code    40  etharp.o(i.etharp_request)
    etharp_tmr                               0x080072fd   Thumb Code   144  etharp.o(i.etharp_tmr)
    ethernet_input                           0x08007455   Thumb Code   226  etharp.o(i.ethernet_input)
    ethernetif_init                          0x08007541   Thumb Code    50  ethernetif.o(i.ethernetif_init)
    f_close                                  0x080075c9   Thumb Code    22  ff.o(i.f_close)
    f_gets                                   0x080075df   Thumb Code    78  ff.o(i.f_gets)
    f_mount                                  0x0800762d   Thumb Code    38  ff.o(i.f_mount)
    f_open                                   0x08007659   Thumb Code   350  ff.o(i.f_open)
    f_read                                   0x080077b7   Thumb Code   458  ff.o(i.f_read)
    f_sync                                   0x08007981   Thumb Code   176  ff.o(i.f_sync)
    frexp                                    0x08007ac9   Thumb Code   118  frexp.o(i.frexp)
    get_fat                                  0x08007b55   Thumb Code   228  ff.o(i.get_fat)
    get_fattime                              0x08007c39   Thumb Code    78  fattime.o(i.get_fattime)
    icmp_dest_unreach                        0x08007c87   Thumb Code    18  icmp.o(i.icmp_dest_unreach)
    icmp_input                               0x08007c99   Thumb Code   504  icmp.o(i.icmp_input)
    inet_chksum                              0x08007f39   Thumb Code    20  inet_chksum.o(i.inet_chksum)
    inet_chksum_pbuf                         0x08007f4d   Thumb Code    86  inet_chksum.o(i.inet_chksum_pbuf)
    ip4_addr_isbroadcast                     0x08007fa3   Thumb Code    78  ip_addr.o(i.ip4_addr_isbroadcast)
    ip_input                                 0x08007ff1   Thumb Code   604  ip.o(i.ip_input)
    ip_output                                0x08008265   Thumb Code    72  ip.o(i.ip_output)
    ip_output_if                             0x080082b1   Thumb Code   208  ip.o(i.ip_output_if)
    ip_route                                 0x08008389   Thumb Code    92  ip.o(i.ip_route)
    lwip_htonl                               0x080086f9   Thumb Code    26  def.o(i.lwip_htonl)
    lwip_htons                               0x08008713   Thumb Code    12  def.o(i.lwip_htons)
    lwip_init                                0x0800871f   Thumb Code    36  init.o(i.lwip_init)
    lwip_ntohl                               0x08008743   Thumb Code    12  def.o(i.lwip_ntohl)
    lwip_ntohs                               0x0800874f   Thumb Code    12  def.o(i.lwip_ntohs)
    main                                     0x080087b9   Thumb Code    48  main.o(i.main)
    mem_free                                 0x08008835   Thumb Code   144  mem.o(i.mem_free)
    mem_init                                 0x080088d9   Thumb Code   100  mem.o(i.mem_init)
    mem_malloc                               0x08008955   Thumb Code   376  mem.o(i.mem_malloc)
    mem_trim                                 0x08008af5   Thumb Code   338  mem.o(i.mem_trim)
    memp_free                                0x08008c5d   Thumb Code    70  memp.o(i.memp_free)
    memp_init                                0x08008cad   Thumb Code   122  memp.o(i.memp_init)
    memp_malloc                              0x08008d3d   Thumb Code   138  memp.o(i.memp_malloc)
    netif_add                                0x08008e05   Thumb Code   132  netif.o(i.netif_add)
    netif_init                               0x08008e91   Thumb Code     2  netif.o(i.netif_init)
    netif_set_addr                           0x08008e93   Thumb Code    40  netif.o(i.netif_set_addr)
    netif_set_default                        0x08008ebd   Thumb Code    10  netif.o(i.netif_set_default)
    netif_set_down                           0x08008ecd   Thumb Code    42  netif.o(i.netif_set_down)
    netif_set_gw                             0x08008ef7   Thumb Code    16  netif.o(i.netif_set_gw)
    netif_set_ipaddr                         0x08008f09   Thumb Code   124  netif.o(i.netif_set_ipaddr)
    netif_set_link_callback                  0x08008f8d   Thumb Code     6  netif.o(i.netif_set_link_callback)
    netif_set_link_down                      0x08008f93   Thumb Code    42  netif.o(i.netif_set_link_down)
    netif_set_link_up                        0x08008fbd   Thumb Code    80  netif.o(i.netif_set_link_up)
    netif_set_netmask                        0x0800900d   Thumb Code    16  netif.o(i.netif_set_netmask)
    netif_set_up                             0x0800901d   Thumb Code    54  netif.o(i.netif_set_up)
    pbuf_alloc                               0x08009053   Thumb Code   418  pbuf.o(i.pbuf_alloc)
    pbuf_cat                                 0x080091f5   Thumb Code    56  pbuf.o(i.pbuf_cat)
    pbuf_chain                               0x0800922d   Thumb Code    26  pbuf.o(i.pbuf_chain)
    pbuf_clen                                0x08009247   Thumb Code    18  pbuf.o(i.pbuf_clen)
    pbuf_copy                                0x08009259   Thumb Code   200  pbuf.o(i.pbuf_copy)
    pbuf_copy_partial                        0x08009321   Thumb Code   146  pbuf.o(i.pbuf_copy_partial)
    pbuf_free                                0x080093b3   Thumb Code   138  pbuf.o(i.pbuf_free)
    pbuf_header                              0x0800943d   Thumb Code   134  pbuf.o(i.pbuf_header)
    pbuf_realloc                             0x080094c3   Thumb Code   120  pbuf.o(i.pbuf_realloc)
    pbuf_ref                                 0x0800953b   Thumb Code    26  pbuf.o(i.pbuf_ref)
    put_fat                                  0x080099d3   Thumb Code   310  ff.o(i.put_fat)
    pvPortMalloc                             0x08009b09   Thumb Code   140  heap_4.o(i.pvPortMalloc)
    pxPortInitialiseStack                    0x08009ba1   Thumb Code    26  port.o(i.pxPortInitialiseStack)
    raw_input                                0x08009bbd   Thumb Code   102  raw.o(i.raw_input)
    rc_config_start                          0x08009c31   Thumb Code   264  sys_config.o(i.rc_config_start)
    read_cmd                                 0x08009e09   Thumb Code   254  utilities.o(i.read_cmd)
    read_cnf_adc_str2float                   0x08009f09   Thumb Code    98  algbloc.o(i.read_cnf_adc_str2float)
    read_config                              0x08009f75   Thumb Code  2130  sys_config.o(i.read_config)
    read_ip4_addr                            0x0800a801   Thumb Code   158  utilities.o(i.read_ip4_addr)
    read_mac_addr                            0x0800a89f   Thumb Code   244  utilities.o(i.read_mac_addr)
    set_rs485_config_v1                      0x0800a9fd   Thumb Code    40  usart1.o(i.set_rs485_config_v1)
    set_rs485_config_v2                      0x0800aa29   Thumb Code    40  usart2.o(i.set_rs485_config_v2)
    set_rs485_config_v4                      0x0800aa55   Thumb Code    40  usart4.o(i.set_rs485_config_v4)
    stats_init                               0x0800aa91   Thumb Code    50  stats.o(i.stats_init)
    sys_arch_mbox_fetch                      0x0800abeb   Thumb Code    98  sys_arch.o(i.sys_arch_mbox_fetch)
    sys_arch_protect                         0x0800ac4d   Thumb Code    10  sys_arch.o(i.sys_arch_protect)
    sys_arch_sem_wait                        0x0800ac57   Thumb Code    86  sys_arch.o(i.sys_arch_sem_wait)
    sys_arch_unprotect                       0x0800acad   Thumb Code    10  sys_arch.o(i.sys_arch_unprotect)
    sys_init                                 0x0800acb9   Thumb Code     8  sys_arch.o(i.sys_init)
    sys_mbox_new                             0x0800acc5   Thumb Code    70  sys_arch.o(i.sys_mbox_new)
    sys_mbox_trypost                         0x0800ad11   Thumb Code    48  sys_arch.o(i.sys_mbox_trypost)
    sys_mbox_valid                           0x0800ad45   Thumb Code    14  sys_arch.o(i.sys_mbox_valid)
    sys_sem_new                              0x0800ad55   Thumb Code   116  sys_arch.o(i.sys_sem_new)
    sys_sem_signal                           0x0800adcd   Thumb Code    18  sys_arch.o(i.sys_sem_signal)
    sys_thread_new                           0x0800ade1   Thumb Code    76  sys_arch.o(i.sys_thread_new)
    sys_timeout                              0x0800ae31   Thumb Code   152  timers.o(i.sys_timeout)
    sys_timeouts_init                        0x0800aecd   Thumb Code    40  timers.o(i.sys_timeouts_init)
    sys_timeouts_mbox_fetch                  0x0800af01   Thumb Code   132  timers.o(i.sys_timeouts_mbox_fetch)
    sys_untimeout                            0x0800af89   Thumb Code    90  timers.o(i.sys_untimeout)
    tcp_abandon                              0x0800afe9   Thumb Code   140  tcp.o(i.tcp_abandon)
    tcp_abort                                0x0800b081   Thumb Code    14  tcp.o(i.tcp_abort)
    tcp_alloc                                0x0800b091   Thumb Code   212  tcp.o(i.tcp_alloc)
    tcp_close                                0x0800b179   Thumb Code    28  tcp.o(i.tcp_close)
    tcp_eff_send_mss                         0x0800b429   Thumb Code    46  tcp.o(i.tcp_eff_send_mss)
    tcp_enqueue_flags                        0x0800b459   Thumb Code   358  tcp_out.o(i.tcp_enqueue_flags)
    tcp_fasttmr                              0x0800b5c5   Thumb Code   114  tcp.o(i.tcp_fasttmr)
    tcp_init                                 0x0800b645   Thumb Code     2  tcp.o(i.tcp_init)
    tcp_input                                0x0800b649   Thumb Code  1286  tcp_in.o(i.tcp_input)
    tcp_keepalive                            0x0800bb79   Thumb Code    98  tcp_out.o(i.tcp_keepalive)
    tcp_next_iss                             0x0800bdc9   Thumb Code    20  tcp.o(i.tcp_next_iss)
    tcp_output                               0x0800bde5   Thumb Code   444  tcp_out.o(i.tcp_output)
    tcp_pcb_purge                            0x0800c1d5   Thumb Code    88  tcp.o(i.tcp_pcb_purge)
    tcp_pcb_remove                           0x0800c22d   Thumb Code   140  tcp.o(i.tcp_pcb_remove)
    tcp_process_refused_data                 0x0800c875   Thumb Code   148  tcp.o(i.tcp_process_refused_data)
    tcp_recv_null                            0x0800cf81   Thumb Code    46  tcp.o(i.tcp_recv_null)
    tcp_recved                               0x0800cfaf   Thumb Code    74  tcp.o(i.tcp_recved)
    tcp_rexmit                               0x0800cff9   Thumb Code    90  tcp_out.o(i.tcp_rexmit)
    tcp_rexmit_fast                          0x0800d053   Thumb Code   120  tcp_out.o(i.tcp_rexmit_fast)
    tcp_rexmit_rto                           0x0800d0cb   Thumb Code    58  tcp_out.o(i.tcp_rexmit_rto)
    tcp_rst                                  0x0800d105   Thumb Code   146  tcp_out.o(i.tcp_rst)
    tcp_seg_free                             0x0800d19d   Thumb Code    26  tcp.o(i.tcp_seg_free)
    tcp_segs_free                            0x0800d1b7   Thumb Code    24  tcp.o(i.tcp_segs_free)
    tcp_send_empty_ack                       0x0800d1cf   Thumb Code    86  tcp_out.o(i.tcp_send_empty_ack)
    tcp_send_fin                             0x0800d225   Thumb Code    74  tcp_out.o(i.tcp_send_fin)
    tcp_slowtmr                              0x0800d271   Thumb Code   832  tcp.o(i.tcp_slowtmr)
    tcp_timer_needed                         0x0800d5d1   Thumb Code    38  timers.o(i.tcp_timer_needed)
    tcp_tmr                                  0x0800d6b5   Thumb Code    30  tcp.o(i.tcp_tmr)
    tcp_update_rcv_ann_wnd                   0x0800d6d9   Thumb Code    78  tcp.o(i.tcp_update_rcv_ann_wnd)
    tcp_zero_window_probe                    0x0800d729   Thumb Code   194  tcp_out.o(i.tcp_zero_window_probe)
    tcpip_init                               0x0800d7f1   Thumb Code    52  tcpip.o(i.tcpip_init)
    tcpip_input                              0x0800d83d   Thumb Code    72  tcpip.o(i.tcpip_input)
    uart_print                               0x0800d9a5   Thumb Code     8  usart4.o(i.uart_print)
    udp_bind                                 0x0800d9ad   Thumb Code   146  udp.o(i.udp_bind)
    udp_init                                 0x0800da45   Thumb Code     2  udp.o(i.udp_init)
    udp_input                                0x0800da49   Thumb Code   580  udp.o(i.udp_input)
    udp_sendto_if                            0x0800dcf5   Thumb Code   254  udp.o(i.udp_sendto_if)
    uxListRemove                             0x0800ddf9   Thumb Code    40  list.o(i.uxListRemove)
    vListInitialise                          0x0800de21   Thumb Code    26  list.o(i.vListInitialise)
    vListInitialiseItem                      0x0800de3b   Thumb Code     6  list.o(i.vListInitialiseItem)
    vListInsert                              0x0800de41   Thumb Code    52  list.o(i.vListInsert)
    vListInsertEnd                           0x0800de75   Thumb Code    28  list.o(i.vListInsertEnd)
    vPortEnterCritical                       0x0800de91   Thumb Code    18  port.o(i.vPortEnterCritical)
    vPortExitCritical                        0x0800dea9   Thumb Code    26  port.o(i.vPortExitCritical)
    vPortFree                                0x0800dec9   Thumb Code    40  heap_4.o(i.vPortFree)
    vPortSetupTimerInterrupt                 0x0800def5   Thumb Code    26  port.o(i.vPortSetupTimerInterrupt)
    vPortYieldFromISR                        0x0800df15   Thumb Code    10  port.o(i.vPortYieldFromISR)
    vTaskDelay                               0x0800df25   Thumb Code    48  tasks.o(i.vTaskDelay)
    vTaskDelete                              0x0800df5d   Thumb Code    94  tasks.o(i.vTaskDelete)
    vTaskIncrementTick                       0x0800dfd1   Thumb Code   254  tasks.o(i.vTaskIncrementTick)
    vTaskMissedYield                         0x0800e0f5   Thumb Code     8  tasks.o(i.vTaskMissedYield)
    vTaskPlaceOnEventList                    0x0800e101   Thumb Code    52  tasks.o(i.vTaskPlaceOnEventList)
    vTaskPriorityDisinherit                  0x0800e13d   Thumb Code    70  tasks.o(i.vTaskPriorityDisinherit)
    vTaskPriorityInherit                     0x0800e18d   Thumb Code   118  tasks.o(i.vTaskPriorityInherit)
    vTaskSetTimeOutState                     0x0800e211   Thumb Code    28  tasks.o(i.vTaskSetTimeOutState)
    vTaskStartScheduler                      0x0800e235   Thumb Code    62  tasks.o(i.vTaskStartScheduler)
    vTaskSuspendAll                          0x0800e289   Thumb Code    12  tasks.o(i.vTaskSuspendAll)
    vTaskSwitchContext                       0x0800e299   Thumb Code   108  tasks.o(i.vTaskSwitchContext)
    xPortStartScheduler                      0x0800e351   Thumb Code    42  port.o(i.xPortStartScheduler)
    xPortSysTickHandler                      0x0800e385   Thumb Code    26  port.o(i.xPortSysTickHandler)
    xQueueGenericCreate                      0x0800e3a5   Thumb Code    92  queue.o(i.xQueueGenericCreate)
    xQueueGenericReceive                     0x0800e401   Thumb Code   314  queue.o(i.xQueueGenericReceive)
    xQueueGenericReset                       0x0800e53b   Thumb Code   118  queue.o(i.xQueueGenericReset)
    xQueueGenericSend                        0x0800e5b1   Thumb Code   238  queue.o(i.xQueueGenericSend)
    xQueueGenericSendFromISR                 0x0800e69f   Thumb Code   128  queue.o(i.xQueueGenericSendFromISR)
    xTaskCheckForTimeOut                     0x0800e721   Thumb Code   102  tasks.o(i.xTaskCheckForTimeOut)
    xTaskGenericCreate                       0x0800e791   Thumb Code   328  tasks.o(i.xTaskGenericCreate)
    xTaskGetCurrentTaskHandle                0x0800e8f5   Thumb Code     6  tasks.o(i.xTaskGetCurrentTaskHandle)
    xTaskGetTickCount                        0x0800e901   Thumb Code    18  tasks.o(i.xTaskGetTickCount)
    xTaskRemoveFromEventList                 0x0800e919   Thumb Code   106  tasks.o(i.xTaskRemoveFromEventList)
    xTaskResumeAll                           0x0800e999   Thumb Code   202  tasks.o(i.xTaskResumeAll)
    _get_lc_ctype                            0x0800ea85   Thumb Code    44  lc_ctype_c.o(locale$$code)
    _get_lc_numeric                          0x0800eab1   Thumb Code    44  lc_numeric_c.o(locale$$code)
    __aeabi_d2f                              0x0800eadd   Thumb Code     0  d2f.o(x$fpl$d2f)
    _d2f                                     0x0800eadd   Thumb Code    98  d2f.o(x$fpl$d2f)
    __fpl_dcheck_NaN1                        0x0800eb41   Thumb Code    10  dcheck1.o(x$fpl$dcheck1)
    __fpl_dcmp_Inf                           0x0800eb51   Thumb Code    24  dcmpi.o(x$fpl$dcmpinf)
    __aeabi_cdcmpeq                          0x0800eb69   Thumb Code     0  deqf.o(x$fpl$deqf)
    _dcmpeq                                  0x0800eb69   Thumb Code   120  deqf.o(x$fpl$deqf)
    __aeabi_cdcmple                          0x0800ebe1   Thumb Code     0  dleqf.o(x$fpl$dleqf)
    _dcmple                                  0x0800ebe1   Thumb Code   120  dleqf.o(x$fpl$dleqf)
    __fpl_dcmple_InfNaN                      0x0800ec43   Thumb Code     0  dleqf.o(x$fpl$dleqf)
    __aeabi_dmul                             0x0800ec59   Thumb Code     0  dmul.o(x$fpl$dmul)
    _dmul                                    0x0800ec59   Thumb Code   332  dmul.o(x$fpl$dmul)
    __fpl_dnaninf                            0x0800edad   Thumb Code   156  dnaninf.o(x$fpl$dnaninf)
    __fpl_dretinf                            0x0800ee49   Thumb Code    12  dretinf.o(x$fpl$dretinf)
    __aeabi_cdrcmple                         0x0800ee55   Thumb Code     0  drleqf.o(x$fpl$drleqf)
    _drcmple                                 0x0800ee55   Thumb Code   108  drleqf.o(x$fpl$drleqf)
    _fp_init                                 0x0800eec1   Thumb Code    10  fpinit.o(x$fpl$fpinit)
    __fplib_config_fpu_vfp                   0x0800eec9   Thumb Code     0  fpinit.o(x$fpl$fpinit)
    __fplib_config_pureend_doubles           0x0800eec9   Thumb Code     0  fpinit.o(x$fpl$fpinit)
    __fpl_fretinf                            0x0800eecb   Thumb Code    10  fretinf.o(x$fpl$fretinf)
    __fpl_return_NaN                         0x0800eed5   Thumb Code   100  retnan.o(x$fpl$retnan)
    __ARM_scalbn                             0x0800ef39   Thumb Code    92  scalbn.o(x$fpl$scalbn)
    _scanf_real                              0x0800ef95   Thumb Code     4  scanf1.o(x$fpl$scanf1)
    _scanf_hex_real                          0x0800ef99   Thumb Code     4  scanf2.o(x$fpl$scanf2)
    _scanf_infnan                            0x0800ef9d   Thumb Code     4  scanf2.o(x$fpl$scanf2)
    __fpl_cmpreturn                          0x0800efa1   Thumb Code    48  trapv.o(x$fpl$trapveneer)
    __I$use$fp                               0x0800efd0   Number         0  usenofp.o(x$fpl$usenofp)
    tcp_state_str                            0x0800f030   Data          44  tcp.o(.constdata)
    tcp_backoff                              0x0800f05c   Data          13  tcp.o(.constdata)
    tcp_persist_backoff                      0x0800f069   Data           7  tcp.o(.constdata)
    tcp_pcb_lists                            0x0800f070   Data          16  tcp.o(.constdata)
    ip_addr_any                              0x0800f080   Data           4  ip_addr.o(.constdata)
    ip_addr_broadcast                        0x0800f084   Data           4  ip_addr.o(.constdata)
    ethbroadcast                             0x0800f088   Data           6  etharp.o(.constdata)
    ethzero                                  0x0800f08e   Data           6  etharp.o(.constdata)
    Region$$Table$$Base                      0x0800f2a0   Number         0  anon$$obj.o(Region$$Table)
    Region$$Table$$Limit                     0x0800f2c0   Number         0  anon$$obj.o(Region$$Table)
    __aeabi_HUGE_VAL                         0x0800f2c0   Data           0  fpconst.o(c$$dinf)
    __aeabi_HUGE_VALL                        0x0800f2c0   Data           0  fpconst.o(c$$dinf)
    __aeabi_INFINITY                         0x0800f2c0   Data           0  fpconst.o(c$$dinf)
    __dInf                                   0x0800f2c0   Data           0  fpconst.o(c$$dinf)
    __huge_val                               0x0800f2c0   Data           0  fpconst.o(c$$dinf)
    __ctype                                  0x0800f2d5   Data           0  lc_ctype_c.o(locale$$data)
    SystemCoreClock                          0x20000000   Data           4  system_stm32f4xx.o(.data)
    AHBPrescTable                            0x20000004   Data          16  system_stm32f4xx.o(.data)
    netif_list                               0x20000034   Data           4  netif.o(.data)
    netif_default                            0x20000038   Data           4  netif.o(.data)
    tcp_ticks                                0x20000048   Data           4  tcp.o(.data)
    tcp_bound_pcbs                           0x2000004c   Data           4  tcp.o(.data)
    tcp_listen_pcbs                          0x20000050   Data           4  tcp.o(.data)
    tcp_active_pcbs                          0x20000054   Data           4  tcp.o(.data)
    tcp_tw_pcbs                              0x20000058   Data           4  tcp.o(.data)
    tcp_tmp_pcb                              0x2000005c   Data           4  tcp.o(.data)
    tcp_active_pcbs_changed                  0x20000060   Data           1  tcp.o(.data)
    tcp_input_pcb                            0x20000084   Data           4  tcp_in.o(.data)
    udp_pcbs                                 0x20000094   Data           4  udp.o(.data)
    current_netif                            0x20000098   Data           4  ip.o(.data)
    current_header                           0x2000009c   Data           4  ip.o(.data)
    current_iphdr_src                        0x200000a0   Data           4  ip.o(.data)
    current_iphdr_dest                       0x200000a4   Data           4  ip.o(.data)
    s_xSemaphore                             0x200000b0   Data           4  ethernetif.o(.data)
    DMATxDescToSet                           0x200000cc   Data           4  stm32f4x7_eth.o(.data)
    DMARxDescToGet                           0x200000d0   Data           4  stm32f4x7_eth.o(.data)
    DMA_RX_FRAME_infos                       0x200000d4   Data           4  stm32f4x7_eth.o(.data)
    Frame_Rx_index                           0x200000d8   Data           4  stm32f4x7_eth.o(.data)
    pxCurrentTCB                             0x200000f0   Data           4  tasks.o(.data)
    StopCondition                            0x2000013c   Data           4  sdio_sd.o(.data)
    TransferError                            0x20000140   Data           1  sdio_sd.o(.data)
    TransferEnd                              0x20000144   Data           4  sdio_sd.o(.data)
    DMAEndOfTransfer                         0x20000148   Data           4  sdio_sd.o(.data)
    EthStatus                                0x2000014c   Data           4  stm32f4x7_eth_bsp.o(.data)
    ETH_link_xSemaphore                      0x20000150   Data           4  stm32f4x7_eth_bsp.o(.data)
    conn                                     0x20000158   Data           4  udp_server.o(.data)
    buf                                      0x2000015c   Data           4  udp_server.o(.data)
    dest_port_out                            0x20000160   Data           2  udp_server.o(.data)
    upcb_send                                0x20000164   Data           4  udp_server.o(.data)
    xBinarySemaphoreUDPServDestIP            0x20000168   Data           4  udp_server.o(.data)
    ram_heap                                 0x20000170   Data       10260  mem.o(.bss)
    lwip_stats                               0x2000546c   Data         372  stats.o(.bss)
    DMARxDscrTab                             0x200056bc   Data         128  stm32f4x7_eth.o(.bss)
    DMATxDscrTab                             0x2000573c   Data         128  stm32f4x7_eth.o(.bss)
    Rx_Buff                                  0x200057bc   Data        6096  stm32f4x7_eth.o(.bss)
    Tx_Buff                                  0x20006f8c   Data        6096  stm32f4x7_eth.o(.bss)
    RX_Frame_Descriptor                      0x2000875c   Data          12  stm32f4x7_eth.o(.bss)
    SDCardInfo                               0x2000c4b8   Data          88  sdio_sd.o(.bss)
    SDIO_InitStructure                       0x2000c510   Data          24  sdio_sd.o(.bss)
    SDIO_CmdInitStructure                    0x2000c528   Data          20  sdio_sd.o(.bss)
    SDIO_DataInitStructure                   0x2000c53c   Data          24  sdio_sd.o(.bss)
    ETH_InitStructure                        0x2000c554   Data         188  stm32f4x7_eth_bsp.o(.bss)
    xnetif                                   0x2000c610   Data          56  netconf.o(.bss)
    alg_bd_fl                                0x2000c648   Data         512  algbloc.o(.bss)
    sys_inf_global_value                     0x2000c848   Data          44  algbloc.o(.bss)
    mc_in_out_buf                            0x2000c874   Data        3104  algbloc.o(.bss)
    mc_out_buf_read                          0x2000d494   Data         272  algbloc.o(.bss)
    adc_func_int2float                       0x2000d5a4   Data        1024  algbloc.o(.bss)
    ALG_global_value                         0x2000d9a4   Data        7072  algbloc.o(.bss)
    RS485_ucntrl_n1                          0x2000f99c   Data         120  usart1.o(.bss)
    RS485_Modbus_n1                          0x2000fa14   Data         140  usart1.o(.bss)
    RS485_ucntrl_n2                          0x2000faa0   Data         120  usart2.o(.bss)
    RS485_Modbus_n2                          0x2000fb18   Data         140  usart2.o(.bss)
    RS485_ucntrl_n4                          0x2000fba4   Data         120  usart4.o(.bss)
    RS485_Modbus_n4                          0x2000fc1c   Data         140  usart4.o(.bss)
    __libspace_start                         0x2000fce8   Data          96  libspace.o(.bss)
    __temporary_stack_top$libspace           0x2000fd48   Data           0  libspace.o(.bss)



==============================================================================

Memory Map of the image

  Image Entry point : 0x08000189

  Load Region LR_IROM1 (Base: 0x08000000, Size: 0x0000f564, Max: 0x00200000, ABSOLUTE, COMPRESSED[0x0000f428])

    Execution Region ER_IROM1 (Base: 0x08000000, Size: 0x0000f3f4, Max: 0x00200000, ABSOLUTE)

    Base Addr    Size         Type   Attr      Idx    E Section Name        Object

    0x08000000   0x00000188   Data   RO          151    RESET               startup_stm32f4xx.o
    0x08000188   0x00000008   Code   RO         6862  * !!!main             c_w.l(__main.o)
    0x08000190   0x00000034   Code   RO         7173    !!!scatter          c_w.l(__scatter.o)
    0x080001c4   0x0000005a   Code   RO         7171    !!dczerorl2         c_w.l(__dczerorl2.o)
    0x0800021e   0x00000002   PAD
    0x08000220   0x0000001c   Code   RO         7175    !!handler_zi        c_w.l(__scatter_zi.o)
    0x0800023c   0x00000002   Code   RO         6952    .ARM.Collect$$libinit$$00000000  c_w.l(libinit.o)
    0x0800023e   0x00000004   Code   RO         6953    .ARM.Collect$$libinit$$00000001  c_w.l(libinit2.o)
    0x08000242   0x00000000   Code   RO         6957    .ARM.Collect$$libinit$$00000008  c_w.l(libinit2.o)
    0x08000242   0x00000000   Code   RO         6959    .ARM.Collect$$libinit$$0000000A  c_w.l(libinit2.o)
    0x08000242   0x00000000   Code   RO         6961    .ARM.Collect$$libinit$$0000000C  c_w.l(libinit2.o)
    0x08000242   0x00000006   Code   RO         6962    .ARM.Collect$$libinit$$0000000D  c_w.l(libinit2.o)
    0x08000248   0x00000000   Code   RO         6964    .ARM.Collect$$libinit$$0000000F  c_w.l(libinit2.o)
    0x08000248   0x0000000c   Code   RO         6965    .ARM.Collect$$libinit$$00000010  c_w.l(libinit2.o)
    0x08000254   0x00000000   Code   RO         6966    .ARM.Collect$$libinit$$00000011  c_w.l(libinit2.o)
    0x08000254   0x00000000   Code   RO         6968    .ARM.Collect$$libinit$$00000013  c_w.l(libinit2.o)
    0x08000254   0x0000000a   Code   RO         6969    .ARM.Collect$$libinit$$00000014  c_w.l(libinit2.o)
    0x0800025e   0x00000000   Code   RO         6970    .ARM.Collect$$libinit$$00000015  c_w.l(libinit2.o)
    0x0800025e   0x00000000   Code   RO         6972    .ARM.Collect$$libinit$$00000017  c_w.l(libinit2.o)
    0x0800025e   0x00000000   Code   RO         6974    .ARM.Collect$$libinit$$00000019  c_w.l(libinit2.o)
    0x0800025e   0x00000000   Code   RO         6976    .ARM.Collect$$libinit$$0000001B  c_w.l(libinit2.o)
    0x0800025e   0x00000000   Code   RO         6978    .ARM.Collect$$libinit$$0000001D  c_w.l(libinit2.o)
    0x0800025e   0x00000000   Code   RO         6980    .ARM.Collect$$libinit$$0000001F  c_w.l(libinit2.o)
    0x0800025e   0x00000000   Code   RO         6982    .ARM.Collect$$libinit$$00000021  c_w.l(libinit2.o)
    0x0800025e   0x00000000   Code   RO         6984    .ARM.Collect$$libinit$$00000023  c_w.l(libinit2.o)
    0x0800025e   0x00000000   Code   RO         6988    .ARM.Collect$$libinit$$0000002A  c_w.l(libinit2.o)
    0x0800025e   0x00000000   Code   RO         6990    .ARM.Collect$$libinit$$0000002C  c_w.l(libinit2.o)
    0x0800025e   0x00000000   Code   RO         6992    .ARM.Collect$$libinit$$0000002E  c_w.l(libinit2.o)
    0x0800025e   0x00000000   Code   RO         6994    .ARM.Collect$$libinit$$00000030  c_w.l(libinit2.o)
    0x0800025e   0x00000002   Code   RO         6995    .ARM.Collect$$libinit$$00000031  c_w.l(libinit2.o)
    0x08000260   0x00000002   Code   RO         7085    .ARM.Collect$$libshutdown$$00000000  c_w.l(libshutdown.o)
    0x08000262   0x00000000   Code   RO         7119    .ARM.Collect$$libshutdown$$00000003  c_w.l(libshutdown2.o)
    0x08000262   0x00000000   Code   RO         7122    .ARM.Collect$$libshutdown$$00000006  c_w.l(libshutdown2.o)
    0x08000262   0x00000000   Code   RO         7125    .ARM.Collect$$libshutdown$$00000009  c_w.l(libshutdown2.o)
    0x08000262   0x00000000   Code   RO         7127    .ARM.Collect$$libshutdown$$0000000B  c_w.l(libshutdown2.o)
    0x08000262   0x00000000   Code   RO         7130    .ARM.Collect$$libshutdown$$0000000E  c_w.l(libshutdown2.o)
    0x08000262   0x00000002   Code   RO         7131    .ARM.Collect$$libshutdown$$0000000F  c_w.l(libshutdown2.o)
    0x08000264   0x00000000   Code   RO         6872    .ARM.Collect$$rtentry$$00000000  c_w.l(rtentry.o)
    0x08000264   0x00000000   Code   RO         6904    .ARM.Collect$$rtentry$$00000002  c_w.l(rtentry2.o)
    0x08000264   0x00000006   Code   RO         6916    .ARM.Collect$$rtentry$$00000004  c_w.l(rtentry4.o)
    0x0800026a   0x00000000   Code   RO         6906    .ARM.Collect$$rtentry$$00000009  c_w.l(rtentry2.o)
    0x0800026a   0x00000004   Code   RO         6907    .ARM.Collect$$rtentry$$0000000A  c_w.l(rtentry2.o)
    0x0800026e   0x00000000   Code   RO         6909    .ARM.Collect$$rtentry$$0000000C  c_w.l(rtentry2.o)
    0x0800026e   0x00000008   Code   RO         6910    .ARM.Collect$$rtentry$$0000000D  c_w.l(rtentry2.o)
    0x08000276   0x00000002   Code   RO         6996    .ARM.Collect$$rtexit$$00000000  c_w.l(rtexit.o)
    0x08000278   0x00000000   Code   RO         7047    .ARM.Collect$$rtexit$$00000002  c_w.l(rtexit2.o)
    0x08000278   0x00000004   Code   RO         7048    .ARM.Collect$$rtexit$$00000003  c_w.l(rtexit2.o)
    0x0800027c   0x00000006   Code   RO         7049    .ARM.Collect$$rtexit$$00000004  c_w.l(rtexit2.o)
    0x08000282   0x00000002   PAD
    0x08000284   0x00000084   Code   RO         4816    .emb_text           port.o
    0x08000308   0x00000040   Code   RO          152    .text               startup_stm32f4xx.o
    0x08000348   0x0000001a   Code   RO         6834    .text               c_w.l(atoi.o)
    0x08000362   0x00000070   Code   RO         6836    .text               c_w.l(strtol.o)
    0x080003d2   0x00000058   Code   RO         6838    .text               c_w.l(memcmp.o)
    0x0800042a   0x00000048   Code   RO         6840    .text               c_w.l(strcpy.o)
    0x08000472   0x0000003e   Code   RO         6842    .text               c_w.l(strlen.o)
    0x080004b0   0x00000096   Code   RO         6844    .text               c_w.l(strncmp.o)
    0x08000546   0x0000008a   Code   RO         6848    .text               c_w.l(rt_memcpy_v6.o)
    0x080005d0   0x00000064   Code   RO         6850    .text               c_w.l(rt_memcpy_w.o)
    0x08000634   0x00000010   Code   RO         6852    .text               c_w.l(aeabi_memset.o)
    0x08000644   0x00000044   Code   RO         6854    .text               c_w.l(rt_memclr.o)
    0x08000688   0x0000004e   Code   RO         6856    .text               c_w.l(rt_memclr_w.o)
    0x080006d6   0x00000056   Code   RO         6858    .text               c_w.l(strncpy.o)
    0x0800072c   0x00000006   Code   RO         6860    .text               c_w.l(heapauxi.o)
    0x08000732   0x00000002   PAD
    0x08000734   0x00000010   Code   RO         6873    .text               c_w.l(rt_ctype_table.o)
    0x08000744   0x00000008   Code   RO         6878    .text               c_w.l(rt_errno_addr_intlibspace.o)
    0x0800074c   0x00000016   Code   RO         6880    .text               c_w.l(_rserrno.o)
    0x08000762   0x0000009e   Code   RO         6891    .text               c_w.l(_strtoul.o)
    0x08000800   0x000000a0   Code   RO         6893    .text               c_w.l(strtod.o)
    0x080008a0   0x00000008   Code   RO         6900    .text               c_w.l(libspace.o)
    0x080008a8   0x00000008   Code   RO         6921    .text               c_w.l(rt_locale_intlibspace.o)
    0x080008b0   0x00000012   Code   RO         6923    .text               c_w.l(isspace.o)
    0x080008c2   0x0000001c   Code   RO         6927    .text               c_w.l(_chval.o)
    0x080008de   0x00000040   Code   RO         6929    .text               c_w.l(_sgetc.o)
    0x0800091e   0x0000004a   Code   RO         6939    .text               c_w.l(sys_stackheap_outer.o)
    0x08000968   0x000004a4   Code   RO         6941    .text               c_w.l(scanf_fp.o)
    0x08000e0c   0x0000000c   Code   RO         6943    .text               c_w.l(exit.o)
    0x08000e18   0x00000080   Code   RO         6945    .text               c_w.l(strcmpv7m.o)
    0x08000e98   0x000000d8   Code   RO         6998    .text               c_w.l(bigflt0.o)
    0x08000f70   0x00000318   Code   RO         7053    .text               c_w.l(scanf_hexfp.o)
    0x08001288   0x00000134   Code   RO         7055    .text               c_w.l(scanf_infnan.o)
    0x080013bc   0x0000000c   Code   RO         7073    .text               c_w.l(sys_exit.o)
    0x080013c8   0x00000026   Code   RO         7077    .text               c_w.l(llshl.o)
    0x080013ee   0x00000002   Code   RO         7108    .text               c_w.l(use_no_semi.o)
    0x080013f0   0x00000000   Code   RO         7110    .text               c_w.l(indicate_semi.o)
    0x080013f0   0x00000338   Code   RO         7011    CL$$btod_div_common  c_w.l(btod.o)
    0x08001728   0x00000054   Code   RO         7009    CL$$btod_e2d        c_w.l(btod.o)
    0x0800177c   0x000000c6   Code   RO         7008    CL$$btod_e2e        c_w.l(btod.o)
    0x08001842   0x00000028   Code   RO         7005    CL$$btod_ediv       c_w.l(btod.o)
    0x0800186a   0x00000028   Code   RO         7007    CL$$btod_edivd      c_w.l(btod.o)
    0x08001892   0x00000028   Code   RO         7004    CL$$btod_emul       c_w.l(btod.o)
    0x080018ba   0x00000028   Code   RO         7006    CL$$btod_emuld      c_w.l(btod.o)
    0x080018e2   0x00000244   Code   RO         7010    CL$$btod_mult_common  c_w.l(btod.o)
    0x08001b26   0x00000004   Code   RO         6114    i.BusFault_Handler  stm32f4xx_it.o
    0x08001b2a   0x0000002c   Code   RO         5775    i.CmdError          sdio_sd.o
    0x08001b56   0x00000002   PAD
    0x08001b58   0x00000134   Code   RO         5776    i.CmdResp1Error     sdio_sd.o
    0x08001c8c   0x0000004c   Code   RO         5777    i.CmdResp2Error     sdio_sd.o
    0x08001cd8   0x00000038   Code   RO         5778    i.CmdResp3Error     sdio_sd.o
    0x08001d10   0x0000009c   Code   RO         5779    i.CmdResp6Error     sdio_sd.o
    0x08001dac   0x0000004c   Code   RO         5780    i.CmdResp7Error     sdio_sd.o
    0x08001df8   0x00000034   Code   RO         2499    i.DMA_ClearFlag     stm32f4xx_dma.o
    0x08001e2c   0x00000016   Code   RO         2501    i.DMA_Cmd           stm32f4xx_dma.o
    0x08001e42   0x00000002   PAD
    0x08001e44   0x00000158   Code   RO         2502    i.DMA_DeInit        stm32f4xx_dma.o
    0x08001f9c   0x00000016   Code   RO         2505    i.DMA_FlowControllerConfig  stm32f4xx_dma.o
    0x08001fb2   0x0000003a   Code   RO         2512    i.DMA_ITConfig      stm32f4xx_dma.o
    0x08001fec   0x00000058   Code   RO         2513    i.DMA_Init          stm32f4xx_dma.o
    0x08002044   0x00000002   Code   RO         6115    i.DebugMon_Handler  stm32f4xx_it.o
    0x08002046   0x0000000c   Code   RO         6228    i.Delay             main.o
    0x08002052   0x00000002   PAD
    0x08002054   0x0000008c   Code   RO         6036    i.ETH_BSP_Config    stm32f4x7_eth_bsp.o
    0x080020e0   0x0000000c   Code   RO         4295    i.ETH_DMAClearITPendingBit  stm32f4x7_eth.o
    0x080020ec   0x00000020   Code   RO         4296    i.ETH_DMAITConfig   stm32f4x7_eth.o
    0x0800210c   0x00000024   Code   RO         4297    i.ETH_DMAReceptionCmd  stm32f4x7_eth.o
    0x08002130   0x00000064   Code   RO         4298    i.ETH_DMARxDescChainInit  stm32f4x7_eth.o
    0x08002194   0x00000016   Code   RO         4299    i.ETH_DMARxDescReceiveITConfig  stm32f4x7_eth.o
    0x080021aa   0x00000002   PAD
    0x080021ac   0x00000024   Code   RO         4300    i.ETH_DMATransmissionCmd  stm32f4x7_eth.o
    0x080021d0   0x00000050   Code   RO         4303    i.ETH_DMATxDescChainInit  stm32f4x7_eth.o
    0x08002220   0x00000008   Code   RO         4304    i.ETH_DMATxDescChecksumInsertionConfig  stm32f4x7_eth.o
    0x08002228   0x00000016   Code   RO         4309    i.ETH_DeInit        stm32f4x7_eth.o
    0x0800223e   0x00000002   PAD
    0x08002240   0x0000002c   Code   RO         4311    i.ETH_FlushTransmitFIFO  stm32f4x7_eth.o
    0x0800226c   0x00000138   Code   RO         6037    i.ETH_GPIO_Config   stm32f4x7_eth_bsp.o
    0x080023a4   0x00000018   Code   RO         4317    i.ETH_GetDMAFlagStatus  stm32f4x7_eth.o
    0x080023bc   0x00000018   Code   RO         4337    i.ETH_GetSoftwareResetStatus  stm32f4x7_eth.o
    0x080023d4   0x00000118   Code   RO         4340    i.ETH_Get_Received_Frame_interrupt  stm32f4x7_eth.o
    0x080024ec   0x00000040   Code   RO         6116    i.ETH_IRQHandler    stm32f4xx_it.o
    0x0800252c   0x000003ac   Code   RO         4342    i.ETH_Init          stm32f4x7_eth.o
    0x080028d8   0x00000034   Code   RO         4344    i.ETH_MACAddressConfig  stm32f4x7_eth.o
    0x0800290c   0x000000ac   Code   RO         6038    i.ETH_MACDMA_Config  stm32f4x7_eth_bsp.o
    0x080029b8   0x0000003c   Code   RO         4349    i.ETH_MACReceptionCmd  stm32f4x7_eth.o
    0x080029f4   0x0000003c   Code   RO         4350    i.ETH_MACTransmissionCmd  stm32f4x7_eth.o
    0x08002a30   0x00000022   Code   RO         6039    i.ETH_NVIC_Config   stm32f4x7_eth_bsp.o
    0x08002a52   0x00000002   PAD
    0x08002a54   0x000000cc   Code   RO         4361    i.ETH_Prepare_Transmit_Descriptors  stm32f4x7_eth.o
    0x08002b20   0x0000006c   Code   RO         4362    i.ETH_ReadPHYRegister  stm32f4x7_eth.o
    0x08002b8c   0x00000014   Code   RO         4370    i.ETH_SoftwareReset  stm32f4x7_eth.o
    0x08002ba0   0x00000020   Code   RO         4371    i.ETH_Start         stm32f4x7_eth.o
    0x08002bc0   0x00000020   Code   RO         4372    i.ETH_Stop          stm32f4x7_eth.o
    0x08002be0   0x000000b2   Code   RO         4373    i.ETH_StructInit    stm32f4x7_eth.o
    0x08002c92   0x00000002   PAD
    0x08002c94   0x00000068   Code   RO         4375    i.ETH_WritePHYRegister  stm32f4x7_eth.o
    0x08002cfc   0x000000f0   Code   RO         6040    i.ETH_link_callback  stm32f4x7_eth_bsp.o
    0x08002dec   0x00000038   Code   RO         6117    i.EXTI15_10_IRQHandler  stm32f4xx_it.o
    0x08002e24   0x0000000c   Code   RO         2628    i.EXTI_ClearITPendingBit  stm32f4xx_exti.o
    0x08002e30   0x00000028   Code   RO         2632    i.EXTI_GetITStatus  stm32f4xx_exti.o
    0x08002e58   0x00000094   Code   RO         2633    i.EXTI_Init         stm32f4xx_exti.o
    0x08002eec   0x00000078   Code   RO         6041    i.Eth_Link_EXTIConfig  stm32f4x7_eth_bsp.o
    0x08002f64   0x00000050   Code   RO         6042    i.Eth_Link_IT_task  stm32f4x7_eth_bsp.o
    0x08002fb4   0x00000046   Code   RO         6043    i.Eth_Link_PHYITConfig  stm32f4x7_eth_bsp.o
    0x08002ffa   0x00000002   PAD
    0x08002ffc   0x00000048   Code   RO         2898    i.FMC_GetFlagStatus  stm32f4xx_fmc.o
    0x08003044   0x00000020   Code   RO         2915    i.FMC_SDRAMCmdConfig  stm32f4xx_fmc.o
    0x08003064   0x000000f8   Code   RO         2917    i.FMC_SDRAMInit     stm32f4xx_fmc.o
    0x0800315c   0x00000018   Code   RO         2921    i.FMC_SetRefreshCount  stm32f4xx_fmc.o
    0x08003174   0x00000194   Code   RO         5781    i.FindSCR           sdio_sd.o
    0x08003308   0x00000090   Code   RO         3072    i.GPIO_Init         stm32f4xx_gpio.o
    0x08003398   0x00000046   Code   RO         3073    i.GPIO_PinAFConfig  stm32f4xx_gpio.o
    0x080033de   0x00000012   Code   RO         3076    i.GPIO_ReadInputDataBit  stm32f4xx_gpio.o
    0x080033f0   0x00000004   Code   RO         3079    i.GPIO_ResetBits    stm32f4xx_gpio.o
    0x080033f4   0x00000004   Code   RO         3080    i.GPIO_SetBits      stm32f4xx_gpio.o
    0x080033f8   0x00000004   Code   RO         6118    i.HardFault_Handler  stm32f4xx_it.o
    0x080033fc   0x000000e4   Code   RO         6596    i.InitUsart_rs485_n1  usart1.o
    0x080034e0   0x0000014c   Code   RO         6668    i.InitUsart_rs485_n2  usart2.o
    0x0800362c   0x00000124   Code   RO         6733    i.InitUsart_rs485_n4  usart4.o
    0x08003750   0x0000008c   Code   RO         6192    i.LwIP_Init         netconf.o
    0x080037dc   0x00000068   Code   RO         6229    i.Main_task         main.o
    0x08003844   0x00000004   Code   RO         6119    i.MemManage_Handler  stm32f4xx_it.o
    0x08003848   0x00000002   Code   RO         6120    i.NMI_Handler       stm32f4xx_it.o
    0x0800384a   0x00000016   Code   RO         6597    i.NVIC_EnableIRQ    usart1.o
    0x08003860   0x00000016   Code   RO         6669    i.NVIC_EnableIRQ    usart2.o
    0x08003876   0x00000002   PAD
    0x08003878   0x00000078   Code   RO         2451    i.NVIC_Init         misc.o
    0x080038f0   0x00000014   Code   RO         2452    i.NVIC_PriorityGroupConfig  misc.o
    0x08003904   0x0000003a   Code   RO         5783    i.NVIC_SDIO_Configuration  sdio_sd.o
    0x0800393e   0x00000002   PAD
    0x08003940   0x00000020   Code   RO         3169    i.RCC_AHB1PeriphClockCmd  stm32f4xx_rcc.o
    0x08003960   0x00000020   Code   RO         3171    i.RCC_AHB1PeriphResetCmd  stm32f4xx_rcc.o
    0x08003980   0x00000020   Code   RO         3175    i.RCC_AHB3PeriphClockCmd  stm32f4xx_rcc.o
    0x080039a0   0x00000020   Code   RO         3178    i.RCC_APB1PeriphClockCmd  stm32f4xx_rcc.o
    0x080039c0   0x00000020   Code   RO         3181    i.RCC_APB2PeriphClockCmd  stm32f4xx_rcc.o
    0x080039e0   0x00000020   Code   RO         3183    i.RCC_APB2PeriphResetCmd  stm32f4xx_rcc.o
    0x08003a00   0x000000e8   Code   RO         3190    i.RCC_GetClocksFreq  stm32f4xx_rcc.o
    0x08003ae8   0x0000001c   Code   RO         3202    i.RCC_MCO1Config    stm32f4xx_rcc.o
    0x08003b04   0x00000016   Code   RO         3500    i.RTC_Bcd2ToByte    stm32f4xx_rtc.o
    0x08003b1a   0x00000002   PAD
    0x08003b1c   0x0000004c   Code   RO         3516    i.RTC_GetDate       stm32f4xx_rtc.o
    0x08003b68   0x00000050   Code   RO         3521    i.RTC_GetTime       stm32f4xx_rtc.o
    0x08003bb8   0x0000011c   Code   RO         5784    i.SDEnWideBus       sdio_sd.o
    0x08003cd4   0x0000000c   Code   RO         3852    i.SDIO_ClearFlag    stm32f4xx_sdio.o
    0x08003ce0   0x0000000c   Code   RO         3853    i.SDIO_ClearITPendingBit  stm32f4xx_sdio.o
    0x08003cec   0x0000000c   Code   RO         3854    i.SDIO_ClockCmd     stm32f4xx_sdio.o
    0x08003cf8   0x0000000c   Code   RO         3857    i.SDIO_DMACmd       stm32f4xx_sdio.o
    0x08003d04   0x00000034   Code   RO         3858    i.SDIO_DataConfig   stm32f4xx_sdio.o
    0x08003d38   0x00000016   Code   RO         3860    i.SDIO_DeInit       stm32f4xx_sdio.o
    0x08003d4e   0x00000002   PAD
    0x08003d50   0x0000000c   Code   RO         3861    i.SDIO_GetCommandResponse  stm32f4xx_sdio.o
    0x08003d5c   0x00000018   Code   RO         3864    i.SDIO_GetFlagStatus  stm32f4xx_sdio.o
    0x08003d74   0x00000018   Code   RO         3865    i.SDIO_GetITStatus  stm32f4xx_sdio.o
    0x08003d8c   0x00000010   Code   RO         3866    i.SDIO_GetPowerState  stm32f4xx_sdio.o
    0x08003d9c   0x00000018   Code   RO         3867    i.SDIO_GetResponse  stm32f4xx_sdio.o
    0x08003db4   0x00000008   Code   RO         6121    i.SDIO_IRQHandler   stm32f4xx_it.o
    0x08003dbc   0x00000020   Code   RO         3868    i.SDIO_ITConfig     stm32f4xx_sdio.o
    0x08003ddc   0x00000030   Code   RO         3869    i.SDIO_Init         stm32f4xx_sdio.o
    0x08003e0c   0x0000000c   Code   RO         3870    i.SDIO_ReadData     stm32f4xx_sdio.o
    0x08003e18   0x0000002c   Code   RO         3872    i.SDIO_SendCommand  stm32f4xx_sdio.o
    0x08003e44   0x0000000c   Code   RO         3874    i.SDIO_SetPowerState  stm32f4xx_sdio.o
    0x08003e50   0x00000020   Code   RO         5786    i.SD_Detect         sdio_sd.o
    0x08003e70   0x00000090   Code   RO         5787    i.SD_EnableWideBusOperation  sdio_sd.o
    0x08003f00   0x000002f8   Code   RO         5789    i.SD_GetCardInfo    sdio_sd.o
    0x080041f8   0x00000026   Code   RO         5791    i.SD_GetState       sdio_sd.o
    0x0800421e   0x0000001e   Code   RO         5792    i.SD_GetStatus      sdio_sd.o
    0x0800423c   0x00000088   Code   RO         5794    i.SD_Init           sdio_sd.o
    0x080042c4   0x0000013c   Code   RO         5795    i.SD_InitializeCards  sdio_sd.o
    0x08004400   0x0000008c   Code   RO         5796    i.SD_LowLevel_DMA_RxConfig  sdio_sd.o
    0x0800448c   0x00000090   Code   RO         5797    i.SD_LowLevel_DMA_TxConfig  sdio_sd.o
    0x0800451c   0x000000c0   Code   RO         5799    i.SD_LowLevel_Init  sdio_sd.o
    0x080045dc   0x000001a8   Code   RO         5801    i.SD_PowerON        sdio_sd.o
    0x08004784   0x000000ac   Code   RO         5803    i.SD_ProcessIRQSrc  sdio_sd.o
    0x08004830   0x000000f8   Code   RO         5806    i.SD_ReadMultiBlocksFIXED  sdio_sd.o
    0x08004928   0x00000034   Code   RO         5807    i.SD_SelectDeselect  sdio_sd.o
    0x0800495c   0x00000054   Code   RO         5809    i.SD_SendStatus     sdio_sd.o
    0x080049b0   0x00000034   Code   RO         5810    i.SD_StopTransfer   sdio_sd.o
    0x080049e4   0x00000080   Code   RO         5811    i.SD_WaitReadOperation  sdio_sd.o
    0x08004a64   0x00000080   Code   RO         5812    i.SD_WaitWriteOperation  sdio_sd.o
    0x08004ae4   0x00000160   Code   RO         5815    i.SD_WriteMultiBlocksFIXED  sdio_sd.o
    0x08004c44   0x0000000c   Code   RO         4047    i.SYSCFG_ETH_MediaInterfaceConfig  stm32f4xx_syscfg.o
    0x08004c50   0x00000040   Code   RO         4048    i.SYSCFG_EXTILineConfig  stm32f4xx_syscfg.o
    0x08004c90   0x0000000c   Code   RO         6440    i.SetDestPort       udp_server.o
    0x08004c9c   0x00000108   Code   RO            3    i.SetSysClock       system_stm32f4xx.o
    0x08004da4   0x00000008   Code   RO         6122    i.SysTick_Handler   stm32f4xx_it.o
    0x08004dac   0x0000006c   Code   RO            5    i.SystemInit        system_stm32f4xx.o
    0x08004e18   0x00000370   Code   RO            6    i.SystemInit_ExtMemCtl  system_stm32f4xx.o
    0x08005188   0x00000002   Code   RO         4095    i.UART_printf       stm32f4xx_usart.o
    0x0800518a   0x00000012   Code   RO         4096    i.USART_ClearFlag   stm32f4xx_usart.o
    0x0800519c   0x00000018   Code   RO         4100    i.USART_Cmd         stm32f4xx_usart.o
    0x080051b4   0x0000004a   Code   RO         4106    i.USART_ITConfig    stm32f4xx_usart.o
    0x080051fe   0x00000002   PAD
    0x08005200   0x000000d4   Code   RO         4107    i.USART_Init        stm32f4xx_usart.o
    0x080052d4   0x00000004   Code   RO         6123    i.UsageFault_Handler  stm32f4xx_it.o
    0x080052d8   0x00000038   Code   RO         6866    i.__hardfp_atof     m_wm.l(atof.o)
    0x08005310   0x000000e0   Code   RO         7092    i.__hardfp_ldexp    m_wm.l(ldexp.o)
    0x080053f0   0x00000020   Code   RO         7136    i.__mathlib_dbl_underflow  m_wm.l(dunder.o)
    0x08005410   0x000000b8   Code   RO         7039    i.__mathlib_narrow  m_wm.l(narrow.o)
    0x080054c8   0x00000014   Code   RO         7094    i.__support_ldexp   m_wm.l(ldexp.o)
    0x080054dc   0x0000000e   Code   RO         6820    i._is_digit         c_w.l(__printf_wp.o)
    0x080054ea   0x00000002   PAD
    0x080054ec   0x00000020   Code   RO         1816    i.arp_timer         timers.o
    0x0800550c   0x0000001c   Code   RO         2259    i.arp_timer         ethernetif.o
    0x08005528   0x00000090   Code   RO         5473    i.check_fs          ff.o
    0x080055b8   0x00000014   Code   RO         5474    i.chk_chr           ff.o
    0x080055cc   0x0000039c   Code   RO         5475    i.chk_mounted       ff.o
    0x08005968   0x0000001a   Code   RO         5476    i.clust2sect        ff.o
    0x08005982   0x000000ca   Code   RO         5477    i.create_chain      ff.o
    0x08005a4c   0x00000120   Code   RO         5478    i.create_name       ff.o
    0x08005b6c   0x0000003a   Code   RO          789    i.dhcp_arp_reply    dhcp.o
    0x08005ba6   0x00000104   Code   RO          790    i.dhcp_bind         dhcp.o
    0x08005caa   0x00000046   Code   RO          791    i.dhcp_check        dhcp.o
    0x08005cf0   0x00000050   Code   RO          793    i.dhcp_coarse_tmr   dhcp.o
    0x08005d40   0x00000150   Code   RO          794    i.dhcp_create_msg   dhcp.o
    0x08005e90   0x00000094   Code   RO          795    i.dhcp_decline      dhcp.o
    0x08005f24   0x00000028   Code   RO          796    i.dhcp_delete_msg   dhcp.o
    0x08005f4c   0x000000e4   Code   RO          797    i.dhcp_discover     dhcp.o
    0x08006030   0x00000048   Code   RO          798    i.dhcp_fine_tmr     dhcp.o
    0x08006078   0x00000050   Code   RO          803    i.dhcp_network_changed  dhcp.o
    0x080060c8   0x00000020   Code   RO          804    i.dhcp_option       dhcp.o
    0x080060e8   0x00000012   Code   RO          805    i.dhcp_option_byte  dhcp.o
    0x080060fa   0x00000042   Code   RO          806    i.dhcp_option_long  dhcp.o
    0x0800613c   0x00000022   Code   RO          807    i.dhcp_option_short  dhcp.o
    0x0800615e   0x00000046   Code   RO          808    i.dhcp_option_trailer  dhcp.o
    0x080061a4   0x00000098   Code   RO          810    i.dhcp_rebind       dhcp.o
    0x0800623c   0x000000b8   Code   RO          811    i.dhcp_reboot       dhcp.o
    0x080062f4   0x000000b8   Code   RO          813    i.dhcp_release      dhcp.o
    0x080063ac   0x00000096   Code   RO          814    i.dhcp_renew        dhcp.o
    0x08006442   0x00000002   PAD
    0x08006444   0x00000104   Code   RO          815    i.dhcp_select       dhcp.o
    0x08006548   0x00000010   Code   RO          816    i.dhcp_set_state    dhcp.o
    0x08006558   0x00000028   Code   RO          820    i.dhcp_t1_timeout   dhcp.o
    0x08006580   0x00000028   Code   RO          821    i.dhcp_t2_timeout   dhcp.o
    0x080065a8   0x000000c4   Code   RO          822    i.dhcp_timeout      dhcp.o
    0x0800666c   0x00000020   Code   RO         1817    i.dhcp_timer_coarse  timers.o
    0x0800668c   0x00000020   Code   RO         1818    i.dhcp_timer_fine   timers.o
    0x080066ac   0x00000056   Code   RO         5479    i.dir_alloc         ff.o
    0x08006702   0x0000005c   Code   RO         5480    i.dir_find          ff.o
    0x0800675e   0x00000114   Code   RO         5481    i.dir_next          ff.o
    0x08006872   0x0000003a   Code   RO         5483    i.dir_register      ff.o
    0x080068ac   0x0000009c   Code   RO         5485    i.dir_sdi           ff.o
    0x08006948   0x0000001a   Code   RO         5391    i.disk_initialize   diskio.o
    0x08006962   0x00000006   Code   RO         5392    i.disk_ioctl        diskio.o
    0x08006968   0x0000009a   Code   RO         5393    i.disk_read         diskio.o
    0x08006a02   0x00000016   Code   RO         5394    i.disk_status       diskio.o
    0x08006a18   0x0000009a   Code   RO         5395    i.disk_write        diskio.o
    0x08006ab2   0x00000002   PAD
    0x08006ab4   0x0000017c   Code   RO         2166    i.etharp_arp_input  etharp.o
    0x08006c30   0x00000038   Code   RO         2167    i.etharp_cleanup_netif  etharp.o
    0x08006c68   0x0000017c   Code   RO         2169    i.etharp_find_entry  etharp.o
    0x08006de4   0x00000078   Code   RO         2170    i.etharp_free_entry  etharp.o
    0x08006e5c   0x00000164   Code   RO         2171    i.etharp_output     etharp.o
    0x08006fc0   0x0000006c   Code   RO         2172    i.etharp_output_to_arp_index  etharp.o
    0x0800702c   0x00000190   Code   RO         2173    i.etharp_query      etharp.o
    0x080071bc   0x000000d4   Code   RO         2174    i.etharp_raw        etharp.o
    0x08007290   0x00000030   Code   RO         2175    i.etharp_request    etharp.o
    0x080072c0   0x0000003c   Code   RO         2176    i.etharp_send_ip    etharp.o
    0x080072fc   0x00000094   Code   RO         2177    i.etharp_tmr        etharp.o
    0x08007390   0x000000c4   Code   RO         2178    i.etharp_update_arp_entry  etharp.o
    0x08007454   0x000000ec   Code   RO         2179    i.ethernet_input    etharp.o
    0x08007540   0x00000040   Code   RO         2260    i.ethernetif_init   ethernetif.o
    0x08007580   0x00000048   Code   RO         2261    i.ethernetif_input  ethernetif.o
    0x080075c8   0x00000016   Code   RO         5487    i.f_close           ff.o
    0x080075de   0x0000004e   Code   RO         5490    i.f_gets            ff.o
    0x0800762c   0x0000002c   Code   RO         5493    i.f_mount           ff.o
    0x08007658   0x0000015e   Code   RO         5494    i.f_open            ff.o
    0x080077b6   0x000001ca   Code   RO         5499    i.f_read            ff.o
    0x08007980   0x000000b0   Code   RO         5504    i.f_sync            ff.o
    0x08007a30   0x00000092   Code   RO         5509    i.follow_path       ff.o
    0x08007ac2   0x00000006   PAD
    0x08007ac8   0x0000008c   Code   RO         7067    i.frexp             m_wm.l(frexp.o)
    0x08007b54   0x000000e4   Code   RO         5510    i.get_fat           ff.o
    0x08007c38   0x0000004e   Code   RO         5450    i.get_fattime       fattime.o
    0x08007c86   0x00000012   Code   RO         1998    i.icmp_dest_unreach  icmp.o
    0x08007c98   0x00000204   Code   RO         1999    i.icmp_input        icmp.o
    0x08007e9c   0x0000009c   Code   RO         2000    i.icmp_send_response  icmp.o
    0x08007f38   0x00000014   Code   RO         2036    i.inet_chksum       inet_chksum.o
    0x08007f4c   0x00000056   Code   RO         2037    i.inet_chksum_pbuf  inet_chksum.o
    0x08007fa2   0x0000004e   Code   RO         2107    i.ip4_addr_isbroadcast  ip_addr.o
    0x08007ff0   0x00000274   Code   RO         2071    i.ip_input          ip.o
    0x08008264   0x0000004c   Code   RO         2072    i.ip_output         ip.o
    0x080082b0   0x000000d8   Code   RO         2073    i.ip_output_if      ip.o
    0x08008388   0x00000068   Code   RO         2074    i.ip_route          ip.o
    0x080083f0   0x00000020   Code   RO         5512    i.ld_clust          ff.o
    0x08008410   0x000000fc   Code   RO         2262    i.low_level_init    ethernetif.o
    0x0800850c   0x000000f0   Code   RO         2263    i.low_level_input   ethernetif.o
    0x080085fc   0x000000fc   Code   RO         2264    i.low_level_output  ethernetif.o
    0x080086f8   0x0000001a   Code   RO          759    i.lwip_htonl        def.o
    0x08008712   0x0000000c   Code   RO          760    i.lwip_htons        def.o
    0x0800871e   0x00000024   Code   RO         1008    i.lwip_init         init.o
    0x08008742   0x0000000c   Code   RO          761    i.lwip_ntohl        def.o
    0x0800874e   0x0000000c   Code   RO          762    i.lwip_ntohs        def.o
    0x0800875a   0x0000005e   Code   RO         2040    i.lwip_standard_chksum  inet_chksum.o
    0x080087b8   0x0000003c   Code   RO         6230    i.main              main.o
    0x080087f4   0x00000026   Code   RO         5513    i.mem_cmp           ff.o
    0x0800881a   0x0000001a   Code   RO         5514    i.mem_cpy           ff.o
    0x08008834   0x000000a4   Code   RO         1046    i.mem_free          mem.o
    0x080088d8   0x0000007c   Code   RO         1047    i.mem_init          mem.o
    0x08008954   0x0000018c   Code   RO         1048    i.mem_malloc        mem.o
    0x08008ae0   0x00000014   Code   RO         5515    i.mem_set           ff.o
    0x08008af4   0x00000168   Code   RO         1049    i.mem_trim          mem.o
    0x08008c5c   0x00000050   Code   RO         1090    i.memp_free         memp.o
    0x08008cac   0x00000090   Code   RO         1091    i.memp_init         memp.o
    0x08008d3c   0x00000094   Code   RO         1092    i.memp_malloc       memp.o
    0x08008dd0   0x00000032   Code   RO         5516    i.move_window       ff.o
    0x08008e02   0x00000002   PAD
    0x08008e04   0x0000008c   Code   RO         1134    i.netif_add         netif.o
    0x08008e90   0x00000002   Code   RO         1136    i.netif_init        netif.o
    0x08008e92   0x00000028   Code   RO         1138    i.netif_set_addr    netif.o
    0x08008eba   0x00000002   PAD
    0x08008ebc   0x00000010   Code   RO         1139    i.netif_set_default  netif.o
    0x08008ecc   0x0000002a   Code   RO         1140    i.netif_set_down    netif.o
    0x08008ef6   0x00000010   Code   RO         1141    i.netif_set_gw      netif.o
    0x08008f06   0x00000002   PAD
    0x08008f08   0x00000084   Code   RO         1142    i.netif_set_ipaddr  netif.o
    0x08008f8c   0x00000006   Code   RO         1143    i.netif_set_link_callback  netif.o
    0x08008f92   0x0000002a   Code   RO         1144    i.netif_set_link_down  netif.o
    0x08008fbc   0x00000050   Code   RO         1145    i.netif_set_link_up  netif.o
    0x0800900c   0x00000010   Code   RO         1146    i.netif_set_netmask  netif.o
    0x0800901c   0x00000036   Code   RO         1147    i.netif_set_up      netif.o
    0x08009052   0x000001a2   Code   RO         1234    i.pbuf_alloc        pbuf.o
    0x080091f4   0x00000038   Code   RO         1235    i.pbuf_cat          pbuf.o
    0x0800922c   0x0000001a   Code   RO         1236    i.pbuf_chain        pbuf.o
    0x08009246   0x00000012   Code   RO         1237    i.pbuf_clen         pbuf.o
    0x08009258   0x000000c8   Code   RO         1239    i.pbuf_copy         pbuf.o
    0x08009320   0x00000092   Code   RO         1240    i.pbuf_copy_partial  pbuf.o
    0x080093b2   0x0000008a   Code   RO         1242    i.pbuf_free         pbuf.o
    0x0800943c   0x00000086   Code   RO         1244    i.pbuf_header       pbuf.o
    0x080094c2   0x00000078   Code   RO         1247    i.pbuf_realloc      pbuf.o
    0x0800953a   0x0000001a   Code   RO         1248    i.pbuf_ref          pbuf.o
    0x08009554   0x00000088   Code   RO         1050    i.plug_holes        mem.o
    0x080095dc   0x00000054   Code   RO         5172    i.prvAddCurrentTaskToDelayedList  tasks.o
    0x08009630   0x0000003a   Code   RO         5173    i.prvAllocateTCBAndStack  tasks.o
    0x0800966a   0x00000002   PAD
    0x0800966c   0x00000064   Code   RO         5174    i.prvCheckTasksWaitingTermination  tasks.o
    0x080096d0   0x0000002a   Code   RO         5016    i.prvCopyDataFromQueue  queue.o
    0x080096fa   0x00000068   Code   RO         5017    i.prvCopyDataToQueue  queue.o
    0x08009762   0x00000012   Code   RO         5175    i.prvDeleteTCB      tasks.o
    0x08009774   0x00000080   Code   RO         4879    i.prvHeapInit       heap_4.o
    0x080097f4   0x00000018   Code   RO         5176    i.prvIdleTask       tasks.o
    0x0800980c   0x00000046   Code   RO         5177    i.prvInitialiseTCBVariables  tasks.o
    0x08009852   0x00000002   PAD
    0x08009854   0x0000005c   Code   RO         5178    i.prvInitialiseTaskLists  tasks.o
    0x080098b0   0x00000068   Code   RO         4880    i.prvInsertBlockIntoFreeList  heap_4.o
    0x08009918   0x0000001c   Code   RO         5018    i.prvIsQueueEmpty   queue.o
    0x08009934   0x00000020   Code   RO         5019    i.prvIsQueueFull    queue.o
    0x08009954   0x0000007e   Code   RO         5020    i.prvUnlockQueue    queue.o
    0x080099d2   0x00000136   Code   RO         5517    i.put_fat           ff.o
    0x08009b08   0x00000098   Code   RO         4881    i.pvPortMalloc      heap_4.o
    0x08009ba0   0x0000001a   Code   RO         4817    i.pxPortInitialiseStack  port.o
    0x08009bba   0x00000002   PAD
    0x08009bbc   0x00000074   Code   RO         1347    i.raw_input         raw.o
    0x08009c30   0x000001d8   Code   RO         6408    i.rc_config_start   sys_config.o
    0x08009e08   0x000000fe   Code   RO         6512    i.read_cmd          utilities.o
    0x08009f06   0x00000002   PAD
    0x08009f08   0x0000006c   Code   RO         6291    i.read_cnf_adc_str2float  algbloc.o
    0x08009f74   0x0000088c   Code   RO         6409    i.read_config       sys_config.o
    0x0800a800   0x0000009e   Code   RO         6513    i.read_ip4_addr     utilities.o
    0x0800a89e   0x000000f4   Code   RO         6514    i.read_mac_addr     utilities.o
    0x0800a992   0x00000068   Code   RO         5518    i.remove_chain      ff.o
    0x0800a9fa   0x00000002   PAD
    0x0800a9fc   0x0000002c   Code   RO         6601    i.set_rs485_config_v1  usart1.o
    0x0800aa28   0x0000002c   Code   RO         6673    i.set_rs485_config_v2  usart2.o
    0x0800aa54   0x0000002c   Code   RO         6737    i.set_rs485_config_v4  usart4.o
    0x0800aa80   0x00000010   Code   RO         5519    i.st_clust          ff.o
    0x0800aa90   0x00000040   Code   RO         1401    i.stats_init        stats.o
    0x0800aad0   0x000000c8   Code   RO         5520    i.sync_fs           ff.o
    0x0800ab98   0x00000052   Code   RO         5521    i.sync_window       ff.o
    0x0800abea   0x00000062   Code   RO         2321    i.sys_arch_mbox_fetch  sys_arch.o
    0x0800ac4c   0x0000000a   Code   RO         2323    i.sys_arch_protect  sys_arch.o
    0x0800ac56   0x00000056   Code   RO         2324    i.sys_arch_sem_wait  sys_arch.o
    0x0800acac   0x0000000a   Code   RO         2325    i.sys_arch_unprotect  sys_arch.o
    0x0800acb6   0x00000002   PAD
    0x0800acb8   0x0000000c   Code   RO         2327    i.sys_init          sys_arch.o
    0x0800acc4   0x0000004c   Code   RO         2329    i.sys_mbox_new      sys_arch.o
    0x0800ad10   0x00000034   Code   RO         2332    i.sys_mbox_trypost  sys_arch.o
    0x0800ad44   0x0000000e   Code   RO         2333    i.sys_mbox_valid    sys_arch.o
    0x0800ad52   0x00000002   PAD
    0x0800ad54   0x00000078   Code   RO         2335    i.sys_sem_new       sys_arch.o
    0x0800adcc   0x00000012   Code   RO         2337    i.sys_sem_signal    sys_arch.o
    0x0800adde   0x00000002   PAD
    0x0800ade0   0x00000050   Code   RO         2339    i.sys_thread_new    sys_arch.o
    0x0800ae30   0x0000009c   Code   RO         1819    i.sys_timeout       timers.o
    0x0800aecc   0x00000034   Code   RO         1820    i.sys_timeouts_init  timers.o
    0x0800af00   0x00000088   Code   RO         1821    i.sys_timeouts_mbox_fetch  timers.o
    0x0800af88   0x00000060   Code   RO         1822    i.sys_untimeout     timers.o
    0x0800afe8   0x00000098   Code   RO         1436    i.tcp_abandon       tcp.o
    0x0800b080   0x0000000e   Code   RO         1437    i.tcp_abort         tcp.o
    0x0800b08e   0x00000002   PAD
    0x0800b090   0x000000e8   Code   RO         1440    i.tcp_alloc         tcp.o
    0x0800b178   0x0000001c   Code   RO         1443    i.tcp_close         tcp.o
    0x0800b194   0x000001c8   Code   RO         1444    i.tcp_close_shutdown  tcp.o
    0x0800b35c   0x000000cc   Code   RO         1719    i.tcp_create_segment  tcp_out.o
    0x0800b428   0x0000002e   Code   RO         1447    i.tcp_eff_send_mss  tcp.o
    0x0800b456   0x00000002   PAD
    0x0800b458   0x0000016c   Code   RO         1720    i.tcp_enqueue_flags  tcp_out.o
    0x0800b5c4   0x00000080   Code   RO         1449    i.tcp_fasttmr       tcp.o
    0x0800b644   0x00000002   Code   RO         1450    i.tcp_init          tcp.o
    0x0800b646   0x00000002   PAD
    0x0800b648   0x00000530   Code   RO         1668    i.tcp_input         tcp_in.o
    0x0800bb78   0x00000068   Code   RO         1721    i.tcp_keepalive     tcp_out.o
    0x0800bbe0   0x00000058   Code   RO         1451    i.tcp_kill_prio     tcp.o
    0x0800bc38   0x00000040   Code   RO         1452    i.tcp_kill_timewait  tcp.o
    0x0800bc78   0x00000150   Code   RO         1669    i.tcp_listen_input  tcp_in.o
    0x0800bdc8   0x0000001c   Code   RO         1456    i.tcp_next_iss      tcp.o
    0x0800bde4   0x000001c0   Code   RO         1722    i.tcp_output        tcp_out.o
    0x0800bfa4   0x00000078   Code   RO         1723    i.tcp_output_alloc_header  tcp_out.o
    0x0800c01c   0x000000e8   Code   RO         1724    i.tcp_output_segment  tcp_out.o
    0x0800c104   0x000000d0   Code   RO         1670    i.tcp_parseopt      tcp_in.o
    0x0800c1d4   0x00000058   Code   RO         1457    i.tcp_pcb_purge     tcp.o
    0x0800c22c   0x00000090   Code   RO         1458    i.tcp_pcb_remove    tcp.o
    0x0800c2bc   0x000005b8   Code   RO         1671    i.tcp_process       tcp_in.o
    0x0800c874   0x00000094   Code   RO         1460    i.tcp_process_refused_data  tcp.o
    0x0800c908   0x00000678   Code   RO         1672    i.tcp_receive       tcp_in.o
    0x0800cf80   0x0000002e   Code   RO         1462    i.tcp_recv_null     tcp.o
    0x0800cfae   0x0000004a   Code   RO         1463    i.tcp_recved        tcp.o
    0x0800cff8   0x0000005a   Code   RO         1726    i.tcp_rexmit        tcp_out.o
    0x0800d052   0x00000078   Code   RO         1727    i.tcp_rexmit_fast   tcp_out.o
    0x0800d0ca   0x0000003a   Code   RO         1728    i.tcp_rexmit_rto    tcp_out.o
    0x0800d104   0x00000098   Code   RO         1729    i.tcp_rst           tcp_out.o
    0x0800d19c   0x0000001a   Code   RO         1464    i.tcp_seg_free      tcp.o
    0x0800d1b6   0x00000018   Code   RO         1465    i.tcp_segs_free     tcp.o
    0x0800d1ce   0x00000056   Code   RO         1730    i.tcp_send_empty_ack  tcp_out.o
    0x0800d224   0x0000004a   Code   RO         1731    i.tcp_send_fin      tcp_out.o
    0x0800d26e   0x00000002   PAD
    0x0800d270   0x00000360   Code   RO         1469    i.tcp_slowtmr       tcp.o
    0x0800d5d0   0x00000038   Code   RO         1823    i.tcp_timer_needed  timers.o
    0x0800d608   0x000000ac   Code   RO         1673    i.tcp_timewait_input  tcp_in.o
    0x0800d6b4   0x00000024   Code   RO         1470    i.tcp_tmr           tcp.o
    0x0800d6d8   0x0000004e   Code   RO         1471    i.tcp_update_rcv_ann_wnd  tcp.o
    0x0800d726   0x00000002   PAD
    0x0800d728   0x000000c8   Code   RO         1734    i.tcp_zero_window_probe  tcp_out.o
    0x0800d7f0   0x0000004c   Code   RO          663    i.tcpip_init        tcpip.o
    0x0800d83c   0x0000004c   Code   RO          664    i.tcpip_input       tcpip.o
    0x0800d888   0x00000038   Code   RO         1824    i.tcpip_tcp_timer   timers.o
    0x0800d8c0   0x000000e4   Code   RO          665    i.tcpip_thread      tcpip.o
    0x0800d9a4   0x00000008   Code   RO         6739    i.uart_print        usart4.o
    0x0800d9ac   0x00000098   Code   RO         1898    i.udp_bind          udp.o
    0x0800da44   0x00000002   Code   RO         1901    i.udp_init          udp.o
    0x0800da46   0x00000002   PAD
    0x0800da48   0x00000254   Code   RO         1902    i.udp_input         udp.o
    0x0800dc9c   0x00000058   Code   RO         1904    i.udp_new_port      udp.o
    0x0800dcf4   0x00000104   Code   RO         1909    i.udp_sendto_if     udp.o
    0x0800ddf8   0x00000028   Code   RO         4980    i.uxListRemove      list.o
    0x0800de20   0x0000001a   Code   RO         4981    i.vListInitialise   list.o
    0x0800de3a   0x00000006   Code   RO         4982    i.vListInitialiseItem  list.o
    0x0800de40   0x00000034   Code   RO         4983    i.vListInsert       list.o
    0x0800de74   0x0000001c   Code   RO         4984    i.vListInsertEnd    list.o
    0x0800de90   0x00000018   Code   RO         4819    i.vPortEnterCritical  port.o
    0x0800dea8   0x00000020   Code   RO         4820    i.vPortExitCritical  port.o
    0x0800dec8   0x0000002c   Code   RO         4882    i.vPortFree         heap_4.o
    0x0800def4   0x00000020   Code   RO         4821    i.vPortSetupTimerInterrupt  port.o
    0x0800df14   0x00000010   Code   RO         4822    i.vPortYieldFromISR  port.o
    0x0800df24   0x00000038   Code   RO         5184    i.vTaskDelay        tasks.o
    0x0800df5c   0x00000074   Code   RO         5185    i.vTaskDelete       tasks.o
    0x0800dfd0   0x00000124   Code   RO         5187    i.vTaskIncrementTick  tasks.o
    0x0800e0f4   0x0000000c   Code   RO         5189    i.vTaskMissedYield  tasks.o
    0x0800e100   0x0000003c   Code   RO         5190    i.vTaskPlaceOnEventList  tasks.o
    0x0800e13c   0x00000050   Code   RO         5191    i.vTaskPriorityDisinherit  tasks.o
    0x0800e18c   0x00000084   Code   RO         5192    i.vTaskPriorityInherit  tasks.o
    0x0800e210   0x00000024   Code   RO         5195    i.vTaskSetTimeOutState  tasks.o
    0x0800e234   0x00000054   Code   RO         5196    i.vTaskStartScheduler  tasks.o
    0x0800e288   0x00000010   Code   RO         5197    i.vTaskSuspendAll   tasks.o
    0x0800e298   0x00000080   Code   RO         5198    i.vTaskSwitchContext  tasks.o
    0x0800e318   0x00000036   Code   RO         5522    i.validate          ff.o
    0x0800e34e   0x00000002   PAD
    0x0800e350   0x00000034   Code   RO         4823    i.xPortStartScheduler  port.o
    0x0800e384   0x00000020   Code   RO         4824    i.xPortSysTickHandler  port.o
    0x0800e3a4   0x0000005c   Code   RO         5031    i.xQueueGenericCreate  queue.o
    0x0800e400   0x0000013a   Code   RO         5032    i.xQueueGenericReceive  queue.o
    0x0800e53a   0x00000076   Code   RO         5033    i.xQueueGenericReset  queue.o
    0x0800e5b0   0x000000ee   Code   RO         5034    i.xQueueGenericSend  queue.o
    0x0800e69e   0x00000080   Code   RO         5035    i.xQueueGenericSendFromISR  queue.o
    0x0800e71e   0x00000002   PAD
    0x0800e720   0x00000070   Code   RO         5199    i.xTaskCheckForTimeOut  tasks.o
    0x0800e790   0x00000164   Code   RO         5200    i.xTaskGenericCreate  tasks.o
    0x0800e8f4   0x0000000c   Code   RO         5201    i.xTaskGetCurrentTaskHandle  tasks.o
    0x0800e900   0x00000018   Code   RO         5202    i.xTaskGetTickCount  tasks.o
    0x0800e918   0x00000080   Code   RO         5204    i.xTaskRemoveFromEventList  tasks.o
    0x0800e998   0x000000ec   Code   RO         5205    i.xTaskResumeAll    tasks.o
    0x0800ea84   0x0000002c   Code   RO         6932    locale$$code        c_w.l(lc_ctype_c.o)
    0x0800eab0   0x0000002c   Code   RO         6935    locale$$code        c_w.l(lc_numeric_c.o)
    0x0800eadc   0x00000062   Code   RO         6864    x$fpl$d2f           fz_wm.l(d2f.o)
    0x0800eb3e   0x00000002   PAD
    0x0800eb40   0x00000010   Code   RO         7143    x$fpl$dcheck1       fz_wm.l(dcheck1.o)
    0x0800eb50   0x00000018   Code   RO         7086    x$fpl$dcmpinf       fz_wm.l(dcmpi.o)
    0x0800eb68   0x00000078   Code   RO         7061    x$fpl$deqf          fz_wm.l(deqf.o)
    0x0800ebe0   0x00000078   Code   RO         7088    x$fpl$dleqf         fz_wm.l(dleqf.o)
    0x0800ec58   0x00000154   Code   RO         7090    x$fpl$dmul          fz_wm.l(dmul.o)
    0x0800edac   0x0000009c   Code   RO         6895    x$fpl$dnaninf       fz_wm.l(dnaninf.o)
    0x0800ee48   0x0000000c   Code   RO         7132    x$fpl$dretinf       fz_wm.l(dretinf.o)
    0x0800ee54   0x0000006c   Code   RO         7063    x$fpl$drleqf        fz_wm.l(drleqf.o)
    0x0800eec0   0x0000000a   Code   RO         7028    x$fpl$fpinit        fz_wm.l(fpinit.o)
    0x0800eeca   0x0000000a   Code   RO         6897    x$fpl$fretinf       fz_wm.l(fretinf.o)
    0x0800eed4   0x00000064   Code   RO         7149    x$fpl$retnan        fz_wm.l(retnan.o)
    0x0800ef38   0x0000005c   Code   RO         7134    x$fpl$scalbn        fz_wm.l(scalbn.o)
    0x0800ef94   0x00000004   Code   RO         6937    x$fpl$scanf1        fz_wm.l(scanf1.o)
    0x0800ef98   0x00000008   Code   RO         7032    x$fpl$scanf2        fz_wm.l(scanf2.o)
    0x0800efa0   0x00000030   Code   RO         7167    x$fpl$trapveneer    fz_wm.l(trapv.o)
    0x0800efd0   0x00000000   Code   RO         6899    x$fpl$usenofp       fz_wm.l(usenofp.o)
    0x0800efd0   0x00000030   Data   RO         1094    .constdata          memp.o
    0x0800f000   0x00000030   Data   RO         1403    .constdata          stats.o
    0x0800f030   0x00000050   Data   RO         1472    .constdata          tcp.o
    0x0800f080   0x00000008   Data   RO         2114    .constdata          ip_addr.o
    0x0800f088   0x0000000c   Data   RO         2181    .constdata          etharp.o
    0x0800f094   0x00000080   Data   RO         5523    .constdata          ff.o
    0x0800f114   0x00000094   Data   RO         6999    .constdata          c_w.l(bigflt0.o)
    0x0800f1a8   0x00000088   Data   RO         1404    .conststring        stats.o
    0x0800f230   0x0000006d   Data   RO         1473    .conststring        tcp.o
    0x0800f29d   0x00000003   PAD
    0x0800f2a0   0x00000020   Data   RO         7169    Region$$Table       anon$$obj.o
    0x0800f2c0   0x00000008   Data   RO         7025    c$$dinf             fz_wm.l(fpconst.o)
    0x0800f2c8   0x00000110   Data   RO         6931    locale$$data        c_w.l(lc_ctype_c.o)
    0x0800f3d8   0x0000001c   Data   RO         6934    locale$$data        c_w.l(lc_numeric_c.o)


    Execution Region RW_IRAM1 (Base: 0x20000000, Size: 0x00010348, Max: 0x00030000, ABSOLUTE, COMPRESSED[0x00000034])

    Base Addr    Size         Type   Attr      Idx    E Section Name        Object

    0x20000000   0x00000014   Data   RW            7    .data               system_stm32f4xx.o
    0x20000014   0x0000000c   Data   RW          669    .data               tcpip.o
    0x20000020   0x00000004   Data   RW          824    .data               dhcp.o
    0x20000024   0x00000010   Data   RW         1052    .data               mem.o
    0x20000034   0x00000009   Data   RW         1148    .data               netif.o
    0x2000003d   0x00000003   PAD
    0x20000040   0x00000004   Data   RW         1353    .data               raw.o
    0x20000044   0x00000024   Data   RW         1474    .data               tcp.o
    0x20000068   0x00000020   Data   RW         1675    .data               tcp_in.o
    0x20000088   0x00000008   Data   RW         1825    .data               timers.o
    0x20000090   0x00000008   Data   RW         1910    .data               udp.o
    0x20000098   0x00000012   Data   RW         2075    .data               ip.o
    0x200000aa   0x00000001   Data   RW         2182    .data               etharp.o
    0x200000ab   0x00000001   PAD
    0x200000ac   0x0000000c   Data   RW         2265    .data               ethernetif.o
    0x200000b8   0x00000002   Data   RW         2340    .data               sys_arch.o
    0x200000ba   0x00000010   Data   RW         3221    .data               stm32f4xx_rcc.o
    0x200000ca   0x00000002   PAD
    0x200000cc   0x00000010   Data   RW         4377    .data               stm32f4x7_eth.o
    0x200000dc   0x00000004   Data   RW         4825    .data               port.o
    0x200000e0   0x00000010   Data   RW         4886    .data               heap_4.o
    0x200000f0   0x0000003c   Data   RW         5207    .data               tasks.o
    0x2000012c   0x00000006   Data   RW         5524    .data               ff.o
    0x20000132   0x00000002   PAD
    0x20000134   0x00000018   Data   RW         5818    .data               sdio_sd.o
    0x2000014c   0x00000008   Data   RW         6045    .data               stm32f4x7_eth_bsp.o
    0x20000154   0x00000001   Data   RW         6411    .data               sys_config.o
    0x20000155   0x00000003   PAD
    0x20000158   0x00000015   Data   RW         6448    .data               udp_server.o
    0x2000016d   0x00000003   PAD
    0x20000170   0x00002814   Zero   RW         1051    .bss                mem.o
    0x20002984   0x00002ae7   Zero   RW         1093    .bss                memp.o
    0x2000546b   0x00000001   PAD
    0x2000546c   0x00000174   Zero   RW         1402    .bss                stats.o
    0x200055e0   0x00000014   Zero   RW         1674    .bss                tcp_in.o
    0x200055f4   0x000000c8   Zero   RW         2180    .bss                etharp.o
    0x200056bc   0x000030ac   Zero   RW         4376    .bss                stm32f4x7_eth.o
    0x20008768   0x00003c00   Zero   RW         4885    .bss                heap_4.o
    0x2000c368   0x0000011e   Zero   RW         5206    .bss                tasks.o
    0x2000c486   0x00000002   PAD
    0x2000c488   0x000000cc   Zero   RW         5817    .bss                sdio_sd.o
    0x2000c554   0x000000bc   Zero   RW         6044    .bss                stm32f4x7_eth_bsp.o
    0x2000c610   0x00000038   Zero   RW         6193    .bss                netconf.o
    0x2000c648   0x00002efc   Zero   RW         6297    .bss                algbloc.o
    0x2000f544   0x00000458   Zero   RW         6410    .bss                sys_config.o
    0x2000f99c   0x00000104   Zero   RW         6604    .bss                usart1.o
    0x2000faa0   0x00000104   Zero   RW         6676    .bss                usart2.o
    0x2000fba4   0x00000144   Zero   RW         6741    .bss                usart4.o
    0x2000fce8   0x00000060   Zero   RW         6901    .bss                c_w.l(libspace.o)
    0x2000fd48   0x00000200   Zero   RW          150    HEAP                startup_stm32f4xx.o
    0x2000ff48   0x00000400   Zero   RW          149    STACK               startup_stm32f4xx.o


==============================================================================

Image component sizes


      Code (inc. data)   RO Data    RW Data    ZI Data      Debug   Object Name

       108         10          0          0      12028       5482   algbloc.o
         0          0          0          0          0      28603   api_lib.o
        62          0          0          0          0       2260   def.o
      2814         50          0          4          0      23280   dhcp.o
       362          0          0          0          0      11682   diskio.o
      2700         90         12          1        200      14172   etharp.o
       908         86          0         12          0      41966   ethernetif.o
        78          0          0          0          0        598   fattime.o
      4706         50        128          6          0      29045   ff.o
       428         44          0         16      15360       5455   heap_4.o
       690         18          0          0          0       3313   icmp.o
       200          0          0          0          0       2769   inet_chksum.o
        36          0          0          0          0      10189   init.o
      1024         48          0         18          0       7701   ip.o
        78          0          8          0          0       7330   ip_addr.o
       152          0          0          0          0       3434   list.o
       176         34          0          0          0       2183   main.o
      1180         98          0         16      10260       5501   mem.o
       372         42         48          0      10983       3646   memp.o
       140         24          0          0          0       1759   misc.o
         0          0          0          0          0       4856   netbuf.o
       140         30          0          0         56        865   netconf.o
       586         22          0          9          0      10271   netif.o
      1282          0          0          0          0       8193   pbuf.o
       346         52          0          4          0       5680   port.o
      1222          0          0          0          0       9749   queue.o
       116         14          0          4          0       1608   raw.o
      5034        298          0         24        204      25492   sdio_sd.o
        64         26        392          0       1536        824   startup_stm32f4xx.o
        64         14        184          0        372       3954   stats.o
      2510        218          0         16      12460      18277   stm32f4x7_eth.o
      1168         88          0          8        188       8127   stm32f4x7_eth_bsp.o
       586         40          0          0          0       5428   stm32f4xx_dma.o
       200         18          0          0          0       2400   stm32f4xx_exti.o
       376         20          0          0          0       3771   stm32f4xx_fmc.o
       240          0          0          0          0       3907   stm32f4xx_gpio.o
       156         10          0          0          0       4945   stm32f4xx_it.o
       452         58          0         16          0       7619   stm32f4xx_rcc.o
       178         16          0          0          0       3076   stm32f4xx_rtc.o
       370         80          0          0          0      11654   stm32f4xx_sdio.o
        76         10          0          0          0       1358   stm32f4xx_syscfg.o
       330          8          0          0          0       4462   stm32f4xx_usart.o
       576         22          0          2          0       8780   sys_arch.o
      2660        428          0          1       1112       4260   sys_config.o
      1252         60          0         20          0     355633   system_stm32f4xx.o
      2326        332          0         60        286      20435   tasks.o
      2766        146        189         36          0      25289   tcp.o
      5164        322          0         32         20      17051   tcp_in.o
      2252         40          0          0          0      11543   tcp_out.o
       380         48          0         12          0       8015   tcpip.o
       648         78          0          8          0       6707   timers.o
      1098         36          0          8          0      14000   udp.o
        12          6          0         21          0       6538   udp_server.o
       294         16          0          0        260      29694   usart1.o
       398         22          0          0        260       3335   usart2.o
       344         20          0          0        324       3367   usart4.o
       656          0          0          0          0       6171   utilities.o

    ----------------------------------------------------------------------
     52610       3192        996        368      65912     877702   Object Totals
         0          0         32          0          0          0   (incl. Generated)
        74          0          3         14          3          0   (incl. Padding)

    ----------------------------------------------------------------------

      Code (inc. data)   RO Data    RW Data    ZI Data      Debug   Library Member Name

        90          0          0          0          0          0   __dczerorl2.o
         8          0          0          0          0         68   __main.o
        14          0          0          0          0         68   __printf_wp.o
        52          8          0          0          0          0   __scatter.o
        28          0          0          0          0          0   __scatter_zi.o
        28          0          0          0          0         68   _chval.o
        22          0          0          0          0        100   _rserrno.o
        64          0          0          0          0         84   _sgetc.o
       158          0          0          0          0         92   _strtoul.o
        16          0          0          0          0         68   aeabi_memset.o
        26          0          0          0          0         80   atoi.o
       216          4        148          0          0         96   bigflt0.o
      1846        132          0          0          0        736   btod.o
        12          0          0          0          0         72   exit.o
         6          0          0          0          0        152   heapauxi.o
         0          0          0          0          0          0   indicate_semi.o
        18          0          0          0          0         76   isspace.o
        44         10        272          0          0         76   lc_ctype_c.o
        44         10         28          0          0         76   lc_numeric_c.o
         2          0          0          0          0          0   libinit.o
        34          0          0          0          0          0   libinit2.o
         2          0          0          0          0          0   libshutdown.o
         2          0          0          0          0          0   libshutdown2.o
         8          4          0          0         96         68   libspace.o
        38          0          0          0          0         68   llshl.o
        88          0          0          0          0         76   memcmp.o
        16          4          0          0          0         76   rt_ctype_table.o
         8          4          0          0          0         68   rt_errno_addr_intlibspace.o
         8          4          0          0          0         68   rt_locale_intlibspace.o
        68          0          0          0          0         68   rt_memclr.o
        78          0          0          0          0         80   rt_memclr_w.o
       138          0          0          0          0         68   rt_memcpy_v6.o
       100          0          0          0          0         80   rt_memcpy_w.o
         0          0          0          0          0          0   rtentry.o
        12          0          0          0          0          0   rtentry2.o
         6          0          0          0          0          0   rtentry4.o
         2          0          0          0          0          0   rtexit.o
        10          0          0          0          0          0   rtexit2.o
      1188         12          0          0          0        148   scanf_fp.o
       792         14          0          0          0        100   scanf_hexfp.o
       308         16          0          0          0        100   scanf_infnan.o
       128          0          0          0          0         68   strcmpv7m.o
        72          0          0          0          0         80   strcpy.o
        62          0          0          0          0         76   strlen.o
       150          0          0          0          0         80   strncmp.o
        86          0          0          0          0         76   strncpy.o
       160         12          0          0          0        120   strtod.o
       112          0          0          0          0         88   strtol.o
        12          4          0          0          0         68   sys_exit.o
        74          0          0          0          0         80   sys_stackheap_outer.o
         2          0          0          0          0         68   use_no_semi.o
        98          4          0          0          0        140   d2f.o
        16          4          0          0          0        116   dcheck1.o
        24          0          0          0          0        116   dcmpi.o
       120          4          0          0          0        140   deqf.o
       120          4          0          0          0        140   dleqf.o
       340         12          0          0          0        152   dmul.o
       156          4          0          0          0        140   dnaninf.o
        12          0          0          0          0        116   dretinf.o
       108          0          0          0          0        128   drleqf.o
         0          0          8          0          0          0   fpconst.o
        10          0          0          0          0        116   fpinit.o
        10          0          0          0          0        116   fretinf.o
       100          0          0          0          0        116   retnan.o
        92          0          0          0          0        116   scalbn.o
         4          0          0          0          0        116   scanf1.o
         8          0          0          0          0        132   scanf2.o
        48          0          0          0          0        116   trapv.o
         0          0          0          0          0          0   usenofp.o
        56         12          0          0          0        132   atof.o
        32          8          0          0          0        124   dunder.o
       140         22          0          0          0        132   frexp.o
       244         16          0          0          0        308   ldexp.o
       184         18          0          0          0        152   narrow.o

    ----------------------------------------------------------------------
      8390        346        456          0         96       6648   Library Totals
        10          0          0          0          0          0   (incl. Padding)

    ----------------------------------------------------------------------

      Code (inc. data)   RO Data    RW Data    ZI Data      Debug   Library Name

      6458        238        448          0         96       3784   c_w.l
      1266         32          8          0          0       2016   fz_wm.l
       656         76          0          0          0        848   m_wm.l

    ----------------------------------------------------------------------
      8390        346        456          0         96       6648   Library Totals

    ----------------------------------------------------------------------

==============================================================================


      Code (inc. data)   RO Data    RW Data    ZI Data      Debug   

     61000       3538       1452        368      66008     841518   Grand Totals
     61000       3538       1452         52      66008     841518   ELF Image Totals (compressed)
     61000       3538       1452         52          0          0   ROM Totals

==============================================================================

    Total RO  Size (Code + RO Data)                62452 (  60.99kB)
    Total RW  Size (RW Data + ZI Data)             66376 (  64.82kB)
    Total ROM Size (Code + RO Data + RW Data)      62504 (  61.04kB)

==============================================================================

