<html>
<body>
<pre>
<h1>µVision Build Log</h1>
<h2>Project:</h2>
C:\Users\Admin\Desktop\ASU-TP-raden\STM32F429\MDK-project\project-PLC.uvproj
Project File Date:  12/28/2016

<h2>Output:</h2>
Build target 'PLC'
compiling sys_config.c...
linking...
Program Size: Code=54032 RO-data=1172 RW-data=356 ZI-data=111108  
FromELF: creating hex file...
"..\Out\project-PLC.axf" - 0 Error(s), 0 Warning(s).
Load "..\\Out\\project-PLC.axf" 
* JLink Info: Device "CORTEX-M4" selected (0 KB flash, 0 KB RAM).
Set JLink Project File to "C:\Users\Admin\Desktop\ASU-TP-raden\STM32F429\MDK-project\JLinkSettings.ini"
* JLink Info: Device "CORTEX-M4" selected (0 KB flash, 0 KB RAM).
 
JLink info:
------------
DLL: V4.80g, compiled Feb 13 2014 20:50:02
Firmware: J-Link ARM V8 compiled Nov 28 2014 13:44:46
Hardware: V8.00
S/N : 58001706 
Feature(s) : RDI, FlashBP, FlashDL, JFlash, GDB 
 
* JLink Info: TotalIRLen = 9, IRPrint = 0x0011
* JLink Info: Found Cortex-M4 r0p1, Little endian.
* JLink Info: FPUnit: 6 code (BP) slots and 2 literal slots
* JLink Info: TPIU fitted.
* JLink Info: ETM fitted.
ROMTableAddr = 0xE00FF003
 
Target info:
------------
Device: STM32F429IITx
VTarget = 3.222V
State of Pins: 
TCK: 1, TDI: 0, TDO: 0, TMS: 0, TRES: 1, TRST: 1
Hardware-Breakpoints: 6
Software-Breakpoints: 8192
Watchpoints:          4
JTAG speed: 2000 kHz
 
Erase Done.
Programming Done.
Verify OK.
Application running ...
ts: 8192
Watchpoints:          4
JTAG speed: 2000 kHz
 
Erase Done.
Programming Done.
Verify OK.
Application running ...
e to "C:\Users\Admin\Desktop\ASU-TP-raden\STM32F429\MDK-project\JLinkSettings.ini"
* JLink Info: Device "CORTEX-M4" selected (0 KB flash, 0 KB RAM).
 
JLink info:
------------
DLL: V4.80g, compiled Feb 13 2014 20:50:02
Firmware: J-Link ARM V8 compiled Nov 28 2014 13:44:46
Hardware: V8.00
S/N : 58001706 
Feature(s) : RDI, FlashBP, FlashDL, JFlash, GDB 
 
* JLink Info: TotalIRLen = 9, IRPrint = 0x0011
* JLink Info: Found Cortex-M4 r0p1, Little endian.
* JLink Info: FPUnit: 6 code (BP) slots and 2 literal slots
* JLink Info: TPIU fitted.
* JLink Info: ETM fitted.
ROMTableAddr = 0xE00FF003
 
Target info:
------------
Device: STM32F429IITx
VTarget = 3.222V
State of Pins: 
TCK: 1, TDI: 0, TDO: 0, TMS: 0, TRES: 1, TRST: 1
Hardware-Breakpoints: 6
Software-Breakpoints: 8192
Watchpoints:          4
JTAG speed: 2000 kHz
 
Erase Done.
Programming Done.
Verify OK.
Application running ...
.c(2509): warning:  #223-D: function "vTaskDelay" declared implicitly
      _eth_delay_(ETH_REG_WRITE_DELAY);
..\Libraries\STM32F4x7_ETH_Driver\src\stm32f4x7_eth.c(2541): warning:  #223-D: function "vTaskDelay" declared implicitly
    _eth_delay_(ETH_REG_WRITE_DELAY);
..\Libraries\STM32F4x7_ETH_Driver\src\stm32f4x7_eth.c(2596): warning:  #223-D: function "vTaskDelay" declared implicitly
    _eth_delay_(ETH_REG_WRITE_DELAY);
..\Libraries\STM32F4x7_ETH_Driver\src\stm32f4x7_eth.c(2626): warning:  #223-D: function "vTaskDelay" declared implicitly
    _eth_delay_(ETH_REG_WRITE_DELAY);
..\Libraries\STM32F4x7_ETH_Driver\src\stm32f4x7_eth.c(2657): warning:  #223-D: function "vTaskDelay" declared implicitly
    _eth_delay_(ETH_REG_WRITE_DELAY);
..\Libraries\STM32F4x7_ETH_Driver\src\stm32f4x7_eth.c: 18 warnings, 0 errors
compiling main.c...
..\main.c(95): warning:  #550-D: variable "str" was set but never used
         signed char str[17];
..\main.c: 1 warning, 0 errors
compiling stm32f4x7_eth_bsp.c...
..\src\stm32f4x7_eth_bsp.c(431): warning:  #177-D: variable "iptab" was declared but never referenced
    uint8_t iptab[4] = {0};
..\src\stm32f4x7_eth_bsp.c(432): warning:  #177-D: variable "iptxt" was declared but never referenced
    uint8_t iptxt[20];
..\src\stm32f4x7_eth_bsp.c: 2 warnings, 0 errors
compiling stm32f4xx_it.c...
linking...
Program Size: Code=53848 RO-data=1172 RW-data=352 ZI-data=111104  
FromELF: creating hex file...
"..\Out\project-PLC.axf" - 0 Error(s), 21 Warning(s).
Load "..\\Out\\project-PLC.axf" 
* JLink Info: Device "CORTEX-M4" selected (0 KB flash, 0 KB RAM).
Set JLink Project File to "C:\Users\Admin\Desktop\ASU-TP-raden\STM32F429\MDK-project\JLinkSettings.ini"
* JLink Info: Device "CORTEX-M4" selected (0 KB flash, 0 KB RAM).
 
JLink info:
------------
DLL: V4.80g, compiled Feb 13 2014 20:50:02
Firmware: J-Link ARM V8 compiled Nov 28 2014 13:44:46
Hardware: V8.00
S/N : 58001706 
Feature(s) : RDI, FlashBP, FlashDL, JFlash, GDB 
 
* JLink Info: TotalIRLen = 9, IRPrint = 0x0011
* JLink Info: Found Cortex-M4 r0p1, Little endian.
* JLink Info: FPUnit: 6 code (BP) slots and 2 literal slots
* JLink Info: TPIU fitted.
* JLink Info: ETM fitted.
ROMTableAddr = 0xE00FF003
 
Target info:
------------
Device: STM32F429IITx
VTarget = 3.222V
State of Pins: 
TCK: 1, TDI: 0, TDO: 0, TMS: 0, TRES: 1, TRST: 1
Hardware-Breakpoints: 6
Software-Breakpoints: 8192
Watchpoints:          4
JTAG speed: 2000 kHz
 
Erase Done.
Programming Done.
Verify OK.
Application running ...
 errors
compiling usart2.c...
..\src\Usart\usart2.c(45): warning:  #177-D: variable "n" was declared but never referenced
        uint32_t i=0,n=0,count_mc=0;
..\src\Usart\usart2.c(237): warning:  #550-D: variable "dma_nvic" was set but never used
         NVIC_InitTypeDef dma_nvic;
..\src\Usart\usart2.c: 2 warnings, 0 errors
compiling usart4.c...
..\src\Usart\usart4.c(58): warning:  #223-D: function "get_mc_DO_byte_from_buf" declared implicitly
                                        bf[5]=get_mc_DO_byte_from_buf(RS485_ucntrl_n4.point_write_value[count_mc]);
..\src\Usart\usart4.c(63): warning:  #223-D: function "get_mc_AO_byte_from_buf" declared implicitly
                                                ao_v = get_mc_AO_byte_from_buf(RS485_ucntrl_n4.point_write_value[count_mc]);
..\src\Usart\usart4.c: 2 warnings, 0 errors
compiling stm32f4xx_it.c...
linking...
Program Size: Code=23248 RO-data=768 RW-data=156 ZI-data=76572  
FromELF: creating hex file...
"..\Out\project-PLC.axf" - 0 Error(s), 34 Warning(s).
Load "..\\Out\\project-PLC.axf" 
* JLink Info: Device "CORTEX-M4" selected (0 KB flash, 0 KB RAM).
Set JLink Project File to "C:\Users\Admin\Desktop\ASU-TP-raden\STM32F429\MDK-project\JLinkSettings.ini"
* JLink Info: Device "CORTEX-M4" selected (0 KB flash, 0 KB RAM).
 
JLink info:
------------
DLL: V4.80g, compiled Feb 13 2014 20:50:02
Firmware: J-Link ARM V8 compiled Nov 28 2014 13:44:46
Hardware: V8.00
S/N : 58001706 
Feature(s) : RDI, FlashBP, FlashDL, JFlash, GDB 
 
* JLink Info: TotalIRLen = 9, IRPrint = 0x0011
* JLink Info: Found Cortex-M4 r0p1, Little endian.
* JLink Info: FPUnit: 6 code (BP) slots and 2 literal slots
* JLink Info: TPIU fitted.
* JLink Info: ETM fitted.
ROMTableAddr = 0xE00FF003
 
Target info:
------------
Device: STM32F429IITx
VTarget = 3.222V
State of Pins: 
TCK: 1, TDI: 0, TDO: 0, TMS: 0, TRES: 1, TRST: 1
Hardware-Breakpoints: 6
Software-Breakpoints: 8192
Watchpoints:          4
JTAG speed: 2000 kHz
 
Erase Done.
Programming Done.
Verify OK.
Application running ...
 portCLEAR_INTERRUPT_MASK_FROM_ISR( uxSavedInterruptStatus );
..\Utilities\FreeRTOSV7.3.0\queue.c(971): error:  #18: expected a ")"
        configASSERT( pxQueue );
..\Utilities\FreeRTOSV7.3.0\queue.c(972): error:  #18: expected a ")"
        configASSERT( !( ( pvBuffer == NULL ) && ( pxQueue->uxItemSize != ( unsigned portBASE_TYPE ) 0U ) ) );
..\Utilities\FreeRTOSV7.3.0\queue.c(1119): error:  #18: expected a ")"
        configASSERT( pxQueue );
..\Utilities\FreeRTOSV7.3.0\queue.c(1120): error:  #18: expected a ")"
        configASSERT( !( ( pvBuffer == NULL ) && ( pxQueue->uxItemSize != ( unsigned portBASE_TYPE ) 0U ) ) );
..\Utilities\FreeRTOSV7.3.0\queue.c(1122): error:  #18: expected a ")"
        uxSavedInterruptStatus = portSET_INTERRUPT_MASK_FROM_ISR();
..\Utilities\FreeRTOSV7.3.0\queue.c(1165): error:  #18: expected a ")"
        portCLEAR_INTERRUPT_MASK_FROM_ISR( uxSavedInterruptStatus );
..\Utilities\FreeRTOSV7.3.0\queue.c(1175): error:  #18: expected a ")"
        configASSERT( pxQueue );
..\Utilities\FreeRTOSV7.3.0\queue.c(1189): error:  #18: expected a ")"
        configASSERT( pxQueue );
..\Utilities\FreeRTOSV7.3.0\queue.c(1199): error:  #18: expected a ")"
        configASSERT( pxQueue );
..\Utilities\FreeRTOSV7.3.0\queue.c(1370): error:  #18: expected a ")"
        configASSERT( pxQueue );
..\Utilities\FreeRTOSV7.3.0\queue.c(1393): error:  #18: expected a ")"
        configASSERT( pxQueue );
..\Utilities\FreeRTOSV7.3.0\queue.c: 0 warnings, 23 errors
compiling heap_4.c...
..\Utilities\FreeRTOSV7.3.0\portable\MemMang\heap_4.c(281): error:  #18: expected a ")"
        configASSERT( ( ( ( unsigned long ) xHeap.ucHeap ) & ( ( unsigned long ) portBYTE_ALIGNMENT_MASK ) ) == 0UL );
..\Utilities\FreeRTOSV7.3.0\portable\MemMang\heap_4.c(293): error:  #18: expected a ")"
        configASSERT( ( ( ( unsigned long ) pxEnd ) & ( ( unsigned long ) portBYTE_ALIGNMENT_MASK ) ) == 0UL );
..\Utilities\FreeRTOSV7.3.0\portable\MemMang\heap_4.c: 0 warnings, 2 errors
compiling main.c...
..\main.c(60): warning:  #177-D: variable "w1" was declared but never referenced
        uint8_t w1[20];
..\main.c(61): warning:  #177-D: variable "w2" was declared but never referenced
        uint8_t w2[20] = "0.11111111";
..\main.c(62): warning:  #177-D: variable "w3" was declared but never referenced
        uint8_t w3[20] = "0.11111111";
..\main.c(64): warning:  #177-D: variable "num_f" was declared but never referenced
        uint16_t num_f;
..\main.c(95): warning:  #177-D: variable "Ptr8" was declared but never referenced
        volatile uint8_t * Ptr8;
..\main.c(96): warning:  #177-D: variable "Ptr16" was declared but never referenced
        volatile uint16_t * Ptr16;
..\main.c(97): warning:  #177-D: variable "i" was declared but never referenced
        int i;
..\main.c(139): warning:  #550-D: variable "str" was set but never used
         signed char str[17];
..\main.c: 8 warnings, 0 errors
compiling stm32f4x7_eth_bsp.c...
..\src\stm32f4x7_eth_bsp.c(431): warning:  #177-D: variable "iptab" was declared but never referenced
    uint8_t iptab[4] = {0};
..\src\stm32f4x7_eth_bsp.c(432): warning:  #177-D: variable "iptxt" was declared but never referenced
    uint8_t iptxt[20];
..\src\stm32f4x7_eth_bsp.c: 2 warnings, 0 errors
compiling netconf.c...
..\src\netconf.c(62): warning:  #177-D: variable "iptab" was declared but never referenced
    uint8_t iptab[4] = {0};
..\src\netconf.c(63): warning:  #177-D: variable "iptxt" was declared but never referenced
    uint8_t iptxt[20];
..\src\netconf.c: 2 warnings, 0 errors
compiling utilities.c...
..\src\utilities.c(103): warning:  #177-D: variable "sign" was declared but never referenced
       uint32_t i, j, sign;
..\src\utilities.c(124): warning:  #144-D: a value of type "char *" cannot be used to initialize an entity of type "uint8_t *"
        uint8_t *a = w1, *b = w2,*c = w3; 
..\src\utilities.c(124): warning:  #144-D: a value of type "char *" cannot be used to initialize an entity of type "uint8_t *"
        uint8_t *a = w1, *b = w2,*c = w3; 
..\src\utilities.c(124): warning:  #144-D: a value of type "char *" cannot be used to initialize an entity of type "uint8_t *"
        uint8_t *a = w1, *b = w2,*c = w3; 
..\src\utilities.c(179): warning:  #550-D: variable "p" was set but never used
    volatile char *p;
..\src\utilities.c(238): warning:  #940-D: missing return statement at end of non-void function "read_mac_addr"
  }
..\src\utilities.c(21): warning:  #177-D: variable "cb64" was declared but never referenced
  char cb64[]="ABCDEFGHIJKLMNOPQRSTUVWXYZabcdefghijklmnopqrstuvwxyz0123456789+/";
..\src\utilities.c(24): warning:  #177-D: variable "MIME_TYPE_ARRAY" was declared but never referenced
  MIME_TYPE MIME_TYPE_ARRAY[]  = 
..\src\utilities.c: 8 warnings, 0 errors
compiling algbloc.c...
..\src\algbloc.c(119): warning:  #815-D: type qualifier on return type is meaningless
        volatile static uint32_t (*program)(ALG_global_value_type*, uint32_t);
..\src\algbloc.c(139): warning:  #513-D: a value of type "int (*)(int, char **)" cannot be assigned to an entity of type "volatile uint32_t (*)(ALG_global_value_type *, uint32_t)"
        program = (int(*)(int, char **))0x60000001;
..\src\algbloc.c(673): warning:  #1-D: last line of file ends without a newline
  }
..\src\algbloc.c: 3 warnings, 0 errors
compiling udp_server.c...
..\src\udp_server.c(108): warning:  #167-D: argument of type "uint8_t **" is incompatible with parameter of type "void **"
                                                        netbuf_data(buf, &buffer_data, &len);
..\src\udp_server.c(128): warning:  #111-D: statement is unreachable
                        udp_remove(upcb_send);
..\src\udp_server.c(55): warning:  #177-D: variable "n" was declared but never referenced
        uint8_t i,n,ip_ex;
..\src\udp_server.c(142): warning:  #177-D: variable "err" was declared but never referenced
    err_t       err;
..\src\udp_server.c(144): warning:  #177-D: variable "ip" was declared but never referenced
        struct ip_addr  ip;
..\src\udp_server.c: 5 warnings, 0 errors
compiling usart1.c...
..\src\Usart\usart1.c(46): warning:  #177-D: variable "n" was declared but never referenced
        uint32_t i=0,n=0,count_mc=0;
..\src\Usart\usart1.c(225): warning:  #550-D: variable "dma_nvic" was set but never used
         NVIC_InitTypeDef dma_nvic;
..\src\Usart\usart1.c: 2 warnings, 0 errors
compiling usart2.c...
..\src\Usart\usart2.c(45): warning:  #177-D: variable "n" was declared but never referenced
        uint32_t i=0,n=0,count_mc=0;
..\src\Usart\usart2.c(237): warning:  #550-D: variable "dma_nvic" was set but never used
         NVIC_InitTypeDef dma_nvic;
..\src\Usart\usart2.c: 2 warnings, 0 errors
compiling usart4.c...
..\src\Usart\usart4.c(58): warning:  #223-D: function "get_mc_DO_byte_from_buf" declared implicitly
                                        bf[5]=get_mc_DO_byte_from_buf(RS485_ucntrl_n4.point_write_value[count_mc]);
..\src\Usart\usart4.c(63): warning:  #223-D: function "get_mc_AO_byte_from_buf" declared implicitly
                                                ao_v = get_mc_AO_byte_from_buf(RS485_ucntrl_n4.point_write_value[count_mc]);
..\src\Usart\usart4.c: 2 warnings, 0 errors
compiling stm32f4xx_it.c...
"..\Out\project-PLC.axf" - 55 Error(s), 39 Warning(s).
Target not created
c\sys_config.c(375): warning:  #167-D: argument of type "uint8_t *" is incompatible with parameter of type "const char *"
                if  (strncmp(w1,"do16",strlen("do16"))==0)
..\src\sys_config.c(378): warning:  #167-D: argument of type "uint8_t *" is incompatible with parameter of type "const char *"
                        rc_cnf->rs485_3.addr[i]=atoi(w2);
..\src\sys_config.c(379): warning:  #167-D: argument of type "uint8_t *" is incompatible with parameter of type "const char *"
                        rc_cnf->rs485_3.valpoint[i]=atoi(w3);
..\src\sys_config.c(388): warning:  #167-D: argument of type "uint8_t *" is incompatible with parameter of type "char *restrict"
        strcpy(w1,"0:/rs485_4.cnf");
..\src\sys_config.c(389): warning:  #167-D: argument of type "uint8_t *" is incompatible with parameter of type "const TCHAR *"
        ferr = f_open(&filecnf,w1,  FA_READ);
..\src\sys_config.c(398): warning:  #167-D: argument of type "uint8_t *" is incompatible with parameter of type "TCHAR *"
          if (f_gets(str, sizeof(str), &filecnf)==0)
..\src\sys_config.c(408): warning:  #167-D: argument of type "uint8_t *" is incompatible with parameter of type "char *"
                read_cmd(str,w1,w2,w3);
..\src\sys_config.c(408): warning:  #167-D: argument of type "uint8_t *" is incompatible with parameter of type "char *"
                read_cmd(str,w1,w2,w3);
..\src\sys_config.c(408): warning:  #167-D: argument of type "uint8_t *" is incompatible with parameter of type "char *"
                read_cmd(str,w1,w2,w3);
..\src\sys_config.c(408): warning:  #167-D: argument of type "uint8_t *" is incompatible with parameter of type "char *"
                read_cmd(str,w1,w2,w3);
..\src\sys_config.c(409): warning:  #167-D: argument of type "uint8_t *" is incompatible with parameter of type "const char *"
                if  (strncmp(w1,"ad16",strlen("ad16"))==0)
..\src\sys_config.c(412): warning:  #167-D: argument of type "uint8_t *" is incompatible with parameter of type "const char *"
                        rc_cnf->rs485_4.addr[i]=atoi(w2);
..\src\sys_config.c(413): warning:  #167-D: argument of type "uint8_t *" is incompatible with parameter of type "const char *"
                        rc_cnf->rs485_4.valpoint[i]=atoi(w3);
..\src\sys_config.c(417): warning:  #167-D: argument of type "uint8_t *" is incompatible with parameter of type "const char *"
                if  (strncmp(w1,"ai200",strlen("ai200"))==0)
..\src\sys_config.c(420): warning:  #167-D: argument of type "uint8_t *" is incompatible with parameter of type "const char *"
                        rc_cnf->rs485_4.addr[i]=atoi(w2);
..\src\sys_config.c(421): warning:  #167-D: argument of type "uint8_t *" is incompatible with parameter of type "const char *"
                        rc_cnf->rs485_4.valpoint[i]=atoi(w3);
..\src\sys_config.c(425): warning:  #167-D: argument of type "uint8_t *" is incompatible with parameter of type "const char *"
                if  (strncmp(w1,"dd16",strlen("dd16"))==0)
..\src\sys_config.c(428): warning:  #167-D: argument of type "uint8_t *" is incompatible with parameter of type "const char *"
                        rc_cnf->rs485_4.addr[i]=atoi(w2);
..\src\sys_config.c(429): warning:  #167-D: argument of type "uint8_t *" is incompatible with parameter of type "const char *"
                        rc_cnf->rs485_4.valpoint[i]=atoi(w3);
..\src\sys_config.c(433): warning:  #167-D: argument of type "uint8_t *" is incompatible with parameter of type "const char *"
                if  (strncmp(w1,"do16",strlen("do16"))==0)
..\src\sys_config.c(436): warning:  #167-D: argument of type "uint8_t *" is incompatible with parameter of type "const char *"
                        rc_cnf->rs485_4.addr[i]=atoi(w2);
..\src\sys_config.c(437): warning:  #167-D: argument of type "uint8_t *" is incompatible with parameter of type "const char *"
                        rc_cnf->rs485_4.valpoint[i]=atoi(w3);
..\src\sys_config.c(446): warning:  #167-D: argument of type "uint8_t *" is incompatible with parameter of type "char *restrict"
        strcpy(w1,"0:/adc_i2f.cnf");
..\src\sys_config.c(447): warning:  #167-D: argument of type "uint8_t *" is incompatible with parameter of type "const TCHAR *"
        ferr = f_open(&filecnf,w1,  FA_READ);
..\src\sys_config.c(454): warning:  #167-D: argument of type "uint8_t *" is incompatible with parameter of type "TCHAR *"
          if (f_gets(str, sizeof(str), &filecnf)==0)
..\src\sys_config.c(465): warning:  #167-D: argument of type "uint8_t *" is incompatible with parameter of type "char *"
                read_cmd(str,w1,w2,w3);
..\src\sys_config.c(465): warning:  #167-D: argument of type "uint8_t *" is incompatible with parameter of type "char *"
                read_cmd(str,w1,w2,w3);
..\src\sys_config.c(465): warning:  #167-D: argument of type "uint8_t *" is incompatible with parameter of type "char *"
                read_cmd(str,w1,w2,w3);
..\src\sys_config.c(465): warning:  #167-D: argument of type "uint8_t *" is incompatible with parameter of type "char *"
                read_cmd(str,w1,w2,w3);
..\src\sys_config.c(466): warning:  #167-D: argument of type "uint8_t *" is incompatible with parameter of type "char *"
                read_cnf_adc_str2float(w1,w2,w3);
..\src\sys_config.c(466): warning:  #167-D: argument of type "uint8_t *" is incompatible with parameter of type "char *"
                read_cnf_adc_str2float(w1,w2,w3);
..\src\sys_config.c(466): warning:  #167-D: argument of type "uint8_t *" is incompatible with parameter of type "char *"
                read_cnf_adc_str2float(w1,w2,w3);
..\src\sys_config.c: 111 warnings, 0 errors
linking...
Program Size: Code=54092 RO-data=1172 RW-data=348 ZI-data=71596  
FromELF: creating hex file...
"..\Out\project-PLC.axf" - 0 Error(s), 111 Warning(s).
Load "..\\Out\\project-PLC.axf" 
* JLink Info: Device "CORTEX-M4" selected (0 KB flash, 0 KB RAM).
Set JLink Project File to "C:\Users\Admin\Desktop\ASU-TP-raden\STM32F429\MDK-project\JLinkSettings.ini"
* JLink Info: Device "CORTEX-M4" selected (0 KB flash, 0 KB RAM).
 
JLink info:
------------
DLL: V4.80g, compiled Feb 13 2014 20:50:02
Firmware: J-Link ARM V8 compiled Nov 28 2014 13:44:46
Hardware: V8.00
S/N : 58001706 
Feature(s) : RDI, FlashBP, FlashDL, JFlash, GDB 
 
* JLink Info: TotalIRLen = 9, IRPrint = 0x0011
* JLink Info: Found Cortex-M4 r0p1, Little endian.
* JLink Info: FPUnit: 6 code (BP) slots and 2 literal slots
* JLink Info: TPIU fitted.
* JLink Info: ETM fitted.
ROMTableAddr = 0xE00FF003
 
Target info:
------------
Device: STM32F429IITx
VTarget = 3.222V
State of Pins: 
TCK: 1, TDI: 0, TDO: 0, TMS: 0, TRES: 1, TRST: 1
Hardware-Breakpoints: 6
Software-Breakpoints: 8192
Watchpoints:          4
JTAG speed: 2000 kHz
 
Erase Done.
Programming Done.
Verify OK.
.
* JLink Info: ETM fitted.
ROMTableAddr = 0xE00FF003
 
Target info:
------------
Device: STM32F429IITx
VTarget = 3.222V
State of Pins: 
TCK: 1, TDI: 0, TDO: 0, TMS: 0, TRES: 1, TRST: 1
Hardware-Breakpoints: 6
Software-Breakpoints: 8192
Watchpoints:          4
JTAG speed: 2000 kHz
 
Erase Done.
Programming Done.
Verify OK.
