<html>
<body>
<pre>
<h1>µVision Build Log</h1>
<h2>Project:</h2>
C:\Users\Admin\Desktop\ASU-TP-raden\STM32F429\MDK-project\project-PLC.uvproj
Project File Date:  01/16/2017

<h2>Output:</h2>
Build target 'PLC'
compiling usart1.c...
..\src\Usart\usart1.c(47): warning:  #177-D: variable "n" was declared but never referenced
        uint32_t i=0,n=0,count_mc=0;
..\src\Usart\usart1.c(250): warning:  #550-D: variable "dma_nvic" was set but never used
         NVIC_InitTypeDef dma_nvic;
..\src\Usart\usart1.c: 2 warnings, 0 errors
linking...
Program Size: Code=87728 RO-data=1240 RW-data=464 ZI-data=113448  
FromELF: creating hex file...
"..\Out\project-PLC.axf" - 0 Error(s), 2 Warning(s).
Load "..\\Out\\project-PLC.axf" 
* JLink Info: Device "CORTEX-M4" selected (0 KB flash, 0 KB RAM).
Set JLink Project File to "C:\Users\Admin\Desktop\ASU-TP-raden\STM32F429\MDK-project\JLinkSettings.ini"
* JLink Info: Device "CORTEX-M4" selected (0 KB flash, 0 KB RAM).
 
JLink info:
------------
DLL: V4.80g, compiled Feb 13 2014 20:50:02
Firmware: J-Link ARM V8 compiled Nov 28 2014 13:44:46
Hardware: V8.00
S/N : 58001706 
Feature(s) : RDI, FlashBP, FlashDL, JFlash, GDB 
 
* JLink Info: Found SWD-DP with ID 0x2BA01477
* JLink Info: Found Cortex-M4 r0p1, Little endian.
* JLink Info: FPUnit: 6 code (BP) slots and 2 literal slots
* JLink Info: TPIU fitted.
* JLink Info: ETM fitted.
ROMTableAddr = 0xE00FF003
 
Target info:
------------
Device: STM32F429IITx
VTarget = 3.228V
State of Pins: 
TCK: 0, TDI: 1, TDO: 0, TMS: 1, TRES: 1, TRST: 1
Hardware-Breakpoints: 6
Software-Breakpoints: 8192
Watchpoints:          4
JTAG speed: 4000 kHz
 
Erase Done.
Programming Done.
Verify OK.
Application running ...
</pre>
</body>
</html>
nfo:
------------
Device: STM32F429IITx
VTarget = 3.222V
State of Pins: 
TCK: 0, TDI: 1, TDO: 0, TMS: 1, TRES: 1, TRST: 1
Hardware-Breakpoints: 6
Software-Breakpoints: 8192
Watchpoints:          4
JTAG speed: 4000 kHz
 
Erase Done.
Programming Done.
Verify OK.
Application running ...
4xx_it.c: 3 warnings, 0 errors
compiling sys_config.c...
compiling algbloc.c...
..\src\algbloc.c(122): warning:  #815-D: type qualifier on return type is meaningless
        volatile static uint32_t (*program)(ALG_global_value_type*, uint32_t);
..\src\algbloc.c(142): warning:  #513-D: a value of type "int (*)(int, char **)" cannot be assigned to an entity of type "volatile uint32_t (*)(ALG_global_value_type *, uint32_t)"
        program = (int(*)(int, char **))MEMORY_POINT_ALGBLOCK;
..\src\algbloc.c(122): warning:  #550-D: variable "program" was set but never used
        volatile static uint32_t (*program)(ALG_global_value_type*, uint32_t);
..\src\algbloc.c: 3 warnings, 0 errors
compiling usart1.c...
..\src\Usart\usart1.c(47): warning:  #177-D: variable "n" was declared but never referenced
        uint32_t i=0,n=0,count_mc=0;
..\src\Usart\usart1.c(238): error:  #268: declaration may not appear after executable statement in block
         DMA_InitTypeDef dma;
..\src\Usart\usart1.c(239): error:  #268: declaration may not appear after executable statement in block
         NVIC_InitTypeDef dma_nvic;
..\src\Usart\usart1.c(239): warning:  #550-D: variable "dma_nvic" was set but never used
         NVIC_InitTypeDef dma_nvic;
..\src\Usart\usart1.c: 2 warnings, 2 errors
compiling usart2.c...
..\src\Usart\usart2.c(45): warning:  #177-D: variable "n" was declared but never referenced
        uint32_t i=0,n=0,count_mc=0;
..\src\Usart\usart2.c(249): warning:  #550-D: variable "dma_nvic" was set but never used
         NVIC_InitTypeDef dma_nvic;
..\src\Usart\usart2.c: 2 warnings, 0 errors
compiling usart3.c...
..\src\Usart\usart3.c(46): warning:  #177-D: variable "n" was declared but never referenced
        uint32_t i=0,n=0,count_mc=0;
..\src\Usart\usart3.c(262): error:  #268: declaration may not appear after executable statement in block
         DMA_InitTypeDef dma;
..\src\Usart\usart3.c(263): error:  #268: declaration may not appear after executable statement in block
         NVIC_InitTypeDef dma_nvic;
..\src\Usart\usart3.c(263): warning:  #550-D: variable "dma_nvic" was set but never used
         NVIC_InitTypeDef dma_nvic;
..\src\Usart\usart3.c: 2 warnings, 2 errors
compiling usart4.c...
..\src\Usart\usart4.c(58): warning:  #223-D: function "get_mc_DO_byte_from_buf" declared implicitly
                                        bf[5]=get_mc_DO_byte_from_buf(RS485_ucntrl_n4.point_write_value[count_mc]);
..\src\Usart\usart4.c(63): warning:  #223-D: function "get_mc_AO_byte_from_buf" declared implicitly
                                                ao_v = get_mc_AO_byte_from_buf(RS485_ucntrl_n4.point_write_value[count_mc]);
..\src\Usart\usart4.c: 2 warnings, 0 errors
"..\Out\project-PLC.axf" - 4 Error(s), 26 Warning(s).
Target not created
t\usart4.c: 2 warnings, 1 error
"..\Out\project-PLC.axf" - 5 Error(s), 26 Warning(s).
Target not created
3:44:46
Hardware: V8.00
S/N : 58001706 
Feature(s) : RDI, FlashBP, FlashDL, JFlash, GDB 
 
* JLink Info: Found SWD-DP with ID 0x2BA01477
* JLink Info: Found Cortex-M4 r0p1, Little endian.
* JLink Info: FPUnit: 6 code (BP) slots and 2 literal slots
* JLink Info: TPIU fitted.
* JLink Info: ETM fitted.
ROMTableAddr = 0xE00FF003
 
Target info:
------------
Device: STM32F429IITx
VTarget = 3.228V
State of Pins: 
TCK: 0, TDI: 1, TDO: 0, TMS: 1, TRES: 1, TRST: 1
Hardware-Breakpoints: 6
Software-Breakpoints: 8192
Watchpoints:          4
JTAG speed: 4000 kHz
 
Erase Done.
Programming Done.
Verify OK.
Application running ...
Load "..\\Out\\project-PLC.axf" 
* JLink Info: Device "CORTEX-M4" selected (0 KB flash, 0 KB RAM).
Set JLink Project File to "C:\Users\Admin\Desktop\ASU-TP-raden\STM32F429\MDK-project\JLinkSettings.ini"
* JLink Info: Device "CORTEX-M4" selected (0 KB flash, 0 KB RAM).
 
JLink info:
------------
DLL: V4.80g, compiled Feb 13 2014 20:50:02
Firmware: J-Link ARM V8 compiled Nov 28 2014 13:44:46
Hardware: V8.00
S/N : 58001706 
Feature(s) : RDI, FlashBP, FlashDL, JFlash, GDB 
 
* JLink Info: Found SWD-DP with ID 0x2BA01477
* JLink Info: Found Cortex-M4 r0p1, Little endian.
* JLink Info: FPUnit: 6 code (BP) slots and 2 literal slots
* JLink Info: TPIU fitted.
* JLink Info: ETM fitted.
ROMTableAddr = 0xE00FF003
 
Target info:
------------
Device: STM32F429IITx
VTarget = 3.228V
State of Pins: 
TCK: 0, TDI: 1, TDO: 0, TMS: 1, TRES: 1, TRST: 1
Hardware-Breakpoints: 6
Software-Breakpoints: 8192
Watchpoints:          4
JTAG speed: 4000 kHz
 
Erase Done.
Programming Done.
Verify OK.
Application running ...
_server.c(108): warning:  #167-D: argument of type "uint8_t **" is incompatible with parameter of type "void **"
                                                        netbuf_data(buf, &buffer_data, &len);
..\src\udp_server.c(128): warning:  #111-D: statement is unreachable
                        udp_remove(upcb_send);
..\src\udp_server.c(55): warning:  #177-D: variable "n" was declared but never referenced
        uint8_t i,n,ip_ex;
..\src\udp_server.c(142): warning:  #177-D: variable "err" was declared but never referenced
    err_t       err;
..\src\udp_server.c(144): warning:  #177-D: variable "ip" was declared but never referenced
        struct ip_addr  ip;
..\src\udp_server.c: 5 warnings, 0 errors
compiling ftp_server.c...
..\src\FTP_Server\ftp_server.c(68): warning:  #177-D: variable "SendCmd" was declared but never referenced
        PasvData SendCmd;
..\src\FTP_Server\ftp_server.c(69): warning:  #177-D: variable "RecCmd" was declared but never referenced
        PasvData RecCmd;
..\src\FTP_Server\ftp_server.c(70): warning:  #177-D: variable "xStatus" was declared but never referenced
        portBASE_TYPE xStatus;
..\src\FTP_Server\ftp_server.c(350): warning:  #167-D: argument of type "unsigned char *" is incompatible with parameter of type "char *restrict"
        strncat(        buffer_ftp, "257 \"",strlen("257 \""));
..\src\FTP_Server\ftp_server.c(351): warning:  #167-D: argument of type "unsigned char *" is incompatible with parameter of type "char *restrict"
        strncat(        buffer_ftp, ftp_path,strlen(ftp_path));
..\src\FTP_Server\ftp_server.c(352): warning:  #167-D: argument of type "unsigned char *" is incompatible with parameter of type "char *restrict"
        strncat(        buffer_ftp, "\"\r\n",strlen("\"\r\n"));
..\src\FTP_Server\ftp_server.c(353): warning:  #167-D: argument of type "unsigned char *" is incompatible with parameter of type "const char *"
        netconn_write(connfd, buffer_ftp, strlen(buffer_ftp), NULL);
..\src\FTP_Server\ftp_server.c(530): warning:  #167-D: argument of type "unsigned char *" is incompatible with parameter of type "char *restrict"
        strncat(buffer_ftp, ftp_path, strlen(ftp_path));
..\src\FTP_Server\ftp_server.c(531): warning:  #167-D: argument of type "unsigned char *" is incompatible with parameter of type "char *restrict"
        strncat(buffer_ftp, "/", strlen("/"));
..\src\FTP_Server\ftp_server.c(532): warning:  #167-D: argument of type "unsigned char *" is incompatible with parameter of type "char *restrict"
        strncat(buffer_ftp, alloc_rq, strlen(alloc_rq));
..\src\FTP_Server\ftp_server.c(533): warning:  #167-D: argument of type "unsigned char *" is incompatible with parameter of type "const TCHAR *"
    res = f_open(&file, buffer_ftp,  FA_READ);
..\src\FTP_Server\ftp_server.c(579): warning:  #167-D: argument of type "unsigned char *" is incompatible with parameter of type "char *restrict"
        strncat(buffer_ftp, ftp_path, strlen(ftp_path));
..\src\FTP_Server\ftp_server.c(581): warning:  #167-D: argument of type "unsigned char *" is incompatible with parameter of type "char *restrict"
            strncat(buffer_ftp, "/", strlen("/"));
..\src\FTP_Server\ftp_server.c(583): warning:  #167-D: argument of type "unsigned char *" is incompatible with parameter of type "char *restrict"
        strncat(buffer_ftp, alloc_rq, strlen(alloc_rq));
..\src\FTP_Server\ftp_server.c(585): warning:  #167-D: argument of type "unsigned char *" is incompatible with parameter of type "const TCHAR *"
    res = f_open(&file, buffer_ftp, FA_CREATE_ALWAYS | FA_WRITE);
..\src\FTP_Server\ftp_server.c: 15 warnings, 0 errors
compiling usart1.c...
..\src\Usart\usart1.c(46): warning:  #177-D: variable "n" was declared but never referenced
        uint32_t i=0,n=0,count_mc=0;
..\src\Usart\usart1.c(226): warning:  #550-D: variable "dma_nvic" was set but never used
         NVIC_InitTypeDef dma_nvic;
..\src\Usart\usart1.c: 2 warnings, 0 errors
compiling usart2.c...
..\src\Usart\usart2.c(45): warning:  #177-D: variable "n" was declared but never referenced
        uint32_t i=0,n=0,count_mc=0;
..\src\Usart\usart2.c(249): warning:  #550-D: variable "dma_nvic" was set but never used
         NVIC_InitTypeDef dma_nvic;
..\src\Usart\usart2.c: 2 warnings, 0 errors
compiling usart3.c...
..\src\Usart\usart3.c(45): warning:  #177-D: variable "n" was declared but never referenced
        uint32_t i=0,n=0,count_mc=0;
..\src\Usart\usart3.c(261): warning:  #550-D: variable "dma_nvic" was set but never used
         NVIC_InitTypeDef dma_nvic;
..\src\Usart\usart3.c: 2 warnings, 0 errors
compiling usart4.c...
..\src\Usart\usart4.c(58): warning:  #223-D: function "get_mc_DO_byte_from_buf" declared implicitly
                                        bf[5]=get_mc_DO_byte_from_buf(RS485_ucntrl_n4.point_write_value[count_mc]);
..\src\Usart\usart4.c(63): warning:  #223-D: function "get_mc_AO_byte_from_buf" declared implicitly
                                                ao_v = get_mc_AO_byte_from_buf(RS485_ucntrl_n4.point_write_value[count_mc]);
..\src\Usart\usart4.c: 2 warnings, 0 errors
compiling modbus.c...
compiling utilities.c...
..\src\utilities.c(103): warning:  #177-D: variable "sign" was declared but never referenced
       uint32_t i, j, sign;
..\src\utilities.c(124): warning:  #144-D: a value of type "char *" cannot be used to initialize an entity of type "uint8_t *"
        uint8_t *a = w1, *b = w2,*c = w3; 
..\src\utilities.c(124): warning:  #144-D: a value of type "char *" cannot be used to initialize an entity of type "uint8_t *"
        uint8_t *a = w1, *b = w2,*c = w3; 
..\src\utilities.c(124): warning:  #144-D: a value of type "char *" cannot be used to initialize an entity of type "uint8_t *"
        uint8_t *a = w1, *b = w2,*c = w3; 
..\src\utilities.c(179): warning:  #550-D: variable "p" was set but never used
    volatile char *p;
..\src\utilities.c(238): warning:  #940-D: missing return statement at end of non-void function "read_mac_addr"
  }
..\src\utilities.c(21): warning:  #177-D: variable "cb64" was declared but never referenced
  char cb64[]="ABCDEFGHIJKLMNOPQRSTUVWXYZabcdefghijklmnopqrstuvwxyz0123456789+/";
..\src\utilities.c(24): warning:  #177-D: variable "MIME_TYPE_ARRAY" was declared but never referenced
  MIME_TYPE MIME_TYPE_ARRAY[]  = 
..\src\utilities.c: 8 warnings, 0 errors
linking...
Program Size: Code=85448 RO-data=1240 RW-data=436 ZI-data=113428  
FromELF: creating hex file...
"..\Out\project-PLC.axf" - 0 Error(s), 70 Warning(s).
Load "..\\Out\\project-PLC.axf" 
* JLink Info: Device "CORTEX-M4" selected (0 KB flash, 0 KB RAM).
Set JLink Project File to "C:\Users\Admin\Desktop\ASU-TP-raden\STM32F429\MDK-project\JLinkSettings.ini"
* JLink Info: Device "CORTEX-M4" selected (0 KB flash, 0 KB RAM).
 
JLink info:
------------
DLL: V4.80g, compiled Feb 13 2014 20:50:02
Firmware: J-Link ARM V8 compiled Nov 28 2014 13:44:46
Hardware: V8.00
S/N : 58001706 
Feature(s) : RDI, FlashBP, FlashDL, JFlash, GDB 
 
* JLink Info: Found SWD-DP with ID 0x2BA01477
* JLink Info: Found Cortex-M4 r0p1, Little endian.
* JLink Info: FPUnit: 6 code (BP) slots and 2 literal slots
* JLink Info: TPIU fitted.
* JLink Info: ETM fitted.
ROMTableAddr = 0xE00FF003
 
Target info:
------------
Device: STM32F429IITx
VTarget = 3.222V
State of Pins: 
TCK: 0, TDI: 1, TDO: 0, TMS: 1, TRES: 1, TRST: 1
Hardware-Breakpoints: 6
Software-Breakpoints: 8192
Watchpoints:          4
JTAG speed: 4000 kHz
 
Erase Done.
Programming Done.
Verify OK.
Application running ...

MTableAddr = 0xE00FF003
 
Target info:
------------
Device: STM32F429IITx
VTarget = 3.222V
State of Pins: 
TCK: 0, TDI: 1, TDO: 0, TMS: 1, TRES: 1, TRST: 1
Hardware-Breakpoints: 6
Software-Breakpoints: 8192
Watchpoints:          4
JTAG speed: 4000 kHz
 
Erase Done.
Programming Done.
Verify OK.
Application running ...
.c...
compiling fattime.c...
compiling diskio.c...
linking...
Program Size: Code=71292 RO-data=1252 RW-data=472 ZI-data=134772  
FromELF: creating hex file...
"..\Out\project-PLC.axf" - 0 Error(s), 81 Warning(s).
Load "..\\Out\\project-PLC.axf" 
* JLink Info: Device "CORTEX-M4" selected (0 KB flash, 0 KB RAM).
Set JLink Project File to "C:\Users\Admin\Desktop\ASU-TP-raden\STM32F429\MDK-project\JLinkSettings.ini"
* JLink Info: Device "CORTEX-M4" selected (0 KB flash, 0 KB RAM).
 
JLink info:
------------
DLL: V4.80g, compiled Feb 13 2014 20:50:02
Firmware: J-Link ARM V8 compiled Nov 28 2014 13:44:46
Hardware: V8.00
S/N : 58001706 
Feature(s) : RDI, FlashBP, FlashDL, JFlash, GDB 
 
* JLink Info: Found SWD-DP with ID 0x2BA01477
* JLink Info: Found Cortex-M4 r0p1, Little endian.
* JLink Info: FPUnit: 6 code (BP) slots and 2 literal slots
* JLink Info: TPIU fitted.
* JLink Info: ETM fitted.
ROMTableAddr = 0xE00FF003
 
Target info:
------------
Device: STM32F429IITx
VTarget = 3.222V
State of Pins: 
TCK: 0, TDI: 1, TDO: 0, TMS: 1, TRES: 1, TRST: 1
Hardware-Breakpoints: 6
Software-Breakpoints: 8192
Watchpoints:          4
JTAG speed: 4000 kHz
 
Erase Done.
Programming Done.
Verify OK.
Application running ...

tex-M4 r0p1, Little endian.
* JLink Info: FPUnit: 6 code (BP) slots and 2 literal slots
* JLink Info: TPIU fitted.
* JLink Info: ETM fitted.
ROMTableAddr = 0xE00FF003
 
Target info:
------------
Device: STM32F429IITx
VTarget = 3.222V
State of Pins: 
TCK: 0, TDI: 1, TDO: 0, TMS: 1, TRES: 1, TRST: 1
Hardware-Breakpoints: 6
Software-Breakpoints: 8192
Watchpoints:          4
JTAG speed: 4000 kHz
 
Erase Done.
Programming Done.
Verify OK.
Application running ...
