Product: MDK-ARM Professional 5.10
Component: ARM Compiler 5.04 update 1 (build 49)
Tool: armlink [5040049]

==============================================================================

Section Cross References

    system_stm32f4xx.o(i.SystemCoreClockUpdate) refers to system_stm32f4xx.o(.data) for SystemCoreClock
    system_stm32f4xx.o(i.SystemInit) refers to system_stm32f4xx.o(i.SystemInit_ExtMemCtl) for SystemInit_ExtMemCtl
    system_stm32f4xx.o(i.SystemInit) refers to system_stm32f4xx.o(i.SetSysClock) for SetSysClock
    system_stm32f4xx.o(i.SystemInit_ExtMemCtl) refers to stm32f4xx_rcc.o(i.RCC_AHB1PeriphClockCmd) for RCC_AHB1PeriphClockCmd
    system_stm32f4xx.o(i.SystemInit_ExtMemCtl) refers to stm32f4xx_gpio.o(i.GPIO_PinAFConfig) for GPIO_PinAFConfig
    system_stm32f4xx.o(i.SystemInit_ExtMemCtl) refers to stm32f4xx_gpio.o(i.GPIO_Init) for GPIO_Init
    system_stm32f4xx.o(i.SystemInit_ExtMemCtl) refers to stm32f4xx_rcc.o(i.RCC_AHB3PeriphClockCmd) for RCC_AHB3PeriphClockCmd
    system_stm32f4xx.o(i.SystemInit_ExtMemCtl) refers to stm32f4xx_fmc.o(i.FMC_SDRAMInit) for FMC_SDRAMInit
    system_stm32f4xx.o(i.SystemInit_ExtMemCtl) refers to stm32f4xx_fmc.o(i.FMC_GetFlagStatus) for FMC_GetFlagStatus
    system_stm32f4xx.o(i.SystemInit_ExtMemCtl) refers to stm32f4xx_fmc.o(i.FMC_SDRAMCmdConfig) for FMC_SDRAMCmdConfig
    system_stm32f4xx.o(i.SystemInit_ExtMemCtl) refers to stm32f4xx_fmc.o(i.FMC_SetRefreshCount) for FMC_SetRefreshCount
    startup_stm32f427x.o(RESET) refers to startup_stm32f427x.o(STACK) for __initial_sp
    startup_stm32f427x.o(RESET) refers to startup_stm32f427x.o(.text) for Reset_Handler
    startup_stm32f427x.o(RESET) refers to stm32f4xx_it.o(i.NMI_Handler) for NMI_Handler
    startup_stm32f427x.o(RESET) refers to stm32f4xx_it.o(i.HardFault_Handler) for HardFault_Handler
    startup_stm32f427x.o(RESET) refers to stm32f4xx_it.o(i.MemManage_Handler) for MemManage_Handler
    startup_stm32f427x.o(RESET) refers to stm32f4xx_it.o(i.BusFault_Handler) for BusFault_Handler
    startup_stm32f427x.o(RESET) refers to stm32f4xx_it.o(i.UsageFault_Handler) for UsageFault_Handler
    startup_stm32f427x.o(RESET) refers to port.o(.emb_text) for SVC_Handler
    startup_stm32f427x.o(RESET) refers to stm32f4xx_it.o(i.DebugMon_Handler) for DebugMon_Handler
    startup_stm32f427x.o(RESET) refers to stm32f4xx_it.o(i.SysTick_Handler) for SysTick_Handler
    startup_stm32f427x.o(RESET) refers to stm32f4xx_it.o(i.EXTI15_10_IRQHandler) for EXTI15_10_IRQHandler
    startup_stm32f427x.o(RESET) refers to stm32f4xx_it.o(i.SDIO_IRQHandler) for SDIO_IRQHandler
    startup_stm32f427x.o(RESET) refers to stm32f4xx_it.o(i.DMA2_Stream3_IRQHandler) for DMA2_Stream3_IRQHandler
    startup_stm32f427x.o(RESET) refers to stm32f4xx_it.o(i.ETH_IRQHandler) for ETH_IRQHandler
    startup_stm32f427x.o(.text) refers to system_stm32f4xx.o(i.SystemInit) for SystemInit
    startup_stm32f427x.o(.text) refers to entry.o(.ARM.Collect$$$$00000000) for __main
    api_lib.o(i.netconn_accept) refers to sys_arch.o(i.sys_mbox_valid) for sys_mbox_valid
    api_lib.o(i.netconn_accept) refers to sys_arch.o(i.sys_arch_mbox_fetch) for sys_arch_mbox_fetch
    api_lib.o(i.netconn_accept) refers to sys_arch.o(i.sys_arch_protect) for sys_arch_protect
    api_lib.o(i.netconn_accept) refers to sys_arch.o(i.sys_arch_unprotect) for sys_arch_unprotect
    api_lib.o(i.netconn_bind) refers to tcpip.o(i.tcpip_apimsg) for tcpip_apimsg
    api_lib.o(i.netconn_bind) refers to sys_arch.o(i.sys_arch_protect) for sys_arch_protect
    api_lib.o(i.netconn_bind) refers to sys_arch.o(i.sys_arch_unprotect) for sys_arch_unprotect
    api_lib.o(i.netconn_bind) refers to api_msg.o(i.do_bind) for do_bind
    api_lib.o(i.netconn_close) refers to api_lib.o(i.netconn_close_shutdown) for netconn_close_shutdown
    api_lib.o(i.netconn_close_shutdown) refers to tcpip.o(i.tcpip_apimsg) for tcpip_apimsg
    api_lib.o(i.netconn_close_shutdown) refers to sys_arch.o(i.sys_arch_protect) for sys_arch_protect
    api_lib.o(i.netconn_close_shutdown) refers to sys_arch.o(i.sys_arch_unprotect) for sys_arch_unprotect
    api_lib.o(i.netconn_close_shutdown) refers to api_msg.o(i.do_close) for do_close
    api_lib.o(i.netconn_connect) refers to tcpip.o(i.tcpip_apimsg) for tcpip_apimsg
    api_lib.o(i.netconn_connect) refers to sys_arch.o(i.sys_arch_protect) for sys_arch_protect
    api_lib.o(i.netconn_connect) refers to sys_arch.o(i.sys_arch_unprotect) for sys_arch_unprotect
    api_lib.o(i.netconn_connect) refers to api_msg.o(i.do_connect) for do_connect
    api_lib.o(i.netconn_delete) refers to tcpip.o(i.tcpip_apimsg) for tcpip_apimsg
    api_lib.o(i.netconn_delete) refers to api_msg.o(i.netconn_free) for netconn_free
    api_lib.o(i.netconn_delete) refers to api_msg.o(i.do_delconn) for do_delconn
    api_lib.o(i.netconn_disconnect) refers to tcpip.o(i.tcpip_apimsg) for tcpip_apimsg
    api_lib.o(i.netconn_disconnect) refers to sys_arch.o(i.sys_arch_protect) for sys_arch_protect
[...]
    _printf_widthprec                        0x00000000   Number         0  stubs.o ABSOLUTE
    _printf_x                                0x00000000   Number         0  stubs.o ABSOLUTE
    __cpp_initialize__aeabi_                  - Undefined Weak Reference
    __cxa_finalize                            - Undefined Weak Reference
    _clock_init                               - Undefined Weak Reference
    _microlib_exit                            - Undefined Weak Reference
    __Vectors_Size                           0x0000019c   Number         0  startup_stm32f427x.o ABSOLUTE
    __Vectors                                0x08000000   Data           4  startup_stm32f427x.o(RESET)
    __Vectors_End                            0x0800019c   Data           0  startup_stm32f427x.o(RESET)
    __main                                   0x0800019d   Thumb Code     0  entry.o(.ARM.Collect$$$$00000000)
    _main_stk                                0x0800019d   Thumb Code     0  entry2.o(.ARM.Collect$$$$00000001)
    _main_scatterload                        0x080001a1   Thumb Code     0  entry5.o(.ARM.Collect$$$$00000004)
    __main_after_scatterload                 0x080001a5   Thumb Code     0  entry5.o(.ARM.Collect$$$$00000004)
    _main_clock                              0x080001a5   Thumb Code     0  entry7b.o(.ARM.Collect$$$$00000008)
    _main_cpp_init                           0x080001a5   Thumb Code     0  entry8b.o(.ARM.Collect$$$$0000000A)
    _main_init                               0x080001a5   Thumb Code     0  entry9a.o(.ARM.Collect$$$$0000000B)
    __rt_final_cpp                           0x080001ad   Thumb Code     0  entry10a.o(.ARM.Collect$$$$0000000D)
    __rt_final_exit                          0x080001ad   Thumb Code     0  entry11a.o(.ARM.Collect$$$$0000000F)
    SVC_Handler                              0x080001b1   Thumb Code    28  port.o(.emb_text)
    __asm___6_port_c_39a90d8d__prvStartFirstTask 0x080001d1   Thumb Code    16  port.o(.emb_text)
    PendSV_Handler                           0x080001e5   Thumb Code    56  port.o(.emb_text)
    ulPortSetInterruptMask                   0x08000221   Thumb Code    14  port.o(.emb_text)
    vPortClearInterruptMask                  0x0800022f   Thumb Code     6  port.o(.emb_text)
    Reset_Handler                            0x08000235   Thumb Code     8  startup_stm32f427x.o(.text)
    ADC_IRQHandler                           0x0800024f   Thumb Code     0  startup_stm32f427x.o(.text)
    CAN1_RX0_IRQHandler                      0x0800024f   Thumb Code     0  startup_stm32f427x.o(.text)
    CAN1_RX1_IRQHandler                      0x0800024f   Thumb Code     0  startup_stm32f427x.o(.text)
    CAN1_SCE_IRQHandler                      0x0800024f   Thumb Code     0  startup_stm32f427x.o(.text)
    CAN1_TX_IRQHandler                       0x0800024f   Thumb Code     0  startup_stm32f427x.o(.text)
    CAN2_RX0_IRQHandler                      0x0800024f   Thumb Code     0  startup_stm32f427x.o(.text)
    CAN2_RX1_IRQHandler                      0x0800024f   Thumb Code     0  startup_stm32f427x.o(.text)
    CAN2_SCE_IRQHandler                      0x0800024f   Thumb Code     0  startup_stm32f427x.o(.text)
    CAN2_TX_IRQHandler                       0x0800024f   Thumb Code     0  startup_stm32f427x.o(.text)
    CRYP_IRQHandler                          0x0800024f   Thumb Code     0  startup_stm32f427x.o(.text)
    DCMI_IRQHandler                          0x0800024f   Thumb Code     0  startup_stm32f427x.o(.text)
    DMA1_Stream0_IRQHandler                  0x0800024f   Thumb Code     0  startup_stm32f427x.o(.text)
    DMA1_Stream1_IRQHandler                  0x0800024f   Thumb Code     0  startup_stm32f427x.o(.text)
    DMA1_Stream2_IRQHandler                  0x0800024f   Thumb Code     0  startup_stm32f427x.o(.text)
    DMA1_Stream3_IRQHandler                  0x0800024f   Thumb Code     0  startup_stm32f427x.o(.text)
    DMA1_Stream4_IRQHandler                  0x0800024f   Thumb Code     0  startup_stm32f427x.o(.text)
    DMA1_Stream5_IRQHandler                  0x0800024f   Thumb Code     0  startup_stm32f427x.o(.text)
    DMA1_Stream6_IRQHandler                  0x0800024f   Thumb Code     0  startup_stm32f427x.o(.text)
    DMA1_Stream7_IRQHandler                  0x0800024f   Thumb Code     0  startup_stm32f427x.o(.text)
    DMA2_Stream0_IRQHandler                  0x0800024f   Thumb Code     0  startup_stm32f427x.o(.text)
    DMA2_Stream1_IRQHandler                  0x0800024f   Thumb Code     0  startup_stm32f427x.o(.text)
    DMA2_Stream2_IRQHandler                  0x0800024f   Thumb Code     0  startup_stm32f427x.o(.text)
    DMA2_Stream4_IRQHandler                  0x0800024f   Thumb Code     0  startup_stm32f427x.o(.text)
    DMA2_Stream5_IRQHandler                  0x0800024f   Thumb Code     0  startup_stm32f427x.o(.text)
    DMA2_Stream6_IRQHandler                  0x0800024f   Thumb Code     0  startup_stm32f427x.o(.text)
    DMA2_Stream7_IRQHandler                  0x0800024f   Thumb Code     0  startup_stm32f427x.o(.text)
    ETH_WKUP_IRQHandler                      0x0800024f   Thumb Code     0  startup_stm32f427x.o(.text)
    EXTI0_IRQHandler                         0x0800024f   Thumb Code     0  startup_stm32f427x.o(.text)
    EXTI1_IRQHandler                         0x0800024f   Thumb Code     0  startup_stm32f427x.o(.text)
    EXTI2_IRQHandler                         0x0800024f   Thumb Code     0  startup_stm32f427x.o(.text)
    EXTI3_IRQHandler                         0x0800024f   Thumb Code     0  startup_stm32f427x.o(.text)
    EXTI4_IRQHandler                         0x0800024f   Thumb Code     0  startup_stm32f427x.o(.text)
    EXTI9_5_IRQHandler                       0x0800024f   Thumb Code     0  startup_stm32f427x.o(.text)
    FLASH_IRQHandler                         0x0800024f   Thumb Code     0  startup_stm32f427x.o(.text)
    FPU_IRQHandler                           0x0800024f   Thumb Code     0  startup_stm32f427x.o(.text)
    FSMC_IRQHandler                          0x0800024f   Thumb Code     0  startup_stm32f427x.o(.text)
    HASH_RNG_IRQHandler                      0x0800024f   Thumb Code     0  startup_stm32f427x.o(.text)
    I2C1_ER_IRQHandler                       0x0800024f   Thumb Code     0  startup_stm32f427x.o(.text)
    I2C1_EV_IRQHandler                       0x0800024f   Thumb Code     0  startup_stm32f427x.o(.text)
    I2C2_ER_IRQHandler                       0x0800024f   Thumb Code     0  startup_stm32f427x.o(.text)
    I2C2_EV_IRQHandler                       0x0800024f   Thumb Code     0  startup_stm32f427x.o(.text)
    I2C3_ER_IRQHandler                       0x0800024f   Thumb Code     0  startup_stm32f427x.o(.text)
    I2C3_EV_IRQHandler                       0x0800024f   Thumb Code     0  startup_stm32f427x.o(.text)
    OTG_FS_IRQHandler                        0x0800024f   Thumb Code     0  startup_stm32f427x.o(.text)
    OTG_FS_WKUP_IRQHandler                   0x0800024f   Thumb Code     0  startup_stm32f427x.o(.text)
    OTG_HS_EP1_IN_IRQHandler                 0x0800024f   Thumb Code     0  startup_stm32f427x.o(.text)
    OTG_HS_EP1_OUT_IRQHandler                0x0800024f   Thumb Code     0  startup_stm32f427x.o(.text)
    OTG_HS_IRQHandler                        0x0800024f   Thumb Code     0  startup_stm32f427x.o(.text)
    OTG_HS_WKUP_IRQHandler                   0x0800024f   Thumb Code     0  startup_stm32f427x.o(.text)
    PVD_IRQHandler                           0x0800024f   Thumb Code     0  startup_stm32f427x.o(.text)
    RCC_IRQHandler                           0x0800024f   Thumb Code     0  startup_stm32f427x.o(.text)
    RTC_Alarm_IRQHandler                     0x0800024f   Thumb Code     0  startup_stm32f427x.o(.text)
    RTC_WKUP_IRQHandler                      0x0800024f   Thumb Code     0  startup_stm32f427x.o(.text)
    SPI1_IRQHandler                          0x0800024f   Thumb Code     0  startup_stm32f427x.o(.text)
    SPI2_IRQHandler                          0x0800024f   Thumb Code     0  startup_stm32f427x.o(.text)
    SPI3_IRQHandler                          0x0800024f   Thumb Code     0  startup_stm32f427x.o(.text)
    SPI4_IRQHandler                          0x0800024f   Thumb Code     0  startup_stm32f427x.o(.text)
    SPI5_IRQHandler                          0x0800024f   Thumb Code     0  startup_stm32f427x.o(.text)
    SPI6_IRQHandler                          0x0800024f   Thumb Code     0  startup_stm32f427x.o(.text)
    TAMP_STAMP_IRQHandler                    0x0800024f   Thumb Code     0  startup_stm32f427x.o(.text)
    TIM1_BRK_TIM9_IRQHandler                 0x0800024f   Thumb Code     0  startup_stm32f427x.o(.text)
    TIM1_CC_IRQHandler                       0x0800024f   Thumb Code     0  startup_stm32f427x.o(.text)
    TIM1_TRG_COM_TIM11_IRQHandler            0x0800024f   Thumb Code     0  startup_stm32f427x.o(.text)
    TIM1_UP_TIM10_IRQHandler                 0x0800024f   Thumb Code     0  startup_stm32f427x.o(.text)
    TIM2_IRQHandler                          0x0800024f   Thumb Code     0  startup_stm32f427x.o(.text)
    TIM3_IRQHandler                          0x0800024f   Thumb Code     0  startup_stm32f427x.o(.text)
    TIM4_IRQHandler                          0x0800024f   Thumb Code     0  startup_stm32f427x.o(.text)
    TIM5_IRQHandler                          0x0800024f   Thumb Code     0  startup_stm32f427x.o(.text)
    TIM6_DAC_IRQHandler                      0x0800024f   Thumb Code     0  startup_stm32f427x.o(.text)
    TIM7_IRQHandler                          0x0800024f   Thumb Code     0  startup_stm32f427x.o(.text)
    TIM8_BRK_TIM12_IRQHandler                0x0800024f   Thumb Code     0  startup_stm32f427x.o(.text)
    TIM8_CC_IRQHandler                       0x0800024f   Thumb Code     0  startup_stm32f427x.o(.text)
    TIM8_TRG_COM_TIM14_IRQHandler            0x0800024f   Thumb Code     0  startup_stm32f427x.o(.text)
    TIM8_UP_TIM13_IRQHandler                 0x0800024f   Thumb Code     0  startup_stm32f427x.o(.text)
    UART4_IRQHandler                         0x0800024f   Thumb Code     0  startup_stm32f427x.o(.text)
    UART5_IRQHandler                         0x0800024f   Thumb Code     0  startup_stm32f427x.o(.text)
    UART7_IRQHandler                         0x0800024f   Thumb Code     0  startup_stm32f427x.o(.text)
    UART8_IRQHandler                         0x0800024f   Thumb Code     0  startup_stm32f427x.o(.text)
    USART1_IRQHandler                        0x0800024f   Thumb Code     0  startup_stm32f427x.o(.text)
    USART2_IRQHandler                        0x0800024f   Thumb Code     0  startup_stm32f427x.o(.text)
    USART3_IRQHandler                        0x0800024f   Thumb Code     0  startup_stm32f427x.o(.text)
    USART6_IRQHandler                        0x0800024f   Thumb Code     0  startup_stm32f427x.o(.text)
    WWDG_IRQHandler                          0x0800024f   Thumb Code     0  startup_stm32f427x.o(.text)
    __aeabi_memcpy                           0x08000259   Thumb Code    36  memcpya.o(.text)
    __aeabi_memcpy4                          0x08000259   Thumb Code     0  memcpya.o(.text)
    __aeabi_memcpy8                          0x08000259   Thumb Code     0  memcpya.o(.text)
    __aeabi_memset                           0x0800027d   Thumb Code    14  memseta.o(.text)
    __aeabi_memset4                          0x0800027d   Thumb Code     0  memseta.o(.text)
    __aeabi_memset8                          0x0800027d   Thumb Code     0  memseta.o(.text)
    __aeabi_memclr                           0x0800028b   Thumb Code     4  memseta.o(.text)
    __aeabi_memclr4                          0x0800028b   Thumb Code     0  memseta.o(.text)
    __aeabi_memclr8                          0x0800028b   Thumb Code     0  memseta.o(.text)
    _memset$wrapper                          0x0800028f   Thumb Code    18  memseta.o(.text)
    strncpy                                  0x080002a1   Thumb Code    24  strncpy.o(.text)
    memcmp                                   0x080002b9   Thumb Code    26  memcmp.o(.text)
    strcpy                                   0x080002d3   Thumb Code    18  strcpy.o(.text)
    __scatterload                            0x080002e5   Thumb Code    28  init.o(.text)
    __scatterload_rt2                        0x080002e5   Thumb Code     0  init.o(.text)
    __decompress                             0x08000309   Thumb Code     0  __dczerorl2.o(.text)
    __decompress1                            0x08000309   Thumb Code    86  __dczerorl2.o(.text)
    BusFault_Handler                         0x0800035f   Thumb Code     4  stm32f4xx_it.o(i.BusFault_Handler)
    DMA2_Stream3_IRQHandler                  0x08000631   Thumb Code     8  stm32f4xx_it.o(i.DMA2_Stream3_IRQHandler)
    DMA_ClearFlag                            0x08000639   Thumb Code    38  stm32f4xx_dma.o(i.DMA_ClearFlag)
    DMA_Cmd                                  0x0800066d   Thumb Code    22  stm32f4xx_dma.o(i.DMA_Cmd)
    DMA_DeInit                               0x08000685   Thumb Code   324  stm32f4xx_dma.o(i.DMA_DeInit)
    DMA_FlowControllerConfig                 0x080007dd   Thumb Code    22  stm32f4xx_dma.o(i.DMA_FlowControllerConfig)
    DMA_ITConfig                             0x080007f3   Thumb Code    58  stm32f4xx_dma.o(i.DMA_ITConfig)
    DMA_Init                                 0x0800082d   Thumb Code    82  stm32f4xx_dma.o(i.DMA_Init)
    DebugMon_Handler                         0x08000885   Thumb Code     2  stm32f4xx_it.o(i.DebugMon_Handler)
    Delay                                    0x08000887   Thumb Code     2  main.o(i.Delay)
    ETH_BSP_Config                           0x08000889   Thumb Code   118  stm32f4x7_eth_bsp.o(i.ETH_BSP_Config)
    ETH_DMAClearITPendingBit                 0x08000915   Thumb Code     6  stm32f4x7_eth.o(i.ETH_DMAClearITPendingBit)
    ETH_DMAITConfig                          0x08000921   Thumb Code    26  stm32f4x7_eth.o(i.ETH_DMAITConfig)
    ETH_DMAReceptionCmd                      0x08000941   Thumb Code    30  stm32f4x7_eth.o(i.ETH_DMAReceptionCmd)
    ETH_DMARxDescChainInit                   0x08000965   Thumb Code    82  stm32f4x7_eth.o(i.ETH_DMARxDescChainInit)
    ETH_DMARxDescReceiveITConfig             0x080009c9   Thumb Code    22  stm32f4x7_eth.o(i.ETH_DMARxDescReceiveITConfig)
    ETH_DMATransmissionCmd                   0x080009e1   Thumb Code    30  stm32f4x7_eth.o(i.ETH_DMATransmissionCmd)
    ETH_DMATxDescChainInit                   0x08000a05   Thumb Code    70  stm32f4x7_eth.o(i.ETH_DMATxDescChainInit)
    ETH_DMATxDescChecksumInsertionConfig     0x08000a55   Thumb Code     8  stm32f4x7_eth.o(i.ETH_DMATxDescChecksumInsertionConfig)
    ETH_DeInit                               0x08000a5d   Thumb Code    22  stm32f4x7_eth.o(i.ETH_DeInit)
    ETH_FlushTransmitFIFO                    0x08000a75   Thumb Code    38  stm32f4x7_eth.o(i.ETH_FlushTransmitFIFO)
    ETH_GetDMAFlagStatus                     0x08000bd9   Thumb Code    20  stm32f4x7_eth.o(i.ETH_GetDMAFlagStatus)
    ETH_GetSoftwareResetStatus               0x08000bf1   Thumb Code    20  stm32f4x7_eth.o(i.ETH_GetSoftwareResetStatus)
    ETH_Get_Received_Frame_interrupt         0x08000c09   Thumb Code   270  stm32f4x7_eth.o(i.ETH_Get_Received_Frame_interrupt)
    ETH_IRQHandler                           0x08000d21   Thumb Code    58  stm32f4xx_it.o(i.ETH_IRQHandler)
    ETH_Init                                 0x08000d61   Thumb Code   842  stm32f4x7_eth.o(i.ETH_Init)
    ETH_MACAddressConfig                     0x0800110d   Thumb Code    46  stm32f4x7_eth.o(i.ETH_MACAddressConfig)
    ETH_MACReceptionCmd                      0x080011ed   Thumb Code    56  stm32f4x7_eth.o(i.ETH_MACReceptionCmd)
    ETH_MACTransmissionCmd                   0x08001229   Thumb Code    56  stm32f4x7_eth.o(i.ETH_MACTransmissionCmd)
    ETH_Prepare_Transmit_Descriptors         0x08001289   Thumb Code   194  stm32f4x7_eth.o(i.ETH_Prepare_Transmit_Descriptors)
    ETH_ReadPHYRegister                      0x08001355   Thumb Code   102  stm32f4x7_eth.o(i.ETH_ReadPHYRegister)
    ETH_SoftwareReset                        0x080013c1   Thumb Code    14  stm32f4x7_eth.o(i.ETH_SoftwareReset)
    ETH_Start                                0x080013d5   Thumb Code    32  stm32f4x7_eth.o(i.ETH_Start)
    ETH_Stop                                 0x080013f5   Thumb Code    32  stm32f4x7_eth.o(i.ETH_Stop)
    ETH_StructInit                           0x08001415   Thumb Code   178  stm32f4x7_eth.o(i.ETH_StructInit)
    ETH_WritePHYRegister                     0x080014c9   Thumb Code    96  stm32f4x7_eth.o(i.ETH_WritePHYRegister)
    ETH_link_callback                        0x08001531   Thumb Code   220  stm32f4x7_eth_bsp.o(i.ETH_link_callback)
    EXTI15_10_IRQHandler                     0x08001621   Thumb Code    52  stm32f4xx_it.o(i.EXTI15_10_IRQHandler)
    EXTI_ClearITPendingBit                   0x08001659   Thumb Code     6  stm32f4xx_exti.o(i.EXTI_ClearITPendingBit)
    EXTI_GetITStatus                         0x08001665   Thumb Code    34  stm32f4xx_exti.o(i.EXTI_GetITStatus)
    EXTI_Init                                0x0800168d   Thumb Code   142  stm32f4xx_exti.o(i.EXTI_Init)
    Eth_Link_EXTIConfig                      0x08001721   Thumb Code   116  stm32f4x7_eth_bsp.o(i.Eth_Link_EXTIConfig)
    Eth_Link_IT_task                         0x08001799   Thumb Code    70  stm32f4x7_eth_bsp.o(i.Eth_Link_IT_task)
    Eth_Link_PHYITConfig                     0x080017e9   Thumb Code    70  stm32f4x7_eth_bsp.o(i.Eth_Link_PHYITConfig)
    FMC_GetFlagStatus                        0x08001831   Thumb Code    68  stm32f4xx_fmc.o(i.FMC_GetFlagStatus)
    FMC_SDRAMCmdConfig                       0x08001879   Thumb Code    28  stm32f4xx_fmc.o(i.FMC_SDRAMCmdConfig)
    FMC_SDRAMInit                            0x08001899   Thumb Code   242  stm32f4xx_fmc.o(i.FMC_SDRAMInit)
    FMC_SetRefreshCount                      0x08001991   Thumb Code    18  stm32f4xx_fmc.o(i.FMC_SetRefreshCount)
    GPIO_Init                                0x08001b3d   Thumb Code   144  stm32f4xx_gpio.o(i.GPIO_Init)
    GPIO_PinAFConfig                         0x08001bcd   Thumb Code    70  stm32f4xx_gpio.o(i.GPIO_PinAFConfig)
    GPIO_ReadInputDataBit                    0x08001c13   Thumb Code    18  stm32f4xx_gpio.o(i.GPIO_ReadInputDataBit)
    GPIO_ResetBits                           0x08001c25   Thumb Code     4  stm32f4xx_gpio.o(i.GPIO_ResetBits)
    GPIO_SetBits                             0x08001c29   Thumb Code     4  stm32f4xx_gpio.o(i.GPIO_SetBits)
    HardFault_Handler                        0x08001c2d   Thumb Code     4  stm32f4xx_it.o(i.HardFault_Handler)
    LwIP_Init                                0x08001c31   Thumb Code   110  netconf.o(i.LwIP_Init)
    Main_task                                0x08001cbd   Thumb Code    54  main.o(i.Main_task)
    MemManage_Handler                        0x08001d05   Thumb Code     4  stm32f4xx_it.o(i.MemManage_Handler)
    NMI_Handler                              0x08001d09   Thumb Code     2  stm32f4xx_it.o(i.NMI_Handler)
    NVIC_Init                                0x08001d0d   Thumb Code   106  misc.o(i.NVIC_Init)
    NVIC_PriorityGroupConfig                 0x08001d85   Thumb Code    10  misc.o(i.NVIC_PriorityGroupConfig)
    RCC_AHB1PeriphClockCmd                   0x08001dd5   Thumb Code    26  stm32f4xx_rcc.o(i.RCC_AHB1PeriphClockCmd)
    RCC_AHB1PeriphResetCmd                   0x08001df5   Thumb Code    26  stm32f4xx_rcc.o(i.RCC_AHB1PeriphResetCmd)
    RCC_AHB3PeriphClockCmd                   0x08001e15   Thumb Code    26  stm32f4xx_rcc.o(i.RCC_AHB3PeriphClockCmd)
    RCC_APB2PeriphClockCmd                   0x08001e35   Thumb Code    26  stm32f4xx_rcc.o(i.RCC_APB2PeriphClockCmd)
    RCC_APB2PeriphResetCmd                   0x08001e55   Thumb Code    26  stm32f4xx_rcc.o(i.RCC_APB2PeriphResetCmd)
    RCC_GetClocksFreq                        0x08001e75   Thumb Code   214  stm32f4xx_rcc.o(i.RCC_GetClocksFreq)
    RCC_MCO1Config                           0x08001f5d   Thumb Code    24  stm32f4xx_rcc.o(i.RCC_MCO1Config)
    RTC_GetDate                              0x08001f91   Thumb Code    68  stm32f4xx_rtc.o(i.RTC_GetDate)
    RTC_GetTime                              0x08001fdd   Thumb Code    72  stm32f4xx_rtc.o(i.RTC_GetTime)
    SDIO_ClearFlag                           0x08002149   Thumb Code     6  stm32f4xx_sdio.o(i.SDIO_ClearFlag)
    SDIO_ClearITPendingBit                   0x08002155   Thumb Code     6  stm32f4xx_sdio.o(i.SDIO_ClearITPendingBit)
    SDIO_ClockCmd                            0x08002161   Thumb Code     6  stm32f4xx_sdio.o(i.SDIO_ClockCmd)
    SDIO_DMACmd                              0x0800216d   Thumb Code     6  stm32f4xx_sdio.o(i.SDIO_DMACmd)
    SDIO_DataConfig                          0x08002179   Thumb Code    46  stm32f4xx_sdio.o(i.SDIO_DataConfig)
    SDIO_DeInit                              0x080021ad   Thumb Code    22  stm32f4xx_sdio.o(i.SDIO_DeInit)
    SDIO_GetCommandResponse                  0x080021c5   Thumb Code     8  stm32f4xx_sdio.o(i.SDIO_GetCommandResponse)
    SDIO_GetFlagStatus                       0x080021d1   Thumb Code    20  stm32f4xx_sdio.o(i.SDIO_GetFlagStatus)
    SDIO_GetITStatus                         0x080021e9   Thumb Code    20  stm32f4xx_sdio.o(i.SDIO_GetITStatus)
    SDIO_GetPowerState                       0x08002201   Thumb Code    10  stm32f4xx_sdio.o(i.SDIO_GetPowerState)
    SDIO_GetResponse                         0x08002211   Thumb Code    20  stm32f4xx_sdio.o(i.SDIO_GetResponse)
    SDIO_IRQHandler                          0x08002229   Thumb Code     8  stm32f4xx_it.o(i.SDIO_IRQHandler)
    SDIO_ITConfig                            0x08002231   Thumb Code    26  stm32f4xx_sdio.o(i.SDIO_ITConfig)
    SDIO_Init                                0x08002251   Thumb Code    42  stm32f4xx_sdio.o(i.SDIO_Init)
    SDIO_ReadData                            0x08002281   Thumb Code     6  stm32f4xx_sdio.o(i.SDIO_ReadData)
    SDIO_SendCommand                         0x0800228d   Thumb Code    40  stm32f4xx_sdio.o(i.SDIO_SendCommand)
    SDIO_SetPowerState                       0x080022b9   Thumb Code     6  stm32f4xx_sdio.o(i.SDIO_SetPowerState)
    SD_Detect                                0x080022c5   Thumb Code    26  sdio_sd.o(i.SD_Detect)
    SD_EnableWideBusOperation                0x080022e5   Thumb Code   136  sdio_sd.o(i.SD_EnableWideBusOperation)
    SD_GetCardInfo                           0x08002375   Thumb Code   742  sdio_sd.o(i.SD_GetCardInfo)
    SD_GetState                              0x0800266d   Thumb Code    38  sdio_sd.o(i.SD_GetState)
    SD_GetStatus                             0x08002693   Thumb Code    30  sdio_sd.o(i.SD_GetStatus)
    SD_Init                                  0x080026b1   Thumb Code   126  sdio_sd.o(i.SD_Init)
    SD_InitializeCards                       0x08002739   Thumb Code   294  sdio_sd.o(i.SD_InitializeCards)
    SD_ProcessDMAIRQ                         0x08002bf9   Thumb Code    32  sdio_sd.o(i.SD_ProcessDMAIRQ)
    SD_ProcessIRQSrc                         0x08002c21   Thumb Code   162  sdio_sd.o(i.SD_ProcessIRQSrc)
    SD_ReadMultiBlocksFIXED                  0x08002ccd   Thumb Code   218  sdio_sd.o(i.SD_ReadMultiBlocksFIXED)
    SD_SelectDeselect                        0x08002dc5   Thumb Code    48  sdio_sd.o(i.SD_SelectDeselect)
    SD_SendStatus                            0x08002df9   Thumb Code    74  sdio_sd.o(i.SD_SendStatus)
    SD_StopTransfer                          0x08002e4d   Thumb Code    46  sdio_sd.o(i.SD_StopTransfer)
    SD_WaitReadOperation                     0x08002e81   Thumb Code   108  sdio_sd.o(i.SD_WaitReadOperation)
    SD_WaitWriteOperation                    0x08002f01   Thumb Code   108  sdio_sd.o(i.SD_WaitWriteOperation)
    SD_WriteMultiBlocksFIXED                 0x08002f81   Thumb Code   320  sdio_sd.o(i.SD_WriteMultiBlocksFIXED)
    SYSCFG_ETH_MediaInterfaceConfig          0x080030e1   Thumb Code     6  stm32f4xx_syscfg.o(i.SYSCFG_ETH_MediaInterfaceConfig)
    SYSCFG_EXTILineConfig                    0x080030ed   Thumb Code    60  stm32f4xx_syscfg.o(i.SYSCFG_EXTILineConfig)
    SysTick_Handler                          0x08003235   Thumb Code     8  stm32f4xx_it.o(i.SysTick_Handler)
    SystemInit                               0x0800323d   Thumb Code    92  system_stm32f4xx.o(i.SystemInit)
    UART_printf                              0x08003619   Thumb Code     2  stm32f4xx_usart.o(i.UART_printf)
    UsageFault_Handler                       0x0800361b   Thumb Code     4  stm32f4xx_it.o(i.UsageFault_Handler)
    __scatterload_copy                       0x0800361f   Thumb Code    14  handlers.o(i.__scatterload_copy)
    __scatterload_null                       0x0800362d   Thumb Code     2  handlers.o(i.__scatterload_null)
    __scatterload_zeroinit                   0x0800362f   Thumb Code    14  handlers.o(i.__scatterload_zeroinit)
    clust2sect                               0x08003ab9   Thumb Code    26  ff.o(i.clust2sect)
    dhcp_arp_reply                           0x08003cbd   Thumb Code    58  dhcp.o(i.dhcp_arp_reply)
    dhcp_coarse_tmr                          0x08003e41   Thumb Code    74  dhcp.o(i.dhcp_coarse_tmr)
    dhcp_fine_tmr                            0x08004181   Thumb Code    68  dhcp.o(i.dhcp_fine_tmr)
    dhcp_network_changed                     0x080041c9   Thumb Code    80  dhcp.o(i.dhcp_network_changed)
    dhcp_release                             0x08004445   Thumb Code   178  dhcp.o(i.dhcp_release)
    dhcp_renew                               0x080044fd   Thumb Code   150  dhcp.o(i.dhcp_renew)
    disk_initialize                          0x08004a99   Thumb Code    26  diskio.o(i.disk_initialize)
    disk_ioctl                               0x08004ab3   Thumb Code     6  diskio.o(i.disk_ioctl)
    disk_read                                0x08004ab9   Thumb Code   154  diskio.o(i.disk_read)
    disk_status                              0x08004b53   Thumb Code    22  diskio.o(i.disk_status)
    disk_write                               0x08004b69   Thumb Code   154  diskio.o(i.disk_write)
    etharp_cleanup_netif                     0x08004d81   Thumb Code    52  etharp.o(i.etharp_cleanup_netif)
    etharp_output                            0x08004fad   Thumb Code   340  etharp.o(i.etharp_output)
    etharp_query                             0x0800517d   Thumb Code   386  etharp.o(i.etharp_query)
    etharp_request                           0x080053e1   Thumb Code    40  etharp.o(i.etharp_request)
    etharp_tmr                               0x0800544d   Thumb Code   144  etharp.o(i.etharp_tmr)
    ethernet_input                           0x080055a5   Thumb Code   226  etharp.o(i.ethernet_input)
    ethernetif_init                          0x08005691   Thumb Code    50  ethernetif.o(i.ethernetif_init)
    f_close                                  0x08005719   Thumb Code    22  ff.o(i.f_close)
    f_gets                                   0x0800572f   Thumb Code    78  ff.o(i.f_gets)
    f_mount                                  0x0800577d   Thumb Code    38  ff.o(i.f_mount)
    f_open                                   0x080057a9   Thumb Code   350  ff.o(i.f_open)
    f_read                                   0x08005907   Thumb Code   458  ff.o(i.f_read)
    f_sync                                   0x08005ad1   Thumb Code   176  ff.o(i.f_sync)
    get_fat                                  0x08005c13   Thumb Code   228  ff.o(i.get_fat)
    get_fattime                              0x08005cf7   Thumb Code    78  fattime.o(i.get_fattime)
    icmp_dest_unreach                        0x08005d45   Thumb Code    18  icmp.o(i.icmp_dest_unreach)
    icmp_input                               0x08005d59   Thumb Code   504  icmp.o(i.icmp_input)
    inet_chksum                              0x08005ff9   Thumb Code    20  inet_chksum.o(i.inet_chksum)
    inet_chksum_pbuf                         0x0800600d   Thumb Code    86  inet_chksum.o(i.inet_chksum_pbuf)
    ip4_addr_isbroadcast                     0x08006063   Thumb Code    78  ip_addr.o(i.ip4_addr_isbroadcast)
    ip_input                                 0x080060b1   Thumb Code   604  ip.o(i.ip_input)
    ip_output                                0x08006325   Thumb Code    72  ip.o(i.ip_output)
    ip_output_if                             0x08006371   Thumb Code   208  ip.o(i.ip_output_if)
    ip_route                                 0x08006449   Thumb Code    92  ip.o(i.ip_route)
    lwip_htonl                               0x080067b9   Thumb Code    26  def.o(i.lwip_htonl)
    lwip_htons                               0x080067d3   Thumb Code    12  def.o(i.lwip_htons)
    lwip_init                                0x080067df   Thumb Code    36  init.o(i.lwip_init)
    lwip_ntohl                               0x08006803   Thumb Code    12  def.o(i.lwip_ntohl)
    lwip_ntohs                               0x0800680f   Thumb Code    12  def.o(i.lwip_ntohs)
    main                                     0x08006879   Thumb Code    42  main.o(i.main)
    mem_free                                 0x080068f1   Thumb Code   144  mem.o(i.mem_free)
    mem_init                                 0x08006995   Thumb Code   100  mem.o(i.mem_init)
    mem_malloc                               0x08006a11   Thumb Code   376  mem.o(i.mem_malloc)
    mem_trim                                 0x08006bb1   Thumb Code   338  mem.o(i.mem_trim)
    memp_free                                0x08006d19   Thumb Code    70  memp.o(i.memp_free)
    memp_init                                0x08006d69   Thumb Code   122  memp.o(i.memp_init)
    memp_malloc                              0x08006df9   Thumb Code   138  memp.o(i.memp_malloc)
    netif_add                                0x08006ec1   Thumb Code   132  netif.o(i.netif_add)
    netif_init                               0x08006f4d   Thumb Code     2  netif.o(i.netif_init)
    netif_set_addr                           0x08006f4f   Thumb Code    40  netif.o(i.netif_set_addr)
    netif_set_default                        0x08006f79   Thumb Code    10  netif.o(i.netif_set_default)
    netif_set_down                           0x08006f89   Thumb Code    42  netif.o(i.netif_set_down)
    netif_set_gw                             0x08006fb3   Thumb Code    16  netif.o(i.netif_set_gw)
    netif_set_ipaddr                         0x08006fc5   Thumb Code   124  netif.o(i.netif_set_ipaddr)
    netif_set_link_callback                  0x08007049   Thumb Code     6  netif.o(i.netif_set_link_callback)
    netif_set_link_down                      0x0800704f   Thumb Code    42  netif.o(i.netif_set_link_down)
    netif_set_link_up                        0x08007079   Thumb Code    80  netif.o(i.netif_set_link_up)
    netif_set_netmask                        0x080070c9   Thumb Code    16  netif.o(i.netif_set_netmask)
    netif_set_up                             0x080070d9   Thumb Code    54  netif.o(i.netif_set_up)
    pbuf_alloc                               0x0800710f   Thumb Code   418  pbuf.o(i.pbuf_alloc)
    pbuf_cat                                 0x080072b1   Thumb Code    56  pbuf.o(i.pbuf_cat)
    pbuf_chain                               0x080072e9   Thumb Code    26  pbuf.o(i.pbuf_chain)
    pbuf_clen                                0x08007303   Thumb Code    18  pbuf.o(i.pbuf_clen)
    pbuf_copy                                0x08007315   Thumb Code   200  pbuf.o(i.pbuf_copy)
    pbuf_copy_partial                        0x080073dd   Thumb Code   146  pbuf.o(i.pbuf_copy_partial)
    pbuf_free                                0x0800746f   Thumb Code   138  pbuf.o(i.pbuf_free)
    pbuf_header                              0x080074f9   Thumb Code   134  pbuf.o(i.pbuf_header)
    pbuf_realloc                             0x0800757f   Thumb Code   120  pbuf.o(i.pbuf_realloc)
    pbuf_ref                                 0x080075f7   Thumb Code    26  pbuf.o(i.pbuf_ref)
    put_fat                                  0x08007a8f   Thumb Code   310  ff.o(i.put_fat)
    pvPortMalloc                             0x08007bc5   Thumb Code   140  heap_4.o(i.pvPortMalloc)
    pxPortInitialiseStack                    0x08007c5d   Thumb Code    26  port.o(i.pxPortInitialiseStack)
    raw_input                                0x08007c79   Thumb Code   102  raw.o(i.raw_input)
    stats_init                               0x08007d65   Thumb Code    50  stats.o(i.stats_init)
    sys_arch_mbox_fetch                      0x08007ebf   Thumb Code    98  sys_arch.o(i.sys_arch_mbox_fetch)
    sys_arch_protect                         0x08007f21   Thumb Code    10  sys_arch.o(i.sys_arch_protect)
    sys_arch_sem_wait                        0x08007f2b   Thumb Code    86  sys_arch.o(i.sys_arch_sem_wait)
    sys_arch_unprotect                       0x08007f81   Thumb Code    10  sys_arch.o(i.sys_arch_unprotect)
    sys_init                                 0x08007f8d   Thumb Code     8  sys_arch.o(i.sys_init)
    sys_mbox_new                             0x08007f99   Thumb Code    70  sys_arch.o(i.sys_mbox_new)
    sys_mbox_trypost                         0x08007fe5   Thumb Code    48  sys_arch.o(i.sys_mbox_trypost)
    sys_mbox_valid                           0x08008019   Thumb Code    14  sys_arch.o(i.sys_mbox_valid)
    sys_sem_new                              0x08008029   Thumb Code   116  sys_arch.o(i.sys_sem_new)
    sys_sem_signal                           0x080080a1   Thumb Code    18  sys_arch.o(i.sys_sem_signal)
    sys_thread_new                           0x080080b5   Thumb Code    76  sys_arch.o(i.sys_thread_new)
    sys_timeout                              0x08008105   Thumb Code   152  timers.o(i.sys_timeout)
    sys_timeouts_init                        0x080081a1   Thumb Code    40  timers.o(i.sys_timeouts_init)
    sys_timeouts_mbox_fetch                  0x080081d5   Thumb Code   132  timers.o(i.sys_timeouts_mbox_fetch)
    sys_untimeout                            0x0800825d   Thumb Code    90  timers.o(i.sys_untimeout)
    tasktest                                 0x080082bd   Thumb Code    62  main.o(i.tasktest)
    tcp_abandon                              0x08008309   Thumb Code   140  tcp.o(i.tcp_abandon)
    tcp_abort                                0x080083a1   Thumb Code    14  tcp.o(i.tcp_abort)
    tcp_alloc                                0x080083b1   Thumb Code   212  tcp.o(i.tcp_alloc)
    tcp_close                                0x08008499   Thumb Code    28  tcp.o(i.tcp_close)
    tcp_eff_send_mss                         0x08008749   Thumb Code    46  tcp.o(i.tcp_eff_send_mss)
    tcp_enqueue_flags                        0x08008779   Thumb Code   358  tcp_out.o(i.tcp_enqueue_flags)
    tcp_fasttmr                              0x080088e5   Thumb Code   114  tcp.o(i.tcp_fasttmr)
    tcp_init                                 0x08008965   Thumb Code     2  tcp.o(i.tcp_init)
    tcp_input                                0x08008969   Thumb Code  1286  tcp_in.o(i.tcp_input)
    tcp_keepalive                            0x08008e99   Thumb Code    98  tcp_out.o(i.tcp_keepalive)
    tcp_next_iss                             0x080090e9   Thumb Code    20  tcp.o(i.tcp_next_iss)
    tcp_output                               0x08009105   Thumb Code   444  tcp_out.o(i.tcp_output)
    tcp_pcb_purge                            0x080094f5   Thumb Code    88  tcp.o(i.tcp_pcb_purge)
    tcp_pcb_remove                           0x0800954d   Thumb Code   140  tcp.o(i.tcp_pcb_remove)
    tcp_process_refused_data                 0x08009b95   Thumb Code   148  tcp.o(i.tcp_process_refused_data)
    tcp_recv_null                            0x0800a2a1   Thumb Code    46  tcp.o(i.tcp_recv_null)
    tcp_recved                               0x0800a2cf   Thumb Code    74  tcp.o(i.tcp_recved)
    tcp_rexmit                               0x0800a319   Thumb Code    90  tcp_out.o(i.tcp_rexmit)
    tcp_rexmit_fast                          0x0800a373   Thumb Code   120  tcp_out.o(i.tcp_rexmit_fast)
    tcp_rexmit_rto                           0x0800a3eb   Thumb Code    58  tcp_out.o(i.tcp_rexmit_rto)
    tcp_rst                                  0x0800a425   Thumb Code   146  tcp_out.o(i.tcp_rst)
    tcp_seg_free                             0x0800a4bd   Thumb Code    26  tcp.o(i.tcp_seg_free)
    tcp_segs_free                            0x0800a4d7   Thumb Code    24  tcp.o(i.tcp_segs_free)
    tcp_send_empty_ack                       0x0800a4ef   Thumb Code    86  tcp_out.o(i.tcp_send_empty_ack)
    tcp_send_fin                             0x0800a545   Thumb Code    74  tcp_out.o(i.tcp_send_fin)
    tcp_slowtmr                              0x0800a591   Thumb Code   832  tcp.o(i.tcp_slowtmr)
    tcp_timer_needed                         0x0800a8f1   Thumb Code    38  timers.o(i.tcp_timer_needed)
    tcp_tmr                                  0x0800a9d5   Thumb Code    30  tcp.o(i.tcp_tmr)
    tcp_update_rcv_ann_wnd                   0x0800a9f9   Thumb Code    78  tcp.o(i.tcp_update_rcv_ann_wnd)
    tcp_zero_window_probe                    0x0800aa49   Thumb Code   194  tcp_out.o(i.tcp_zero_window_probe)
    tcpip_init                               0x0800ab11   Thumb Code    52  tcpip.o(i.tcpip_init)
    tcpip_input                              0x0800ab5d   Thumb Code    72  tcpip.o(i.tcpip_input)
    udp_bind                                 0x0800acc5   Thumb Code   146  udp.o(i.udp_bind)
    udp_init                                 0x0800ad5d   Thumb Code     2  udp.o(i.udp_init)
    udp_input                                0x0800ad61   Thumb Code   580  udp.o(i.udp_input)
    udp_sendto_if                            0x0800b00d   Thumb Code   254  udp.o(i.udp_sendto_if)
    uxListRemove                             0x0800b111   Thumb Code    40  list.o(i.uxListRemove)
    vApplicationStackOverflowHook            0x0800b139   Thumb Code    28  main.o(i.vApplicationStackOverflowHook)
    vListInitialise                          0x0800b155   Thumb Code    26  list.o(i.vListInitialise)
    vListInitialiseItem                      0x0800b16f   Thumb Code     6  list.o(i.vListInitialiseItem)
    vListInsert                              0x0800b175   Thumb Code    52  list.o(i.vListInsert)
    vListInsertEnd                           0x0800b1a9   Thumb Code    28  list.o(i.vListInsertEnd)
    vPortEnterCritical                       0x0800b1c5   Thumb Code    18  port.o(i.vPortEnterCritical)
    vPortExitCritical                        0x0800b1dd   Thumb Code    26  port.o(i.vPortExitCritical)
    vPortFree                                0x0800b1fd   Thumb Code    40  heap_4.o(i.vPortFree)
    vPortSetupTimerInterrupt                 0x0800b229   Thumb Code    26  port.o(i.vPortSetupTimerInterrupt)
    vPortYieldFromISR                        0x0800b249   Thumb Code    10  port.o(i.vPortYieldFromISR)
    vTaskDelay                               0x0800b259   Thumb Code    48  tasks.o(i.vTaskDelay)
    vTaskDelete                              0x0800b291   Thumb Code    94  tasks.o(i.vTaskDelete)
    vTaskIncrementTick                       0x0800b305   Thumb Code   254  tasks.o(i.vTaskIncrementTick)
    vTaskMissedYield                         0x0800b429   Thumb Code     8  tasks.o(i.vTaskMissedYield)
    vTaskPlaceOnEventList                    0x0800b435   Thumb Code    52  tasks.o(i.vTaskPlaceOnEventList)
    vTaskPriorityDisinherit                  0x0800b471   Thumb Code    70  tasks.o(i.vTaskPriorityDisinherit)
    vTaskPriorityInherit                     0x0800b4c1   Thumb Code   118  tasks.o(i.vTaskPriorityInherit)
    vTaskSetTimeOutState                     0x0800b545   Thumb Code    28  tasks.o(i.vTaskSetTimeOutState)
    vTaskStartScheduler                      0x0800b569   Thumb Code    62  tasks.o(i.vTaskStartScheduler)
    vTaskSuspendAll                          0x0800b5bd   Thumb Code    12  tasks.o(i.vTaskSuspendAll)
    vTaskSwitchContext                       0x0800b5cd   Thumb Code   164  tasks.o(i.vTaskSwitchContext)
    xPortStartScheduler                      0x0800b6c1   Thumb Code    42  port.o(i.xPortStartScheduler)
    xPortSysTickHandler                      0x0800b6f5   Thumb Code    26  port.o(i.xPortSysTickHandler)
    xQueueGenericCreate                      0x0800b715   Thumb Code    92  queue.o(i.xQueueGenericCreate)
    xQueueGenericReceive                     0x0800b771   Thumb Code   314  queue.o(i.xQueueGenericReceive)
    xQueueGenericReset                       0x0800b8ab   Thumb Code   118  queue.o(i.xQueueGenericReset)
    xQueueGenericSend                        0x0800b921   Thumb Code   238  queue.o(i.xQueueGenericSend)
    xQueueGenericSendFromISR                 0x0800ba0f   Thumb Code   128  queue.o(i.xQueueGenericSendFromISR)
    xTaskCheckForTimeOut                     0x0800ba91   Thumb Code   102  tasks.o(i.xTaskCheckForTimeOut)
    xTaskGenericCreate                       0x0800bb01   Thumb Code   328  tasks.o(i.xTaskGenericCreate)
    xTaskGetCurrentTaskHandle                0x0800bc65   Thumb Code     6  tasks.o(i.xTaskGetCurrentTaskHandle)
    xTaskGetTickCount                        0x0800bc71   Thumb Code    18  tasks.o(i.xTaskGetTickCount)
    xTaskRemoveFromEventList                 0x0800bc89   Thumb Code   106  tasks.o(i.xTaskRemoveFromEventList)
    xTaskResumeAll                           0x0800bd09   Thumb Code   202  tasks.o(i.xTaskResumeAll)
    tcp_state_str                            0x0800be54   Data          44  tcp.o(.constdata)
    tcp_backoff                              0x0800be80   Data          13  tcp.o(.constdata)
    tcp_persist_backoff                      0x0800be8d   Data           7  tcp.o(.constdata)
    tcp_pcb_lists                            0x0800be94   Data          16  tcp.o(.constdata)
    ip_addr_any                              0x0800bea4   Data           4  ip_addr.o(.constdata)
    ip_addr_broadcast                        0x0800bea8   Data           4  ip_addr.o(.constdata)
    ethbroadcast                             0x0800beac   Data           6  etharp.o(.constdata)
    ethzero                                  0x0800beb2   Data           6  etharp.o(.constdata)
    Region$$Table$$Base                      0x0800c044   Number         0  anon$$obj.o(Region$$Table)
    Region$$Table$$Limit                     0x0800c064   Number         0  anon$$obj.o(Region$$Table)
    SystemCoreClock                          0x20000000   Data           4  system_stm32f4xx.o(.data)
    AHBPrescTable                            0x20000004   Data          16  system_stm32f4xx.o(.data)
    netif_list                               0x20000034   Data           4  netif.o(.data)
    netif_default                            0x20000038   Data           4  netif.o(.data)
    tcp_ticks                                0x20000048   Data           4  tcp.o(.data)
    tcp_bound_pcbs                           0x2000004c   Data           4  tcp.o(.data)
    tcp_listen_pcbs                          0x20000050   Data           4  tcp.o(.data)
    tcp_active_pcbs                          0x20000054   Data           4  tcp.o(.data)
    tcp_tw_pcbs                              0x20000058   Data           4  tcp.o(.data)
    tcp_tmp_pcb                              0x2000005c   Data           4  tcp.o(.data)
    tcp_active_pcbs_changed                  0x20000060   Data           1  tcp.o(.data)
    tcp_input_pcb                            0x20000084   Data           4  tcp_in.o(.data)
    udp_pcbs                                 0x20000094   Data           4  udp.o(.data)
    current_netif                            0x20000098   Data           4  ip.o(.data)
    current_header                           0x2000009c   Data           4  ip.o(.data)
    current_iphdr_src                        0x200000a0   Data           4  ip.o(.data)
    current_iphdr_dest                       0x200000a4   Data           4  ip.o(.data)
    s_xSemaphore                             0x200000b0   Data           4  ethernetif.o(.data)
    DMATxDescToSet                           0x200000cc   Data           4  stm32f4x7_eth.o(.data)
    DMARxDescToGet                           0x200000d0   Data           4  stm32f4x7_eth.o(.data)
    DMA_RX_FRAME_infos                       0x200000d4   Data           4  stm32f4x7_eth.o(.data)
    Frame_Rx_index                           0x200000d8   Data           4  stm32f4x7_eth.o(.data)
    pxCurrentTCB                             0x200000e0   Data           4  tasks.o(.data)
    EthStatus                                0x2000012c   Data           4  stm32f4x7_eth_bsp.o(.data)
    ETH_link_xSemaphore                      0x20000130   Data           4  stm32f4x7_eth_bsp.o(.data)
    StopCondition                            0x2000013c   Data           4  sdio_sd.o(.data)
    TransferError                            0x20000140   Data           1  sdio_sd.o(.data)
    TransferEnd                              0x20000144   Data           4  sdio_sd.o(.data)
    DMAEndOfTransfer                         0x20000148   Data           4  sdio_sd.o(.data)
    ram_heap                                 0x20000154   Data       10260  mem.o(.bss)
    lwip_stats                               0x20005450   Data         372  stats.o(.bss)
    DMARxDscrTab                             0x200056a0   Data         128  stm32f4x7_eth.o(.bss)
    DMATxDscrTab                             0x20005720   Data         128  stm32f4x7_eth.o(.bss)
    Rx_Buff                                  0x200057a0   Data        6096  stm32f4x7_eth.o(.bss)
    Tx_Buff                                  0x20006f70   Data        6096  stm32f4x7_eth.o(.bss)
    RX_Frame_Descriptor                      0x20008740   Data          12  stm32f4x7_eth.o(.bss)
    ETH_InitStructure                        0x2000d898   Data         188  stm32f4x7_eth_bsp.o(.bss)
    xnetif                                   0x2000d954   Data          56  netconf.o(.bss)
    SDCardInfo                               0x2000d9c0   Data          88  sdio_sd.o(.bss)
    SDIO_InitStructure                       0x2000da18   Data          24  sdio_sd.o(.bss)
    SDIO_CmdInitStructure                    0x2000da30   Data          20  sdio_sd.o(.bss)
    SDIO_DataInitStructure                   0x2000da44   Data          24  sdio_sd.o(.bss)
    __initial_sp                             0x2000e260   Data           0  startup_stm32f427x.o(STACK)



==============================================================================

Memory Map of the image

  Image Entry point : 0x0800019d

  Load Region LR_IROM1 (Base: 0x08000000, Size: 0x0000c1b8, Max: 0x00200000, ABSOLUTE, COMPRESSED[0x0000c094])

    Execution Region ER_IROM1 (Base: 0x08000000, Size: 0x0000c064, Max: 0x00200000, ABSOLUTE)

    Base Addr    Size         Type   Attr      Idx    E Section Name        Object

    0x08000000   0x0000019c   Data   RO          151    RESET               startup_stm32f427x.o
    0x0800019c   0x00000000   Code   RO         6817  * .ARM.Collect$$$$00000000  mc_w.l(entry.o)
    0x0800019c   0x00000004   Code   RO         7105    .ARM.Collect$$$$00000001  mc_w.l(entry2.o)
    0x080001a0   0x00000004   Code   RO         7108    .ARM.Collect$$$$00000004  mc_w.l(entry5.o)
    0x080001a4   0x00000000   Code   RO         7110    .ARM.Collect$$$$00000008  mc_w.l(entry7b.o)
    0x080001a4   0x00000000   Code   RO         7112    .ARM.Collect$$$$0000000A  mc_w.l(entry8b.o)
    0x080001a4   0x00000008   Code   RO         7113    .ARM.Collect$$$$0000000B  mc_w.l(entry9a.o)
    0x080001ac   0x00000000   Code   RO         7115    .ARM.Collect$$$$0000000D  mc_w.l(entry10a.o)
    0x080001ac   0x00000000   Code   RO         7117    .ARM.Collect$$$$0000000F  mc_w.l(entry11a.o)
    0x080001ac   0x00000004   Code   RO         7106    .ARM.Collect$$$$00002712  mc_w.l(entry2.o)
    0x080001b0   0x00000084   Code   RO         4816    .emb_text           port.o
    0x08000234   0x00000024   Code   RO          152    .text               startup_stm32f427x.o
    0x08000258   0x00000024   Code   RO         6820    .text               mc_w.l(memcpya.o)
    0x0800027c   0x00000024   Code   RO         6822    .text               mc_w.l(memseta.o)
    0x080002a0   0x00000018   Code   RO         6826    .text               mc_w.l(strncpy.o)
    0x080002b8   0x0000001a   Code   RO         6830    .text               mc_w.l(memcmp.o)
    0x080002d2   0x00000012   Code   RO         6832    .text               mc_w.l(strcpy.o)
    0x080002e4   0x00000024   Code   RO         7178    .text               mc_w.l(init.o)
    0x08000308   0x00000056   Code   RO         7213    .text               mc_w.l(__dczerorl2.o)
    0x0800035e   0x00000004   Code   RO         6108    i.BusFault_Handler  stm32f4xx_it.o
    0x08000362   0x0000002c   Code   RO         6192    i.CmdError          sdio_sd.o
    0x0800038e   0x00000002   PAD
    0x08000390   0x00000134   Code   RO         6193    i.CmdResp1Error     sdio_sd.o
    0x080004c4   0x0000004c   Code   RO         6194    i.CmdResp2Error     sdio_sd.o
    0x08000510   0x00000038   Code   RO         6195    i.CmdResp3Error     sdio_sd.o
    0x08000548   0x0000009c   Code   RO         6196    i.CmdResp6Error     sdio_sd.o
    0x080005e4   0x0000004c   Code   RO         6197    i.CmdResp7Error     sdio_sd.o
    0x08000630   0x00000008   Code   RO         6109    i.DMA2_Stream3_IRQHandler  stm32f4xx_it.o
    0x08000638   0x00000034   Code   RO         2499    i.DMA_ClearFlag     stm32f4xx_dma.o
    0x0800066c   0x00000016   Code   RO         2501    i.DMA_Cmd           stm32f4xx_dma.o
    0x08000682   0x00000002   PAD
    0x08000684   0x00000158   Code   RO         2502    i.DMA_DeInit        stm32f4xx_dma.o
    0x080007dc   0x00000016   Code   RO         2505    i.DMA_FlowControllerConfig  stm32f4xx_dma.o
    0x080007f2   0x0000003a   Code   RO         2512    i.DMA_ITConfig      stm32f4xx_dma.o
    0x0800082c   0x00000058   Code   RO         2513    i.DMA_Init          stm32f4xx_dma.o
    0x08000884   0x00000002   Code   RO         6110    i.DebugMon_Handler  stm32f4xx_it.o
    0x08000886   0x00000002   Code   RO         5392    i.Delay             main.o
    0x08000888   0x0000008c   Code   RO         5475    i.ETH_BSP_Config    stm32f4x7_eth_bsp.o
    0x08000914   0x0000000c   Code   RO         4295    i.ETH_DMAClearITPendingBit  stm32f4x7_eth.o
    0x08000920   0x00000020   Code   RO         4296    i.ETH_DMAITConfig   stm32f4x7_eth.o
    0x08000940   0x00000024   Code   RO         4297    i.ETH_DMAReceptionCmd  stm32f4x7_eth.o
    0x08000964   0x00000064   Code   RO         4298    i.ETH_DMARxDescChainInit  stm32f4x7_eth.o
    0x080009c8   0x00000016   Code   RO         4299    i.ETH_DMARxDescReceiveITConfig  stm32f4x7_eth.o
    0x080009de   0x00000002   PAD
    0x080009e0   0x00000024   Code   RO         4300    i.ETH_DMATransmissionCmd  stm32f4x7_eth.o
    0x08000a04   0x00000050   Code   RO         4303    i.ETH_DMATxDescChainInit  stm32f4x7_eth.o
    0x08000a54   0x00000008   Code   RO         4304    i.ETH_DMATxDescChecksumInsertionConfig  stm32f4x7_eth.o
    0x08000a5c   0x00000016   Code   RO         4309    i.ETH_DeInit        stm32f4x7_eth.o
    0x08000a72   0x00000002   PAD
    0x08000a74   0x0000002c   Code   RO         4311    i.ETH_FlushTransmitFIFO  stm32f4x7_eth.o
    0x08000aa0   0x00000138   Code   RO         5476    i.ETH_GPIO_Config   stm32f4x7_eth_bsp.o
    0x08000bd8   0x00000018   Code   RO         4317    i.ETH_GetDMAFlagStatus  stm32f4x7_eth.o
    0x08000bf0   0x00000018   Code   RO         4337    i.ETH_GetSoftwareResetStatus  stm32f4x7_eth.o
    0x08000c08   0x00000118   Code   RO         4340    i.ETH_Get_Received_Frame_interrupt  stm32f4x7_eth.o
    0x08000d20   0x00000040   Code   RO         6111    i.ETH_IRQHandler    stm32f4xx_it.o
    0x08000d60   0x000003ac   Code   RO         4342    i.ETH_Init          stm32f4x7_eth.o
    0x0800110c   0x00000034   Code   RO         4344    i.ETH_MACAddressConfig  stm32f4x7_eth.o
    0x08001140   0x000000ac   Code   RO         5477    i.ETH_MACDMA_Config  stm32f4x7_eth_bsp.o
    0x080011ec   0x0000003c   Code   RO         4349    i.ETH_MACReceptionCmd  stm32f4x7_eth.o
    0x08001228   0x0000003c   Code   RO         4350    i.ETH_MACTransmissionCmd  stm32f4x7_eth.o
    0x08001264   0x00000022   Code   RO         5478    i.ETH_NVIC_Config   stm32f4x7_eth_bsp.o
    0x08001286   0x00000002   PAD
    0x08001288   0x000000cc   Code   RO         4361    i.ETH_Prepare_Transmit_Descriptors  stm32f4x7_eth.o
    0x08001354   0x0000006c   Code   RO         4362    i.ETH_ReadPHYRegister  stm32f4x7_eth.o
    0x080013c0   0x00000014   Code   RO         4370    i.ETH_SoftwareReset  stm32f4x7_eth.o
    0x080013d4   0x00000020   Code   RO         4371    i.ETH_Start         stm32f4x7_eth.o
    0x080013f4   0x00000020   Code   RO         4372    i.ETH_Stop          stm32f4x7_eth.o
    0x08001414   0x000000b2   Code   RO         4373    i.ETH_StructInit    stm32f4x7_eth.o
    0x080014c6   0x00000002   PAD
    0x080014c8   0x00000068   Code   RO         4375    i.ETH_WritePHYRegister  stm32f4x7_eth.o
    0x08001530   0x000000f0   Code   RO         5479    i.ETH_link_callback  stm32f4x7_eth_bsp.o
    0x08001620   0x00000038   Code   RO         6112    i.EXTI15_10_IRQHandler  stm32f4xx_it.o
    0x08001658   0x0000000c   Code   RO         2628    i.EXTI_ClearITPendingBit  stm32f4xx_exti.o
    0x08001664   0x00000028   Code   RO         2632    i.EXTI_GetITStatus  stm32f4xx_exti.o
    0x0800168c   0x00000094   Code   RO         2633    i.EXTI_Init         stm32f4xx_exti.o
    0x08001720   0x00000078   Code   RO         5480    i.Eth_Link_EXTIConfig  stm32f4x7_eth_bsp.o
    0x08001798   0x00000050   Code   RO         5481    i.Eth_Link_IT_task  stm32f4x7_eth_bsp.o
    0x080017e8   0x00000046   Code   RO         5482    i.Eth_Link_PHYITConfig  stm32f4x7_eth_bsp.o
    0x0800182e   0x00000002   PAD
    0x08001830   0x00000048   Code   RO         2898    i.FMC_GetFlagStatus  stm32f4xx_fmc.o
    0x08001878   0x00000020   Code   RO         2915    i.FMC_SDRAMCmdConfig  stm32f4xx_fmc.o
    0x08001898   0x000000f8   Code   RO         2917    i.FMC_SDRAMInit     stm32f4xx_fmc.o
    0x08001990   0x00000018   Code   RO         2921    i.FMC_SetRefreshCount  stm32f4xx_fmc.o
    0x080019a8   0x00000194   Code   RO         6198    i.FindSCR           sdio_sd.o
    0x08001b3c   0x00000090   Code   RO         3072    i.GPIO_Init         stm32f4xx_gpio.o
    0x08001bcc   0x00000046   Code   RO         3073    i.GPIO_PinAFConfig  stm32f4xx_gpio.o
    0x08001c12   0x00000012   Code   RO         3076    i.GPIO_ReadInputDataBit  stm32f4xx_gpio.o
    0x08001c24   0x00000004   Code   RO         3079    i.GPIO_ResetBits    stm32f4xx_gpio.o
    0x08001c28   0x00000004   Code   RO         3080    i.GPIO_SetBits      stm32f4xx_gpio.o
    0x08001c2c   0x00000004   Code   RO         6113    i.HardFault_Handler  stm32f4xx_it.o
    0x08001c30   0x0000008c   Code   RO         5547    i.LwIP_Init         netconf.o
    0x08001cbc   0x00000048   Code   RO         5393    i.Main_task         main.o
    0x08001d04   0x00000004   Code   RO         6114    i.MemManage_Handler  stm32f4xx_it.o
    0x08001d08   0x00000002   Code   RO         6115    i.NMI_Handler       stm32f4xx_it.o
    0x08001d0a   0x00000002   PAD
    0x08001d0c   0x00000078   Code   RO         2451    i.NVIC_Init         misc.o
    0x08001d84   0x00000014   Code   RO         2452    i.NVIC_PriorityGroupConfig  misc.o
    0x08001d98   0x0000003a   Code   RO         6200    i.NVIC_SDIO_Configuration  sdio_sd.o
    0x08001dd2   0x00000002   PAD
    0x08001dd4   0x00000020   Code   RO         3169    i.RCC_AHB1PeriphClockCmd  stm32f4xx_rcc.o
    0x08001df4   0x00000020   Code   RO         3171    i.RCC_AHB1PeriphResetCmd  stm32f4xx_rcc.o
    0x08001e14   0x00000020   Code   RO         3175    i.RCC_AHB3PeriphClockCmd  stm32f4xx_rcc.o
    0x08001e34   0x00000020   Code   RO         3181    i.RCC_APB2PeriphClockCmd  stm32f4xx_rcc.o
    0x08001e54   0x00000020   Code   RO         3183    i.RCC_APB2PeriphResetCmd  stm32f4xx_rcc.o
    0x08001e74   0x000000e8   Code   RO         3190    i.RCC_GetClocksFreq  stm32f4xx_rcc.o
    0x08001f5c   0x0000001c   Code   RO         3202    i.RCC_MCO1Config    stm32f4xx_rcc.o
    0x08001f78   0x00000016   Code   RO         3941    i.RTC_Bcd2ToByte    stm32f4xx_rtc.o
    0x08001f8e   0x00000002   PAD
    0x08001f90   0x0000004c   Code   RO         3957    i.RTC_GetDate       stm32f4xx_rtc.o
    0x08001fdc   0x00000050   Code   RO         3962    i.RTC_GetTime       stm32f4xx_rtc.o
    0x0800202c   0x0000011c   Code   RO         6201    i.SDEnWideBus       sdio_sd.o
    0x08002148   0x0000000c   Code   RO         3498    i.SDIO_ClearFlag    stm32f4xx_sdio.o
    0x08002154   0x0000000c   Code   RO         3499    i.SDIO_ClearITPendingBit  stm32f4xx_sdio.o
    0x08002160   0x0000000c   Code   RO         3500    i.SDIO_ClockCmd     stm32f4xx_sdio.o
    0x0800216c   0x0000000c   Code   RO         3503    i.SDIO_DMACmd       stm32f4xx_sdio.o
    0x08002178   0x00000034   Code   RO         3504    i.SDIO_DataConfig   stm32f4xx_sdio.o
    0x080021ac   0x00000016   Code   RO         3506    i.SDIO_DeInit       stm32f4xx_sdio.o
    0x080021c2   0x00000002   PAD
    0x080021c4   0x0000000c   Code   RO         3507    i.SDIO_GetCommandResponse  stm32f4xx_sdio.o
    0x080021d0   0x00000018   Code   RO         3510    i.SDIO_GetFlagStatus  stm32f4xx_sdio.o
    0x080021e8   0x00000018   Code   RO         3511    i.SDIO_GetITStatus  stm32f4xx_sdio.o
    0x08002200   0x00000010   Code   RO         3512    i.SDIO_GetPowerState  stm32f4xx_sdio.o
    0x08002210   0x00000018   Code   RO         3513    i.SDIO_GetResponse  stm32f4xx_sdio.o
    0x08002228   0x00000008   Code   RO         6116    i.SDIO_IRQHandler   stm32f4xx_it.o
    0x08002230   0x00000020   Code   RO         3514    i.SDIO_ITConfig     stm32f4xx_sdio.o
    0x08002250   0x00000030   Code   RO         3515    i.SDIO_Init         stm32f4xx_sdio.o
    0x08002280   0x0000000c   Code   RO         3516    i.SDIO_ReadData     stm32f4xx_sdio.o
    0x0800228c   0x0000002c   Code   RO         3518    i.SDIO_SendCommand  stm32f4xx_sdio.o
    0x080022b8   0x0000000c   Code   RO         3520    i.SDIO_SetPowerState  stm32f4xx_sdio.o
    0x080022c4   0x00000020   Code   RO         6203    i.SD_Detect         sdio_sd.o
    0x080022e4   0x00000090   Code   RO         6204    i.SD_EnableWideBusOperation  sdio_sd.o
    0x08002374   0x000002f8   Code   RO         6206    i.SD_GetCardInfo    sdio_sd.o
    0x0800266c   0x00000026   Code   RO         6208    i.SD_GetState       sdio_sd.o
    0x08002692   0x0000001e   Code   RO         6209    i.SD_GetStatus      sdio_sd.o
    0x080026b0   0x00000088   Code   RO         6211    i.SD_Init           sdio_sd.o
    0x08002738   0x0000013c   Code   RO         6212    i.SD_InitializeCards  sdio_sd.o
    0x08002874   0x0000008c   Code   RO         6213    i.SD_LowLevel_DMA_RxConfig  sdio_sd.o
    0x08002900   0x00000090   Code   RO         6214    i.SD_LowLevel_DMA_TxConfig  sdio_sd.o
    0x08002990   0x000000c0   Code   RO         6216    i.SD_LowLevel_Init  sdio_sd.o
    0x08002a50   0x000001a8   Code   RO         6218    i.SD_PowerON        sdio_sd.o
    0x08002bf8   0x00000028   Code   RO         6219    i.SD_ProcessDMAIRQ  sdio_sd.o
    0x08002c20   0x000000ac   Code   RO         6220    i.SD_ProcessIRQSrc  sdio_sd.o
    0x08002ccc   0x000000f8   Code   RO         6223    i.SD_ReadMultiBlocksFIXED  sdio_sd.o
    0x08002dc4   0x00000034   Code   RO         6224    i.SD_SelectDeselect  sdio_sd.o
    0x08002df8   0x00000054   Code   RO         6226    i.SD_SendStatus     sdio_sd.o
    0x08002e4c   0x00000034   Code   RO         6227    i.SD_StopTransfer   sdio_sd.o
    0x08002e80   0x00000080   Code   RO         6228    i.SD_WaitReadOperation  sdio_sd.o
    0x08002f00   0x00000080   Code   RO         6229    i.SD_WaitWriteOperation  sdio_sd.o
    0x08002f80   0x00000160   Code   RO         6232    i.SD_WriteMultiBlocksFIXED  sdio_sd.o
    0x080030e0   0x0000000c   Code   RO         3693    i.SYSCFG_ETH_MediaInterfaceConfig  stm32f4xx_syscfg.o
    0x080030ec   0x00000040   Code   RO         3694    i.SYSCFG_EXTILineConfig  stm32f4xx_syscfg.o
    0x0800312c   0x00000108   Code   RO            3    i.SetSysClock       system_stm32f4xx.o
    0x08003234   0x00000008   Code   RO         6117    i.SysTick_Handler   stm32f4xx_it.o
    0x0800323c   0x0000006c   Code   RO            5    i.SystemInit        system_stm32f4xx.o
    0x080032a8   0x00000370   Code   RO            6    i.SystemInit_ExtMemCtl  system_stm32f4xx.o
    0x08003618   0x00000002   Code   RO         3741    i.UART_printf       stm32f4xx_usart.o
    0x0800361a   0x00000004   Code   RO         6118    i.UsageFault_Handler  stm32f4xx_it.o
    0x0800361e   0x0000000e   Code   RO         7207    i.__scatterload_copy  mc_w.l(handlers.o)
    0x0800362c   0x00000002   Code   RO         7208    i.__scatterload_null  mc_w.l(handlers.o)
    0x0800362e   0x0000000e   Code   RO         7209    i.__scatterload_zeroinit  mc_w.l(handlers.o)
    0x0800363c   0x00000020   Code   RO         1816    i.arp_timer         timers.o
    0x0800365c   0x0000001c   Code   RO         2259    i.arp_timer         ethernetif.o
    0x08003678   0x00000090   Code   RO         6447    i.check_fs          ff.o
    0x08003708   0x00000014   Code   RO         6448    i.chk_chr           ff.o
    0x0800371c   0x0000039c   Code   RO         6449    i.chk_mounted       ff.o
    0x08003ab8   0x0000001a   Code   RO         6450    i.clust2sect        ff.o
    0x08003ad2   0x000000ca   Code   RO         6451    i.create_chain      ff.o
    0x08003b9c   0x00000120   Code   RO         6452    i.create_name       ff.o
    0x08003cbc   0x0000003a   Code   RO          789    i.dhcp_arp_reply    dhcp.o
    0x08003cf6   0x00000104   Code   RO          790    i.dhcp_bind         dhcp.o
    0x08003dfa   0x00000046   Code   RO          791    i.dhcp_check        dhcp.o
    0x08003e40   0x00000050   Code   RO          793    i.dhcp_coarse_tmr   dhcp.o
    0x08003e90   0x00000150   Code   RO          794    i.dhcp_create_msg   dhcp.o
    0x08003fe0   0x00000094   Code   RO          795    i.dhcp_decline      dhcp.o
    0x08004074   0x00000028   Code   RO          796    i.dhcp_delete_msg   dhcp.o
    0x0800409c   0x000000e4   Code   RO          797    i.dhcp_discover     dhcp.o
    0x08004180   0x00000048   Code   RO          798    i.dhcp_fine_tmr     dhcp.o
    0x080041c8   0x00000050   Code   RO          803    i.dhcp_network_changed  dhcp.o
    0x08004218   0x00000020   Code   RO          804    i.dhcp_option       dhcp.o
    0x08004238   0x00000012   Code   RO          805    i.dhcp_option_byte  dhcp.o
    0x0800424a   0x00000042   Code   RO          806    i.dhcp_option_long  dhcp.o
    0x0800428c   0x00000022   Code   RO          807    i.dhcp_option_short  dhcp.o
    0x080042ae   0x00000046   Code   RO          808    i.dhcp_option_trailer  dhcp.o
    0x080042f4   0x00000098   Code   RO          810    i.dhcp_rebind       dhcp.o
    0x0800438c   0x000000b8   Code   RO          811    i.dhcp_reboot       dhcp.o
    0x08004444   0x000000b8   Code   RO          813    i.dhcp_release      dhcp.o
    0x080044fc   0x00000096   Code   RO          814    i.dhcp_renew        dhcp.o
    0x08004592   0x00000002   PAD
    0x08004594   0x00000104   Code   RO          815    i.dhcp_select       dhcp.o
    0x08004698   0x00000010   Code   RO          816    i.dhcp_set_state    dhcp.o
    0x080046a8   0x00000028   Code   RO          820    i.dhcp_t1_timeout   dhcp.o
    0x080046d0   0x00000028   Code   RO          821    i.dhcp_t2_timeout   dhcp.o
    0x080046f8   0x000000c4   Code   RO          822    i.dhcp_timeout      dhcp.o
    0x080047bc   0x00000020   Code   RO         1817    i.dhcp_timer_coarse  timers.o
    0x080047dc   0x00000020   Code   RO         1818    i.dhcp_timer_fine   timers.o
    0x080047fc   0x00000056   Code   RO         6453    i.dir_alloc         ff.o
    0x08004852   0x0000005c   Code   RO         6454    i.dir_find          ff.o
    0x080048ae   0x00000114   Code   RO         6455    i.dir_next          ff.o
    0x080049c2   0x0000003a   Code   RO         6457    i.dir_register      ff.o
    0x080049fc   0x0000009c   Code   RO         6459    i.dir_sdi           ff.o
    0x08004a98   0x0000001a   Code   RO         6766    i.disk_initialize   diskio.o
    0x08004ab2   0x00000006   Code   RO         6767    i.disk_ioctl        diskio.o
    0x08004ab8   0x0000009a   Code   RO         6768    i.disk_read         diskio.o
    0x08004b52   0x00000016   Code   RO         6769    i.disk_status       diskio.o
    0x08004b68   0x0000009a   Code   RO         6770    i.disk_write        diskio.o
    0x08004c02   0x00000002   PAD
    0x08004c04   0x0000017c   Code   RO         2166    i.etharp_arp_input  etharp.o
    0x08004d80   0x00000038   Code   RO         2167    i.etharp_cleanup_netif  etharp.o
    0x08004db8   0x0000017c   Code   RO         2169    i.etharp_find_entry  etharp.o
    0x08004f34   0x00000078   Code   RO         2170    i.etharp_free_entry  etharp.o
    0x08004fac   0x00000164   Code   RO         2171    i.etharp_output     etharp.o
    0x08005110   0x0000006c   Code   RO         2172    i.etharp_output_to_arp_index  etharp.o
    0x0800517c   0x00000190   Code   RO         2173    i.etharp_query      etharp.o
    0x0800530c   0x000000d4   Code   RO         2174    i.etharp_raw        etharp.o
    0x080053e0   0x00000030   Code   RO         2175    i.etharp_request    etharp.o
    0x08005410   0x0000003c   Code   RO         2176    i.etharp_send_ip    etharp.o
    0x0800544c   0x00000094   Code   RO         2177    i.etharp_tmr        etharp.o
    0x080054e0   0x000000c4   Code   RO         2178    i.etharp_update_arp_entry  etharp.o
    0x080055a4   0x000000ec   Code   RO         2179    i.ethernet_input    etharp.o
    0x08005690   0x00000040   Code   RO         2260    i.ethernetif_init   ethernetif.o
    0x080056d0   0x00000048   Code   RO         2261    i.ethernetif_input  ethernetif.o
    0x08005718   0x00000016   Code   RO         6461    i.f_close           ff.o
    0x0800572e   0x0000004e   Code   RO         6464    i.f_gets            ff.o
    0x0800577c   0x0000002c   Code   RO         6467    i.f_mount           ff.o
    0x080057a8   0x0000015e   Code   RO         6468    i.f_open            ff.o
    0x08005906   0x000001ca   Code   RO         6473    i.f_read            ff.o
    0x08005ad0   0x000000b0   Code   RO         6478    i.f_sync            ff.o
    0x08005b80   0x00000092   Code   RO         6483    i.follow_path       ff.o
    0x08005c12   0x000000e4   Code   RO         6484    i.get_fat           ff.o
    0x08005cf6   0x0000004e   Code   RO         6743    i.get_fattime       fattime.o
    0x08005d44   0x00000012   Code   RO         1998    i.icmp_dest_unreach  icmp.o
    0x08005d56   0x00000002   PAD
    0x08005d58   0x00000204   Code   RO         1999    i.icmp_input        icmp.o
    0x08005f5c   0x0000009c   Code   RO         2000    i.icmp_send_response  icmp.o
    0x08005ff8   0x00000014   Code   RO         2036    i.inet_chksum       inet_chksum.o
    0x0800600c   0x00000056   Code   RO         2037    i.inet_chksum_pbuf  inet_chksum.o
    0x08006062   0x0000004e   Code   RO         2107    i.ip4_addr_isbroadcast  ip_addr.o
    0x080060b0   0x00000274   Code   RO         2071    i.ip_input          ip.o
    0x08006324   0x0000004c   Code   RO         2072    i.ip_output         ip.o
    0x08006370   0x000000d8   Code   RO         2073    i.ip_output_if      ip.o
    0x08006448   0x00000068   Code   RO         2074    i.ip_route          ip.o
    0x080064b0   0x00000020   Code   RO         6486    i.ld_clust          ff.o
    0x080064d0   0x000000fc   Code   RO         2262    i.low_level_init    ethernetif.o
    0x080065cc   0x000000f0   Code   RO         2263    i.low_level_input   ethernetif.o
    0x080066bc   0x000000fc   Code   RO         2264    i.low_level_output  ethernetif.o
    0x080067b8   0x0000001a   Code   RO          759    i.lwip_htonl        def.o
    0x080067d2   0x0000000c   Code   RO          760    i.lwip_htons        def.o
    0x080067de   0x00000024   Code   RO         1008    i.lwip_init         init.o
    0x08006802   0x0000000c   Code   RO          761    i.lwip_ntohl        def.o
    0x0800680e   0x0000000c   Code   RO          762    i.lwip_ntohs        def.o
    0x0800681a   0x0000005e   Code   RO         2040    i.lwip_standard_chksum  inet_chksum.o
    0x08006878   0x00000038   Code   RO         5394    i.main              main.o
    0x080068b0   0x00000026   Code   RO         6487    i.mem_cmp           ff.o
    0x080068d6   0x0000001a   Code   RO         6488    i.mem_cpy           ff.o
    0x080068f0   0x000000a4   Code   RO         1046    i.mem_free          mem.o
    0x08006994   0x0000007c   Code   RO         1047    i.mem_init          mem.o
    0x08006a10   0x0000018c   Code   RO         1048    i.mem_malloc        mem.o
    0x08006b9c   0x00000014   Code   RO         6489    i.mem_set           ff.o
    0x08006bb0   0x00000168   Code   RO         1049    i.mem_trim          mem.o
    0x08006d18   0x00000050   Code   RO         1090    i.memp_free         memp.o
    0x08006d68   0x00000090   Code   RO         1091    i.memp_init         memp.o
    0x08006df8   0x00000094   Code   RO         1092    i.memp_malloc       memp.o
    0x08006e8c   0x00000032   Code   RO         6490    i.move_window       ff.o
    0x08006ebe   0x00000002   PAD
    0x08006ec0   0x0000008c   Code   RO         1134    i.netif_add         netif.o
    0x08006f4c   0x00000002   Code   RO         1136    i.netif_init        netif.o
    0x08006f4e   0x00000028   Code   RO         1138    i.netif_set_addr    netif.o
    0x08006f76   0x00000002   PAD
    0x08006f78   0x00000010   Code   RO         1139    i.netif_set_default  netif.o
    0x08006f88   0x0000002a   Code   RO         1140    i.netif_set_down    netif.o
    0x08006fb2   0x00000010   Code   RO         1141    i.netif_set_gw      netif.o
    0x08006fc2   0x00000002   PAD
    0x08006fc4   0x00000084   Code   RO         1142    i.netif_set_ipaddr  netif.o
    0x08007048   0x00000006   Code   RO         1143    i.netif_set_link_callback  netif.o
    0x0800704e   0x0000002a   Code   RO         1144    i.netif_set_link_down  netif.o
    0x08007078   0x00000050   Code   RO         1145    i.netif_set_link_up  netif.o
    0x080070c8   0x00000010   Code   RO         1146    i.netif_set_netmask  netif.o
    0x080070d8   0x00000036   Code   RO         1147    i.netif_set_up      netif.o
    0x0800710e   0x000001a2   Code   RO         1234    i.pbuf_alloc        pbuf.o
    0x080072b0   0x00000038   Code   RO         1235    i.pbuf_cat          pbuf.o
    0x080072e8   0x0000001a   Code   RO         1236    i.pbuf_chain        pbuf.o
    0x08007302   0x00000012   Code   RO         1237    i.pbuf_clen         pbuf.o
    0x08007314   0x000000c8   Code   RO         1239    i.pbuf_copy         pbuf.o
    0x080073dc   0x00000092   Code   RO         1240    i.pbuf_copy_partial  pbuf.o
    0x0800746e   0x0000008a   Code   RO         1242    i.pbuf_free         pbuf.o
    0x080074f8   0x00000086   Code   RO         1244    i.pbuf_header       pbuf.o
    0x0800757e   0x00000078   Code   RO         1247    i.pbuf_realloc      pbuf.o
    0x080075f6   0x0000001a   Code   RO         1248    i.pbuf_ref          pbuf.o
    0x08007610   0x00000088   Code   RO         1050    i.plug_holes        mem.o
    0x08007698   0x00000054   Code   RO         4879    i.prvAddCurrentTaskToDelayedList  tasks.o
    0x080076ec   0x0000003a   Code   RO         4880    i.prvAllocateTCBAndStack  tasks.o
    0x08007726   0x00000002   PAD
    0x08007728   0x00000064   Code   RO         4881    i.prvCheckTasksWaitingTermination  tasks.o
    0x0800778c   0x0000002a   Code   RO         5191    i.prvCopyDataFromQueue  queue.o
    0x080077b6   0x00000068   Code   RO         5192    i.prvCopyDataToQueue  queue.o
    0x0800781e   0x00000012   Code   RO         4882    i.prvDeleteTCB      tasks.o
    0x08007830   0x00000080   Code   RO         5347    i.prvHeapInit       heap_4.o
    0x080078b0   0x00000018   Code   RO         4883    i.prvIdleTask       tasks.o
    0x080078c8   0x00000046   Code   RO         4884    i.prvInitialiseTCBVariables  tasks.o
    0x0800790e   0x00000002   PAD
    0x08007910   0x0000005c   Code   RO         4885    i.prvInitialiseTaskLists  tasks.o
    0x0800796c   0x00000068   Code   RO         5348    i.prvInsertBlockIntoFreeList  heap_4.o
    0x080079d4   0x0000001c   Code   RO         5193    i.prvIsQueueEmpty   queue.o
    0x080079f0   0x00000020   Code   RO         5194    i.prvIsQueueFull    queue.o
    0x08007a10   0x0000007e   Code   RO         5195    i.prvUnlockQueue    queue.o
    0x08007a8e   0x00000136   Code   RO         6491    i.put_fat           ff.o
    0x08007bc4   0x00000098   Code   RO         5349    i.pvPortMalloc      heap_4.o
    0x08007c5c   0x0000001a   Code   RO         4817    i.pxPortInitialiseStack  port.o
    0x08007c76   0x00000002   PAD
    0x08007c78   0x00000074   Code   RO         1347    i.raw_input         raw.o
    0x08007cec   0x00000068   Code   RO         6492    i.remove_chain      ff.o
    0x08007d54   0x00000010   Code   RO         6493    i.st_clust          ff.o
    0x08007d64   0x00000040   Code   RO         1401    i.stats_init        stats.o
    0x08007da4   0x000000c8   Code   RO         6494    i.sync_fs           ff.o
    0x08007e6c   0x00000052   Code   RO         6495    i.sync_window       ff.o
    0x08007ebe   0x00000062   Code   RO         2321    i.sys_arch_mbox_fetch  sys_arch.o
    0x08007f20   0x0000000a   Code   RO         2323    i.sys_arch_protect  sys_arch.o
    0x08007f2a   0x00000056   Code   RO         2324    i.sys_arch_sem_wait  sys_arch.o
    0x08007f80   0x0000000a   Code   RO         2325    i.sys_arch_unprotect  sys_arch.o
    0x08007f8a   0x00000002   PAD
    0x08007f8c   0x0000000c   Code   RO         2327    i.sys_init          sys_arch.o
    0x08007f98   0x0000004c   Code   RO         2329    i.sys_mbox_new      sys_arch.o
    0x08007fe4   0x00000034   Code   RO         2332    i.sys_mbox_trypost  sys_arch.o
    0x08008018   0x0000000e   Code   RO         2333    i.sys_mbox_valid    sys_arch.o
    0x08008026   0x00000002   PAD
    0x08008028   0x00000078   Code   RO         2335    i.sys_sem_new       sys_arch.o
    0x080080a0   0x00000012   Code   RO         2337    i.sys_sem_signal    sys_arch.o
    0x080080b2   0x00000002   PAD
    0x080080b4   0x00000050   Code   RO         2339    i.sys_thread_new    sys_arch.o
    0x08008104   0x0000009c   Code   RO         1819    i.sys_timeout       timers.o
    0x080081a0   0x00000034   Code   RO         1820    i.sys_timeouts_init  timers.o
    0x080081d4   0x00000088   Code   RO         1821    i.sys_timeouts_mbox_fetch  timers.o
    0x0800825c   0x00000060   Code   RO         1822    i.sys_untimeout     timers.o
    0x080082bc   0x0000004c   Code   RO         5395    i.tasktest          main.o
    0x08008308   0x00000098   Code   RO         1436    i.tcp_abandon       tcp.o
    0x080083a0   0x0000000e   Code   RO         1437    i.tcp_abort         tcp.o
    0x080083ae   0x00000002   PAD
    0x080083b0   0x000000e8   Code   RO         1440    i.tcp_alloc         tcp.o
    0x08008498   0x0000001c   Code   RO         1443    i.tcp_close         tcp.o
    0x080084b4   0x000001c8   Code   RO         1444    i.tcp_close_shutdown  tcp.o
    0x0800867c   0x000000cc   Code   RO         1719    i.tcp_create_segment  tcp_out.o
    0x08008748   0x0000002e   Code   RO         1447    i.tcp_eff_send_mss  tcp.o
    0x08008776   0x00000002   PAD
    0x08008778   0x0000016c   Code   RO         1720    i.tcp_enqueue_flags  tcp_out.o
    0x080088e4   0x00000080   Code   RO         1449    i.tcp_fasttmr       tcp.o
    0x08008964   0x00000002   Code   RO         1450    i.tcp_init          tcp.o
    0x08008966   0x00000002   PAD
    0x08008968   0x00000530   Code   RO         1668    i.tcp_input         tcp_in.o
    0x08008e98   0x00000068   Code   RO         1721    i.tcp_keepalive     tcp_out.o
    0x08008f00   0x00000058   Code   RO         1451    i.tcp_kill_prio     tcp.o
    0x08008f58   0x00000040   Code   RO         1452    i.tcp_kill_timewait  tcp.o
    0x08008f98   0x00000150   Code   RO         1669    i.tcp_listen_input  tcp_in.o
    0x080090e8   0x0000001c   Code   RO         1456    i.tcp_next_iss      tcp.o
    0x08009104   0x000001c0   Code   RO         1722    i.tcp_output        tcp_out.o
    0x080092c4   0x00000078   Code   RO         1723    i.tcp_output_alloc_header  tcp_out.o
    0x0800933c   0x000000e8   Code   RO         1724    i.tcp_output_segment  tcp_out.o
    0x08009424   0x000000d0   Code   RO         1670    i.tcp_parseopt      tcp_in.o
    0x080094f4   0x00000058   Code   RO         1457    i.tcp_pcb_purge     tcp.o
    0x0800954c   0x00000090   Code   RO         1458    i.tcp_pcb_remove    tcp.o
    0x080095dc   0x000005b8   Code   RO         1671    i.tcp_process       tcp_in.o
    0x08009b94   0x00000094   Code   RO         1460    i.tcp_process_refused_data  tcp.o
    0x08009c28   0x00000678   Code   RO         1672    i.tcp_receive       tcp_in.o
    0x0800a2a0   0x0000002e   Code   RO         1462    i.tcp_recv_null     tcp.o
    0x0800a2ce   0x0000004a   Code   RO         1463    i.tcp_recved        tcp.o
    0x0800a318   0x0000005a   Code   RO         1726    i.tcp_rexmit        tcp_out.o
    0x0800a372   0x00000078   Code   RO         1727    i.tcp_rexmit_fast   tcp_out.o
    0x0800a3ea   0x0000003a   Code   RO         1728    i.tcp_rexmit_rto    tcp_out.o
    0x0800a424   0x00000098   Code   RO         1729    i.tcp_rst           tcp_out.o
    0x0800a4bc   0x0000001a   Code   RO         1464    i.tcp_seg_free      tcp.o
    0x0800a4d6   0x00000018   Code   RO         1465    i.tcp_segs_free     tcp.o
    0x0800a4ee   0x00000056   Code   RO         1730    i.tcp_send_empty_ack  tcp_out.o
    0x0800a544   0x0000004a   Code   RO         1731    i.tcp_send_fin      tcp_out.o
    0x0800a58e   0x00000002   PAD
    0x0800a590   0x00000360   Code   RO         1469    i.tcp_slowtmr       tcp.o
    0x0800a8f0   0x00000038   Code   RO         1823    i.tcp_timer_needed  timers.o
    0x0800a928   0x000000ac   Code   RO         1673    i.tcp_timewait_input  tcp_in.o
    0x0800a9d4   0x00000024   Code   RO         1470    i.tcp_tmr           tcp.o
    0x0800a9f8   0x0000004e   Code   RO         1471    i.tcp_update_rcv_ann_wnd  tcp.o
    0x0800aa46   0x00000002   PAD
    0x0800aa48   0x000000c8   Code   RO         1734    i.tcp_zero_window_probe  tcp_out.o
    0x0800ab10   0x0000004c   Code   RO          663    i.tcpip_init        tcpip.o
    0x0800ab5c   0x0000004c   Code   RO          664    i.tcpip_input       tcpip.o
    0x0800aba8   0x00000038   Code   RO         1824    i.tcpip_tcp_timer   timers.o
    0x0800abe0   0x000000e4   Code   RO          665    i.tcpip_thread      tcpip.o
    0x0800acc4   0x00000098   Code   RO         1898    i.udp_bind          udp.o
    0x0800ad5c   0x00000002   Code   RO         1901    i.udp_init          udp.o
    0x0800ad5e   0x00000002   PAD
    0x0800ad60   0x00000254   Code   RO         1902    i.udp_input         udp.o
    0x0800afb4   0x00000058   Code   RO         1904    i.udp_new_port      udp.o
    0x0800b00c   0x00000104   Code   RO         1909    i.udp_sendto_if     udp.o
    0x0800b110   0x00000028   Code   RO         5149    i.uxListRemove      list.o
    0x0800b138   0x0000001c   Code   RO         5396    i.vApplicationStackOverflowHook  main.o
    0x0800b154   0x0000001a   Code   RO         5150    i.vListInitialise   list.o
    0x0800b16e   0x00000006   Code   RO         5151    i.vListInitialiseItem  list.o
    0x0800b174   0x00000034   Code   RO         5152    i.vListInsert       list.o
    0x0800b1a8   0x0000001c   Code   RO         5153    i.vListInsertEnd    list.o
    0x0800b1c4   0x00000018   Code   RO         4819    i.vPortEnterCritical  port.o
    0x0800b1dc   0x00000020   Code   RO         4820    i.vPortExitCritical  port.o
    0x0800b1fc   0x0000002c   Code   RO         5350    i.vPortFree         heap_4.o
    0x0800b228   0x00000020   Code   RO         4821    i.vPortSetupTimerInterrupt  port.o
    0x0800b248   0x00000010   Code   RO         4822    i.vPortYieldFromISR  port.o
    0x0800b258   0x00000038   Code   RO         4891    i.vTaskDelay        tasks.o
    0x0800b290   0x00000074   Code   RO         4892    i.vTaskDelete       tasks.o
    0x0800b304   0x00000124   Code   RO         4894    i.vTaskIncrementTick  tasks.o
    0x0800b428   0x0000000c   Code   RO         4896    i.vTaskMissedYield  tasks.o
    0x0800b434   0x0000003c   Code   RO         4897    i.vTaskPlaceOnEventList  tasks.o
    0x0800b470   0x00000050   Code   RO         4898    i.vTaskPriorityDisinherit  tasks.o
    0x0800b4c0   0x00000084   Code   RO         4899    i.vTaskPriorityInherit  tasks.o
    0x0800b544   0x00000024   Code   RO         4902    i.vTaskSetTimeOutState  tasks.o
    0x0800b568   0x00000054   Code   RO         4903    i.vTaskStartScheduler  tasks.o
    0x0800b5bc   0x00000010   Code   RO         4904    i.vTaskSuspendAll   tasks.o
    0x0800b5cc   0x000000bc   Code   RO         4905    i.vTaskSwitchContext  tasks.o
    0x0800b688   0x00000036   Code   RO         6496    i.validate          ff.o
    0x0800b6be   0x00000002   PAD
    0x0800b6c0   0x00000034   Code   RO         4823    i.xPortStartScheduler  port.o
    0x0800b6f4   0x00000020   Code   RO         4824    i.xPortSysTickHandler  port.o
    0x0800b714   0x0000005c   Code   RO         5206    i.xQueueGenericCreate  queue.o
    0x0800b770   0x0000013a   Code   RO         5207    i.xQueueGenericReceive  queue.o
    0x0800b8aa   0x00000076   Code   RO         5208    i.xQueueGenericReset  queue.o
    0x0800b920   0x000000ee   Code   RO         5209    i.xQueueGenericSend  queue.o
    0x0800ba0e   0x00000080   Code   RO         5210    i.xQueueGenericSendFromISR  queue.o
    0x0800ba8e   0x00000002   PAD
    0x0800ba90   0x00000070   Code   RO         4906    i.xTaskCheckForTimeOut  tasks.o
    0x0800bb00   0x00000164   Code   RO         4907    i.xTaskGenericCreate  tasks.o
    0x0800bc64   0x0000000c   Code   RO         4908    i.xTaskGetCurrentTaskHandle  tasks.o
    0x0800bc70   0x00000018   Code   RO         4909    i.xTaskGetTickCount  tasks.o
    0x0800bc88   0x00000080   Code   RO         4911    i.xTaskRemoveFromEventList  tasks.o
    0x0800bd08   0x000000ec   Code   RO         4912    i.xTaskResumeAll    tasks.o
    0x0800bdf4   0x00000030   Data   RO         1094    .constdata          memp.o
    0x0800be24   0x00000030   Data   RO         1403    .constdata          stats.o
    0x0800be54   0x00000050   Data   RO         1472    .constdata          tcp.o
    0x0800bea4   0x00000008   Data   RO         2114    .constdata          ip_addr.o
    0x0800beac   0x0000000c   Data   RO         2181    .constdata          etharp.o
    0x0800beb8   0x00000014   Data   RO         4914    .constdata          tasks.o
    0x0800becc   0x00000080   Data   RO         6497    .constdata          ff.o
    0x0800bf4c   0x00000088   Data   RO         1404    .conststring        stats.o
    0x0800bfd4   0x0000006d   Data   RO         1473    .conststring        tcp.o
    0x0800c041   0x00000003   PAD
    0x0800c044   0x00000020   Data   RO         7205    Region$$Table       anon$$obj.o


    Execution Region RW_IRAM2 (Base: 0x10000000, Size: 0x00000000, Max: 0x00010000, ABSOLUTE)

    **** No section assigned to this execution region ****


    Execution Region RW_IRAM1 (Base: 0x20000000, Size: 0x0000e260, Max: 0x00030000, ABSOLUTE, COMPRESSED[0x00000030])

    Base Addr    Size         Type   Attr      Idx    E Section Name        Object

    0x20000000   0x00000014   Data   RW            7    .data               system_stm32f4xx.o
    0x20000014   0x0000000c   Data   RW          669    .data               tcpip.o
    0x20000020   0x00000004   Data   RW          824    .data               dhcp.o
    0x20000024   0x00000010   Data   RW         1052    .data               mem.o
    0x20000034   0x00000009   Data   RW         1148    .data               netif.o
    0x2000003d   0x00000003   PAD
    0x20000040   0x00000004   Data   RW         1353    .data               raw.o
    0x20000044   0x00000024   Data   RW         1474    .data               tcp.o
    0x20000068   0x00000020   Data   RW         1675    .data               tcp_in.o
    0x20000088   0x00000008   Data   RW         1825    .data               timers.o
    0x20000090   0x00000008   Data   RW         1910    .data               udp.o
    0x20000098   0x00000012   Data   RW         2075    .data               ip.o
    0x200000aa   0x00000001   Data   RW         2182    .data               etharp.o
    0x200000ab   0x00000001   PAD
    0x200000ac   0x0000000c   Data   RW         2265    .data               ethernetif.o
    0x200000b8   0x00000002   Data   RW         2340    .data               sys_arch.o
    0x200000ba   0x00000010   Data   RW         3221    .data               stm32f4xx_rcc.o
    0x200000ca   0x00000002   PAD
    0x200000cc   0x00000010   Data   RW         4377    .data               stm32f4x7_eth.o
    0x200000dc   0x00000004   Data   RW         4825    .data               port.o
    0x200000e0   0x0000003c   Data   RW         4915    .data               tasks.o
    0x2000011c   0x00000010   Data   RW         5354    .data               heap_4.o
    0x2000012c   0x00000008   Data   RW         5484    .data               stm32f4x7_eth_bsp.o
    0x20000134   0x00000018   Data   RW         6235    .data               sdio_sd.o
    0x2000014c   0x00000006   Data   RW         6498    .data               ff.o
    0x20000152   0x00000002   PAD
    0x20000154   0x00002814   Zero   RW         1051    .bss                mem.o
    0x20002968   0x00002ae7   Zero   RW         1093    .bss                memp.o
    0x2000544f   0x00000001   PAD
    0x20005450   0x00000174   Zero   RW         1402    .bss                stats.o
    0x200055c4   0x00000014   Zero   RW         1674    .bss                tcp_in.o
    0x200055d8   0x000000c8   Zero   RW         2180    .bss                etharp.o
    0x200056a0   0x000030ac   Zero   RW         4376    .bss                stm32f4x7_eth.o
    0x2000874c   0x00000146   Zero   RW         4913    .bss                tasks.o
    0x20008892   0x00000006   PAD
    0x20008898   0x00005000   Zero   RW         5353    .bss                heap_4.o
    0x2000d898   0x000000bc   Zero   RW         5483    .bss                stm32f4x7_eth_bsp.o
    0x2000d954   0x00000038   Zero   RW         5548    .bss                netconf.o
    0x2000d98c   0x00000004   PAD
    0x2000d990   0x000000cc   Zero   RW         6234    .bss                sdio_sd.o
    0x2000da5c   0x00000004   PAD
    0x2000da60   0x00000800   Zero   RW          149    STACK               startup_stm32f427x.o


==============================================================================

Image component sizes


      Code (inc. data)   RO Data    RW Data    ZI Data      Debug   Object Name

         0          0          0          0          0       2552   algbloc.o
         0          0          0          0          0      28603   api_lib.o
        62          0          0          0          0       2260   def.o
      2814         50          0          4          0      23280   dhcp.o
       362          0          0          0          0       4382   diskio.o
      2700         90         12          1        200      14172   etharp.o
       908         86          0         12          0      41966   ethernetif.o
        78          0          0          0          0        598   fattime.o
      4706         50        128          6          0      26493   ff.o
       428         44          0         16      20480       4047   heap_4.o
       690         18          0          0          0       3313   icmp.o
       200          0          0          0          0       2769   inet_chksum.o
        36          0          0          0          0      10189   init.o
      1024         48          0         18          0       7701   ip.o
        78          0          8          0          0       7330   ip_addr.o
       152          0          0          0          0       4846   list.o
       234         46          0          0          0       6786   main.o
      1180         98          0         16      10260       5501   mem.o
       372         42         48          0      10983       3646   memp.o
       140         24          0          0          0       1759   misc.o
         0          0          0          0          0       3852   netbuf.o
       140         30          0          0         56        865   netconf.o
       586         22          0          9          0      10271   netif.o
      1282          0          0          0          0       8193   pbuf.o
       346         52          0          4          0       5192   port.o
      1222          0          0          0          0       9749   queue.o
       116         14          0          4          0       1608   raw.o
      5074        306          0         24        204      25823   sdio_sd.o
        36          8        412          0       2048        816   startup_stm32f427x.o
        64         14        184          0        372       3954   stats.o
      2510        218          0         16      12460      18277   stm32f4x7_eth.o
      1168         88          0          8        188       8127   stm32f4x7_eth_bsp.o
       586         40          0          0          0       5428   stm32f4xx_dma.o
       200         18          0          0          0       2400   stm32f4xx_exti.o
       376         20          0          0          0       3771   stm32f4xx_fmc.o
       240          0          0          0          0       3907   stm32f4xx_gpio.o
       164         10          0          0          0       5455   stm32f4xx_it.o
       420         52          0         16          0       6966   stm32f4xx_rcc.o
       178         16          0          0          0       3076   stm32f4xx_rtc.o
       370         80          0          0          0      11654   stm32f4xx_sdio.o
        76         10          0          0          0       1358   stm32f4xx_syscfg.o
         2          0          0          0          0        590   stm32f4xx_usart.o
       576         22          0          2          0       8780   sys_arch.o
      1252         60          0         20          0     349573   system_stm32f4xx.o
      2386        336         20         60        326      20523   tasks.o
      2766        146        189         36          0      25289   tcp.o
      5164        322          0         32         20      17051   tcp_in.o
      2252         40          0          0          0      11543   tcp_out.o
       380         48          0         12          0       8015   tcpip.o
       648         78          0          8          0       6707   timers.o
      1098         36          0          8          0      14000   udp.o
         0          0          0          0          0       6596   utilities.o

    ----------------------------------------------------------------------
     47904       2682       1036        340      57612     811602   Object Totals
         0          0         32          0          0          0   (incl. Generated)
        62          0          3          8         15          0   (incl. Padding)

    ----------------------------------------------------------------------

      Code (inc. data)   RO Data    RW Data    ZI Data      Debug   Library Member Name

        86          0          0          0          0          0   __dczerorl2.o
         0          0          0          0          0          0   entry.o
         0          0          0          0          0          0   entry10a.o
         0          0          0          0          0          0   entry11a.o
         8          4          0          0          0          0   entry2.o
         4          0          0          0          0          0   entry5.o
         0          0          0          0          0          0   entry7b.o
         0          0          0          0          0          0   entry8b.o
         8          4          0          0          0          0   entry9a.o
        30          0          0          0          0          0   handlers.o
        36          8          0          0          0         68   init.o
        26          0          0          0          0         80   memcmp.o
        36          0          0          0          0         68   memcpya.o
        36          0          0          0          0        108   memseta.o
        18          0          0          0          0         68   strcpy.o
        24          0          0          0          0         76   strncpy.o

    ----------------------------------------------------------------------
       312         16          0          0          0        468   Library Totals
         0          0          0          0          0          0   (incl. Padding)

    ----------------------------------------------------------------------

      Code (inc. data)   RO Data    RW Data    ZI Data      Debug   Library Name

       312         16          0          0          0        468   mc_w.l

    ----------------------------------------------------------------------
       312         16          0          0          0        468   Library Totals

    ----------------------------------------------------------------------

==============================================================================


      Code (inc. data)   RO Data    RW Data    ZI Data      Debug   

     48216       2698       1036        340      57612     775246   Grand Totals
     48216       2698       1036         48      57612     775246   ELF Image Totals (compressed)
     48216       2698       1036         48          0          0   ROM Totals

==============================================================================

    Total RO  Size (Code + RO Data)                49252 (  48.10kB)
    Total RW  Size (RW Data + ZI Data)             57952 (  56.59kB)
    Total ROM Size (Code + RO Data + RW Data)      49300 (  48.14kB)

==============================================================================

