Product: MDK-ARM Professional 5.10
Component: ARM Compiler 5.04 update 1 (build 49)
Tool: armlink [5040049]

==============================================================================

Section Cross References

    system_stm32f4xx.o(i.SystemCoreClockUpdate) refers to system_stm32f4xx.o(.data) for SystemCoreClock
    system_stm32f4xx.o(i.SystemInit) refers to system_stm32f4xx.o(i.SystemInit_ExtMemCtl) for SystemInit_ExtMemCtl
    system_stm32f4xx.o(i.SystemInit) refers to system_stm32f4xx.o(i.SetSysClock) for SetSysClock
    system_stm32f4xx.o(i.SystemInit_ExtMemCtl) refers to stm32f4xx_rcc.o(i.RCC_AHB1PeriphClockCmd) for RCC_AHB1PeriphClockCmd
    system_stm32f4xx.o(i.SystemInit_ExtMemCtl) refers to stm32f4xx_gpio.o(i.GPIO_PinAFConfig) for GPIO_PinAFConfig
    system_stm32f4xx.o(i.SystemInit_ExtMemCtl) refers to stm32f4xx_gpio.o(i.GPIO_Init) for GPIO_Init
    system_stm32f4xx.o(i.SystemInit_ExtMemCtl) refers to stm32f4xx_rcc.o(i.RCC_AHB3PeriphClockCmd) for RCC_AHB3PeriphClockCmd
    system_stm32f4xx.o(i.SystemInit_ExtMemCtl) refers to stm32f4xx_fmc.o(i.FMC_SDRAMInit) for FMC_SDRAMInit
    system_stm32f4xx.o(i.SystemInit_ExtMemCtl) refers to stm32f4xx_fmc.o(i.FMC_GetFlagStatus) for FMC_GetFlagStatus
    system_stm32f4xx.o(i.SystemInit_ExtMemCtl) refers to stm32f4xx_fmc.o(i.FMC_SDRAMCmdConfig) for FMC_SDRAMCmdConfig
    system_stm32f4xx.o(i.SystemInit_ExtMemCtl) refers to stm32f4xx_fmc.o(i.FMC_SetRefreshCount) for FMC_SetRefreshCount
    startup_stm32f427x.o(RESET) refers to startup_stm32f427x.o(STACK) for __initial_sp
    startup_stm32f427x.o(RESET) refers to startup_stm32f427x.o(.text) for Reset_Handler
    startup_stm32f427x.o(RESET) refers to stm32f4xx_it.o(i.NMI_Handler) for NMI_Handler
    startup_stm32f427x.o(RESET) refers to stm32f4xx_it.o(i.HardFault_Handler) for HardFault_Handler
    startup_stm32f427x.o(RESET) refers to stm32f4xx_it.o(i.MemManage_Handler) for MemManage_Handler
    startup_stm32f427x.o(RESET) refers to stm32f4xx_it.o(i.BusFault_Handler) for BusFault_Handler
    startup_stm32f427x.o(RESET) refers to stm32f4xx_it.o(i.UsageFault_Handler) for UsageFault_Handler
    startup_stm32f427x.o(RESET) refers to port.o(.emb_text) for SVC_Handler
    startup_stm32f427x.o(RESET) refers to stm32f4xx_it.o(i.DebugMon_Handler) for DebugMon_Handler
    startup_stm32f427x.o(RESET) refers to stm32f4xx_it.o(i.SysTick_Handler) for SysTick_Handler
    startup_stm32f427x.o(RESET) refers to stm32f4xx_it.o(i.EXTI15_10_IRQHandler) for EXTI15_10_IRQHandler
    startup_stm32f427x.o(RESET) refers to stm32f4xx_it.o(i.SDIO_IRQHandler) for SDIO_IRQHandler
    startup_stm32f427x.o(RESET) refers to stm32f4xx_it.o(i.DMA2_Stream3_IRQHandler) for DMA2_Stream3_IRQHandler
    startup_stm32f427x.o(RESET) refers to stm32f4xx_it.o(i.ETH_IRQHandler) for ETH_IRQHandler
    startup_stm32f427x.o(.text) refers to system_stm32f4xx.o(i.SystemInit) for SystemInit
    startup_stm32f427x.o(.text) refers to entry.o(.ARM.Collect$$$$00000000) for __main
    api_lib.o(i.netconn_accept) refers to sys_arch.o(i.sys_mbox_valid) for sys_mbox_valid
    api_lib.o(i.netconn_accept) refers to sys_arch.o(i.sys_arch_mbox_fetch) for sys_arch_mbox_fetch
    api_lib.o(i.netconn_accept) refers to sys_arch.o(i.sys_arch_protect) for sys_arch_protect
    api_lib.o(i.netconn_accept) refers to sys_arch.o(i.sys_arch_unprotect) for sys_arch_unprotect
    api_lib.o(i.netconn_bind) refers to tcpip.o(i.tcpip_apimsg) for tcpip_apimsg
    api_lib.o(i.netconn_bind) refers to sys_arch.o(i.sys_arch_protect) for sys_arch_protect
    api_lib.o(i.netconn_bind) refers to sys_arch.o(i.sys_arch_unprotect) for sys_arch_unprotect
    api_lib.o(i.netconn_bind) refers to api_msg.o(i.do_bind) for do_bind
    api_lib.o(i.netconn_close) refers to api_lib.o(i.netconn_close_shutdown) for netconn_close_shutdown
    api_lib.o(i.netconn_close_shutdown) refers to tcpip.o(i.tcpip_apimsg) for tcpip_apimsg
    api_lib.o(i.netconn_close_shutdown) refers to sys_arch.o(i.sys_arch_protect) for sys_arch_protect
    api_lib.o(i.netconn_close_shutdown) refers to sys_arch.o(i.sys_arch_unprotect) for sys_arch_unprotect
    api_lib.o(i.netconn_close_shutdown) refers to api_msg.o(i.do_close) for do_close
    api_lib.o(i.netconn_connect) refers to tcpip.o(i.tcpip_apimsg) for tcpip_apimsg
    api_lib.o(i.netconn_connect) refers to sys_arch.o(i.sys_arch_protect) for sys_arch_protect
    api_lib.o(i.netconn_connect) refers to sys_arch.o(i.sys_arch_unprotect) for sys_arch_unprotect
    api_lib.o(i.netconn_connect) refers to api_msg.o(i.do_connect) for do_connect
    api_lib.o(i.netconn_delete) refers to tcpip.o(i.tcpip_apimsg) for tcpip_apimsg
    api_lib.o(i.netconn_delete) refers to api_msg.o(i.netconn_free) for netconn_free
    api_lib.o(i.netconn_delete) refers to api_msg.o(i.do_delconn) for do_delconn
    api_lib.o(i.netconn_disconnect) refers to tcpip.o(i.tcpip_apimsg) for tcpip_apimsg
    api_lib.o(i.netconn_disconnect) refers to sys_arch.o(i.sys_arch_protect) for sys_arch_protect
[...]
    UART8_IRQHandler                         0x08000273   Thumb Code     0  startup_stm32f427x.o(.text)
    USART1_IRQHandler                        0x08000273   Thumb Code     0  startup_stm32f427x.o(.text)
    USART2_IRQHandler                        0x08000273   Thumb Code     0  startup_stm32f427x.o(.text)
    USART3_IRQHandler                        0x08000273   Thumb Code     0  startup_stm32f427x.o(.text)
    USART6_IRQHandler                        0x08000273   Thumb Code     0  startup_stm32f427x.o(.text)
    WWDG_IRQHandler                          0x08000273   Thumb Code     0  startup_stm32f427x.o(.text)
    __aeabi_memcpy                           0x0800027d   Thumb Code    36  memcpya.o(.text)
    __aeabi_memcpy4                          0x0800027d   Thumb Code     0  memcpya.o(.text)
    __aeabi_memcpy8                          0x0800027d   Thumb Code     0  memcpya.o(.text)
    __aeabi_memset                           0x080002a1   Thumb Code    14  memseta.o(.text)
    __aeabi_memset4                          0x080002a1   Thumb Code     0  memseta.o(.text)
    __aeabi_memset8                          0x080002a1   Thumb Code     0  memseta.o(.text)
    __aeabi_memclr                           0x080002af   Thumb Code     4  memseta.o(.text)
    __aeabi_memclr4                          0x080002af   Thumb Code     0  memseta.o(.text)
    __aeabi_memclr8                          0x080002af   Thumb Code     0  memseta.o(.text)
    _memset$wrapper                          0x080002b3   Thumb Code    18  memseta.o(.text)
    strncpy                                  0x080002c5   Thumb Code    24  strncpy.o(.text)
    strlen                                   0x080002dd   Thumb Code    14  strlen.o(.text)
    memcmp                                   0x080002eb   Thumb Code    26  memcmp.o(.text)
    strcpy                                   0x08000305   Thumb Code    18  strcpy.o(.text)
    strncmp                                  0x08000317   Thumb Code    30  strncmp.o(.text)
    strtol                                   0x08000335   Thumb Code   112  strtol.o(.text)
    atoi                                     0x080003a5   Thumb Code    26  atoi.o(.text)
    __aeabi_d2f                              0x080003bf   Thumb Code    56  d2f.o(.text)
    __rt_ctype_table                         0x080003f9   Thumb Code     4  ctype_o.o(.text)
    isspace                                  0x08000401   Thumb Code    18  isspace_o.o(.text)
    _strtoul                                 0x08000413   Thumb Code   158  _strtoul.o(.text)
    __strtod_int                             0x080004e7   Thumb Code    88  strtod.o(.text)
    __I$use$fp                               0x0800054d   Thumb Code     0  iusefp.o(.text)
    _float_round                             0x0800054d   Thumb Code    18  fepilogue.o(.text)
    _float_epilogue                          0x0800055f   Thumb Code    92  fepilogue.o(.text)
    __aeabi_dmul                             0x080005bb   Thumb Code   228  dmul.o(.text)
    __aeabi_ddiv                             0x0800069f   Thumb Code   222  ddiv.o(.text)
    __scatterload                            0x0800077d   Thumb Code    28  init.o(.text)
    __scatterload_rt2                        0x0800077d   Thumb Code     0  init.o(.text)
    __aeabi_llsl                             0x080007a1   Thumb Code    30  llshl.o(.text)
    _ll_shift_l                              0x080007a1   Thumb Code     0  llshl.o(.text)
    __aeabi_llsr                             0x080007bf   Thumb Code    32  llushr.o(.text)
    _ll_ushift_r                             0x080007bf   Thumb Code     0  llushr.o(.text)
    _chval                                   0x080007df   Thumb Code    28  _chval.o(.text)
    _scanf_real                              0x080008fd   Thumb Code     0  scanf_fp.o(.text)
    _scanf_really_real                       0x080008fd   Thumb Code   556  scanf_fp.o(.text)
    _sgetc                                   0x08000b35   Thumb Code    30  _sgetc.o(.text)
    _sbackspace                              0x08000b53   Thumb Code    34  _sgetc.o(.text)
    _double_round                            0x08000b75   Thumb Code    26  depilogue.o(.text)
    _double_epilogue                         0x08000b8f   Thumb Code   156  depilogue.o(.text)
    __aeabi_ul2d                             0x08000c2b   Thumb Code    24  dfltul.o(.text)
    __decompress                             0x08000c43   Thumb Code     0  __dczerorl2.o(.text)
    __decompress1                            0x08000c43   Thumb Code    86  __dczerorl2.o(.text)
    BusFault_Handler                         0x08000c99   Thumb Code     4  stm32f4xx_it.o(i.BusFault_Handler)
    DMA2_Stream3_IRQHandler                  0x08000f69   Thumb Code     8  stm32f4xx_it.o(i.DMA2_Stream3_IRQHandler)
    DMA_ClearFlag                            0x08000f71   Thumb Code    38  stm32f4xx_dma.o(i.DMA_ClearFlag)
    DMA_Cmd                                  0x08000fa5   Thumb Code    22  stm32f4xx_dma.o(i.DMA_Cmd)
    DMA_DeInit                               0x08000fbd   Thumb Code   324  stm32f4xx_dma.o(i.DMA_DeInit)
    DMA_FlowControllerConfig                 0x08001115   Thumb Code    22  stm32f4xx_dma.o(i.DMA_FlowControllerConfig)
    DMA_ITConfig                             0x0800112b   Thumb Code    58  stm32f4xx_dma.o(i.DMA_ITConfig)
    DMA_Init                                 0x08001165   Thumb Code    82  stm32f4xx_dma.o(i.DMA_Init)
    DebugMon_Handler                         0x080011bd   Thumb Code     2  stm32f4xx_it.o(i.DebugMon_Handler)
    Delay                                    0x080011bf   Thumb Code    12  main.o(i.Delay)
    ETH_BSP_Config                           0x080011cd   Thumb Code   118  stm32f4x7_eth_bsp.o(i.ETH_BSP_Config)
    ETH_DMAClearITPendingBit                 0x08001259   Thumb Code     6  stm32f4x7_eth.o(i.ETH_DMAClearITPendingBit)
    ETH_DMAITConfig                          0x08001265   Thumb Code    26  stm32f4x7_eth.o(i.ETH_DMAITConfig)
    ETH_DMAReceptionCmd                      0x08001285   Thumb Code    30  stm32f4x7_eth.o(i.ETH_DMAReceptionCmd)
    ETH_DMARxDescChainInit                   0x080012a9   Thumb Code    82  stm32f4x7_eth.o(i.ETH_DMARxDescChainInit)
    ETH_DMARxDescReceiveITConfig             0x0800130d   Thumb Code    22  stm32f4x7_eth.o(i.ETH_DMARxDescReceiveITConfig)
    ETH_DMATransmissionCmd                   0x08001325   Thumb Code    30  stm32f4x7_eth.o(i.ETH_DMATransmissionCmd)
    ETH_DMATxDescChainInit                   0x08001349   Thumb Code    70  stm32f4x7_eth.o(i.ETH_DMATxDescChainInit)
    ETH_DMATxDescChecksumInsertionConfig     0x08001399   Thumb Code     8  stm32f4x7_eth.o(i.ETH_DMATxDescChecksumInsertionConfig)
    ETH_DeInit                               0x080013a1   Thumb Code    22  stm32f4x7_eth.o(i.ETH_DeInit)
    ETH_FlushTransmitFIFO                    0x080013b9   Thumb Code    38  stm32f4x7_eth.o(i.ETH_FlushTransmitFIFO)
    ETH_GetDMAFlagStatus                     0x0800151d   Thumb Code    20  stm32f4x7_eth.o(i.ETH_GetDMAFlagStatus)
    ETH_GetSoftwareResetStatus               0x08001535   Thumb Code    20  stm32f4x7_eth.o(i.ETH_GetSoftwareResetStatus)
    ETH_Get_Received_Frame_interrupt         0x0800154d   Thumb Code   270  stm32f4x7_eth.o(i.ETH_Get_Received_Frame_interrupt)
    ETH_IRQHandler                           0x08001665   Thumb Code    58  stm32f4xx_it.o(i.ETH_IRQHandler)
    ETH_Init                                 0x080016a5   Thumb Code   842  stm32f4x7_eth.o(i.ETH_Init)
    ETH_MACAddressConfig                     0x08001a51   Thumb Code    46  stm32f4x7_eth.o(i.ETH_MACAddressConfig)
    ETH_MACReceptionCmd                      0x08001b31   Thumb Code    56  stm32f4x7_eth.o(i.ETH_MACReceptionCmd)
    ETH_MACTransmissionCmd                   0x08001b6d   Thumb Code    56  stm32f4x7_eth.o(i.ETH_MACTransmissionCmd)
    ETH_Prepare_Transmit_Descriptors         0x08001bcd   Thumb Code   194  stm32f4x7_eth.o(i.ETH_Prepare_Transmit_Descriptors)
    ETH_ReadPHYRegister                      0x08001c99   Thumb Code   102  stm32f4x7_eth.o(i.ETH_ReadPHYRegister)
    ETH_SoftwareReset                        0x08001d05   Thumb Code    14  stm32f4x7_eth.o(i.ETH_SoftwareReset)
    ETH_Start                                0x08001d19   Thumb Code    32  stm32f4x7_eth.o(i.ETH_Start)
    ETH_Stop                                 0x08001d39   Thumb Code    32  stm32f4x7_eth.o(i.ETH_Stop)
    ETH_StructInit                           0x08001d59   Thumb Code   178  stm32f4x7_eth.o(i.ETH_StructInit)
    ETH_WritePHYRegister                     0x08001e0d   Thumb Code    96  stm32f4x7_eth.o(i.ETH_WritePHYRegister)
    ETH_link_callback                        0x08001e75   Thumb Code   220  stm32f4x7_eth_bsp.o(i.ETH_link_callback)
    EXTI15_10_IRQHandler                     0x08001f65   Thumb Code    52  stm32f4xx_it.o(i.EXTI15_10_IRQHandler)
    EXTI_ClearITPendingBit                   0x08001f9d   Thumb Code     6  stm32f4xx_exti.o(i.EXTI_ClearITPendingBit)
    EXTI_GetITStatus                         0x08001fa9   Thumb Code    34  stm32f4xx_exti.o(i.EXTI_GetITStatus)
    EXTI_Init                                0x08001fd1   Thumb Code   142  stm32f4xx_exti.o(i.EXTI_Init)
    Eth_Link_EXTIConfig                      0x08002065   Thumb Code   116  stm32f4x7_eth_bsp.o(i.Eth_Link_EXTIConfig)
    Eth_Link_IT_task                         0x080020dd   Thumb Code    70  stm32f4x7_eth_bsp.o(i.Eth_Link_IT_task)
    Eth_Link_PHYITConfig                     0x0800212d   Thumb Code    70  stm32f4x7_eth_bsp.o(i.Eth_Link_PHYITConfig)
    FMC_GetFlagStatus                        0x08002175   Thumb Code    68  stm32f4xx_fmc.o(i.FMC_GetFlagStatus)
    FMC_SDRAMCmdConfig                       0x080021bd   Thumb Code    28  stm32f4xx_fmc.o(i.FMC_SDRAMCmdConfig)
    FMC_SDRAMInit                            0x080021dd   Thumb Code   242  stm32f4xx_fmc.o(i.FMC_SDRAMInit)
    FMC_SetRefreshCount                      0x080022d5   Thumb Code    18  stm32f4xx_fmc.o(i.FMC_SetRefreshCount)
    GPIO_Init                                0x08002481   Thumb Code   144  stm32f4xx_gpio.o(i.GPIO_Init)
    GPIO_PinAFConfig                         0x08002511   Thumb Code    70  stm32f4xx_gpio.o(i.GPIO_PinAFConfig)
    GPIO_ReadInputDataBit                    0x08002557   Thumb Code    18  stm32f4xx_gpio.o(i.GPIO_ReadInputDataBit)
    GPIO_ResetBits                           0x08002569   Thumb Code     4  stm32f4xx_gpio.o(i.GPIO_ResetBits)
    GPIO_SetBits                             0x0800256d   Thumb Code     4  stm32f4xx_gpio.o(i.GPIO_SetBits)
    HardFault_Handler                        0x08002571   Thumb Code     4  stm32f4xx_it.o(i.HardFault_Handler)
    LwIP_Init                                0x08002575   Thumb Code   136  netconf.o(i.LwIP_Init)
    Main_task                                0x08002619   Thumb Code    30  main.o(i.Main_task)
    MemManage_Handler                        0x0800264d   Thumb Code     4  stm32f4xx_it.o(i.MemManage_Handler)
    NMI_Handler                              0x08002651   Thumb Code     2  stm32f4xx_it.o(i.NMI_Handler)
    NVIC_Init                                0x08002655   Thumb Code   106  misc.o(i.NVIC_Init)
    NVIC_PriorityGroupConfig                 0x080026cd   Thumb Code    10  misc.o(i.NVIC_PriorityGroupConfig)
    RCC_AHB1PeriphClockCmd                   0x0800271d   Thumb Code    26  stm32f4xx_rcc.o(i.RCC_AHB1PeriphClockCmd)
    RCC_AHB1PeriphResetCmd                   0x0800273d   Thumb Code    26  stm32f4xx_rcc.o(i.RCC_AHB1PeriphResetCmd)
    RCC_AHB3PeriphClockCmd                   0x0800275d   Thumb Code    26  stm32f4xx_rcc.o(i.RCC_AHB3PeriphClockCmd)
    RCC_APB2PeriphClockCmd                   0x0800277d   Thumb Code    26  stm32f4xx_rcc.o(i.RCC_APB2PeriphClockCmd)
    RCC_APB2PeriphResetCmd                   0x0800279d   Thumb Code    26  stm32f4xx_rcc.o(i.RCC_APB2PeriphResetCmd)
    RCC_GetClocksFreq                        0x080027bd   Thumb Code   214  stm32f4xx_rcc.o(i.RCC_GetClocksFreq)
    RCC_MCO1Config                           0x080028a5   Thumb Code    24  stm32f4xx_rcc.o(i.RCC_MCO1Config)
    RTC_GetDate                              0x080028d9   Thumb Code    68  stm32f4xx_rtc.o(i.RTC_GetDate)
    RTC_GetTime                              0x08002925   Thumb Code    72  stm32f4xx_rtc.o(i.RTC_GetTime)
    SDIO_ClearFlag                           0x08002a91   Thumb Code     6  stm32f4xx_sdio.o(i.SDIO_ClearFlag)
    SDIO_ClearITPendingBit                   0x08002a9d   Thumb Code     6  stm32f4xx_sdio.o(i.SDIO_ClearITPendingBit)
    SDIO_ClockCmd                            0x08002aa9   Thumb Code     6  stm32f4xx_sdio.o(i.SDIO_ClockCmd)
    SDIO_DMACmd                              0x08002ab5   Thumb Code     6  stm32f4xx_sdio.o(i.SDIO_DMACmd)
    SDIO_DataConfig                          0x08002ac1   Thumb Code    46  stm32f4xx_sdio.o(i.SDIO_DataConfig)
    SDIO_DeInit                              0x08002af5   Thumb Code    22  stm32f4xx_sdio.o(i.SDIO_DeInit)
    SDIO_GetCommandResponse                  0x08002b0d   Thumb Code     8  stm32f4xx_sdio.o(i.SDIO_GetCommandResponse)
    SDIO_GetFlagStatus                       0x08002b19   Thumb Code    20  stm32f4xx_sdio.o(i.SDIO_GetFlagStatus)
    SDIO_GetITStatus                         0x08002b31   Thumb Code    20  stm32f4xx_sdio.o(i.SDIO_GetITStatus)
    SDIO_GetPowerState                       0x08002b49   Thumb Code    10  stm32f4xx_sdio.o(i.SDIO_GetPowerState)
    SDIO_GetResponse                         0x08002b59   Thumb Code    20  stm32f4xx_sdio.o(i.SDIO_GetResponse)
    SDIO_IRQHandler                          0x08002b71   Thumb Code     8  stm32f4xx_it.o(i.SDIO_IRQHandler)
    SDIO_ITConfig                            0x08002b79   Thumb Code    26  stm32f4xx_sdio.o(i.SDIO_ITConfig)
    SDIO_Init                                0x08002b99   Thumb Code    42  stm32f4xx_sdio.o(i.SDIO_Init)
    SDIO_ReadData                            0x08002bc9   Thumb Code     6  stm32f4xx_sdio.o(i.SDIO_ReadData)
    SDIO_SendCommand                         0x08002bd5   Thumb Code    40  stm32f4xx_sdio.o(i.SDIO_SendCommand)
    SDIO_SetPowerState                       0x08002c01   Thumb Code     6  stm32f4xx_sdio.o(i.SDIO_SetPowerState)
    SD_Detect                                0x08002c0d   Thumb Code    26  sdio_sd.o(i.SD_Detect)
    SD_EnableWideBusOperation                0x08002c2d   Thumb Code   136  sdio_sd.o(i.SD_EnableWideBusOperation)
    SD_GetCardInfo                           0x08002cbd   Thumb Code   742  sdio_sd.o(i.SD_GetCardInfo)
    SD_GetState                              0x08002fb5   Thumb Code    38  sdio_sd.o(i.SD_GetState)
    SD_GetStatus                             0x08002fdb   Thumb Code    30  sdio_sd.o(i.SD_GetStatus)
    SD_Init                                  0x08002ff9   Thumb Code   126  sdio_sd.o(i.SD_Init)
    SD_InitializeCards                       0x08003081   Thumb Code   294  sdio_sd.o(i.SD_InitializeCards)
    SD_ProcessDMAIRQ                         0x08003541   Thumb Code    32  sdio_sd.o(i.SD_ProcessDMAIRQ)
    SD_ProcessIRQSrc                         0x08003569   Thumb Code   162  sdio_sd.o(i.SD_ProcessIRQSrc)
    SD_ReadMultiBlocksFIXED                  0x08003615   Thumb Code   218  sdio_sd.o(i.SD_ReadMultiBlocksFIXED)
    SD_SelectDeselect                        0x0800370d   Thumb Code    48  sdio_sd.o(i.SD_SelectDeselect)
    SD_SendStatus                            0x08003741   Thumb Code    74  sdio_sd.o(i.SD_SendStatus)
    SD_StopTransfer                          0x08003795   Thumb Code    46  sdio_sd.o(i.SD_StopTransfer)
    SD_WaitReadOperation                     0x080037c9   Thumb Code   108  sdio_sd.o(i.SD_WaitReadOperation)
    SD_WaitWriteOperation                    0x08003849   Thumb Code   108  sdio_sd.o(i.SD_WaitWriteOperation)
    SD_WriteMultiBlocksFIXED                 0x080038c9   Thumb Code   320  sdio_sd.o(i.SD_WriteMultiBlocksFIXED)
    SYSCFG_ETH_MediaInterfaceConfig          0x08003a29   Thumb Code     6  stm32f4xx_syscfg.o(i.SYSCFG_ETH_MediaInterfaceConfig)
    SYSCFG_EXTILineConfig                    0x08003a35   Thumb Code    60  stm32f4xx_syscfg.o(i.SYSCFG_EXTILineConfig)
    SysTick_Handler                          0x08003b7d   Thumb Code     8  stm32f4xx_it.o(i.SysTick_Handler)
    SystemInit                               0x08003b85   Thumb Code    92  system_stm32f4xx.o(i.SystemInit)
    UART_printf                              0x08003f61   Thumb Code     2  stm32f4xx_usart.o(i.UART_printf)
    UsageFault_Handler                       0x08003f63   Thumb Code     4  stm32f4xx_it.o(i.UsageFault_Handler)
    __aeabi_errno_addr                       0x08003f69   Thumb Code     4  errno.o(i.__aeabi_errno_addr)
    __rt_errno_addr                          0x08003f69   Thumb Code     0  errno.o(i.__aeabi_errno_addr)
    __hardfp_atof                            0x08003f71   Thumb Code    44  atof.o(i.__hardfp_atof)
    __read_errno                             0x08003fa9   Thumb Code     6  errno.o(i.__read_errno)
    __scatterload_copy                       0x08003fb5   Thumb Code    14  handlers.o(i.__scatterload_copy)
    __scatterload_null                       0x08003fc3   Thumb Code     2  handlers.o(i.__scatterload_null)
    __scatterload_zeroinit                   0x08003fc5   Thumb Code    14  handlers.o(i.__scatterload_zeroinit)
    __set_errno                              0x08003fd5   Thumb Code     6  errno.o(i.__set_errno)
    _is_digit                                0x08003fe1   Thumb Code    14  scanf_fp.o(i._is_digit)
    clust2sect                               0x0800446d   Thumb Code    26  ff.o(i.clust2sect)
    dhcp_arp_reply                           0x08004671   Thumb Code    58  dhcp.o(i.dhcp_arp_reply)
    dhcp_coarse_tmr                          0x080047f5   Thumb Code    74  dhcp.o(i.dhcp_coarse_tmr)
    dhcp_fine_tmr                            0x08004b35   Thumb Code    68  dhcp.o(i.dhcp_fine_tmr)
    dhcp_network_changed                     0x08004b7d   Thumb Code    80  dhcp.o(i.dhcp_network_changed)
    dhcp_release                             0x08004df9   Thumb Code   178  dhcp.o(i.dhcp_release)
    dhcp_renew                               0x08004eb1   Thumb Code   150  dhcp.o(i.dhcp_renew)
    disk_initialize                          0x0800544d   Thumb Code    26  diskio.o(i.disk_initialize)
    disk_ioctl                               0x08005467   Thumb Code     6  diskio.o(i.disk_ioctl)
    disk_read                                0x0800546d   Thumb Code   154  diskio.o(i.disk_read)
    disk_status                              0x08005507   Thumb Code    22  diskio.o(i.disk_status)
    disk_write                               0x0800551d   Thumb Code   154  diskio.o(i.disk_write)
    etharp_cleanup_netif                     0x08005735   Thumb Code    52  etharp.o(i.etharp_cleanup_netif)
    etharp_output                            0x08005961   Thumb Code   340  etharp.o(i.etharp_output)
    etharp_query                             0x08005b31   Thumb Code   386  etharp.o(i.etharp_query)
    etharp_request                           0x08005d95   Thumb Code    40  etharp.o(i.etharp_request)
    etharp_tmr                               0x08005e01   Thumb Code   144  etharp.o(i.etharp_tmr)
    ethernet_input                           0x08005f59   Thumb Code   226  etharp.o(i.ethernet_input)
    ethernetif_init                          0x08006045   Thumb Code    50  ethernetif.o(i.ethernetif_init)
    f_close                                  0x080060cd   Thumb Code    22  ff.o(i.f_close)
    f_gets                                   0x080060e3   Thumb Code    78  ff.o(i.f_gets)
    f_mount                                  0x08006131   Thumb Code    38  ff.o(i.f_mount)
    f_open                                   0x0800615d   Thumb Code   350  ff.o(i.f_open)
    f_read                                   0x080062bb   Thumb Code   458  ff.o(i.f_read)
    f_sync                                   0x08006485   Thumb Code   176  ff.o(i.f_sync)
    get_fat                                  0x080065c7   Thumb Code   228  ff.o(i.get_fat)
    get_fattime                              0x080066ab   Thumb Code    78  fattime.o(i.get_fattime)
    icmp_dest_unreach                        0x080066f9   Thumb Code    18  icmp.o(i.icmp_dest_unreach)
    icmp_input                               0x0800670d   Thumb Code   504  icmp.o(i.icmp_input)
    inet_chksum                              0x080069ad   Thumb Code    20  inet_chksum.o(i.inet_chksum)
    inet_chksum_pbuf                         0x080069c1   Thumb Code    86  inet_chksum.o(i.inet_chksum_pbuf)
    ip4_addr_isbroadcast                     0x08006a17   Thumb Code    78  ip_addr.o(i.ip4_addr_isbroadcast)
    ip_input                                 0x08006a65   Thumb Code   604  ip.o(i.ip_input)
    ip_output                                0x08006cd9   Thumb Code    72  ip.o(i.ip_output)
    ip_output_if                             0x08006d25   Thumb Code   208  ip.o(i.ip_output_if)
    ip_route                                 0x08006dfd   Thumb Code    92  ip.o(i.ip_route)
    lwip_htonl                               0x08007185   Thumb Code    26  def.o(i.lwip_htonl)
    lwip_htons                               0x0800719f   Thumb Code    12  def.o(i.lwip_htons)
    lwip_init                                0x080071ab   Thumb Code    36  init.o(i.lwip_init)
    lwip_ntohl                               0x080071cf   Thumb Code    12  def.o(i.lwip_ntohl)
    lwip_ntohs                               0x080071db   Thumb Code    12  def.o(i.lwip_ntohs)
    main                                     0x08007245   Thumb Code    36  main.o(i.main)
    mem_free                                 0x080072b5   Thumb Code   144  mem.o(i.mem_free)
    mem_init                                 0x08007359   Thumb Code   100  mem.o(i.mem_init)
    mem_malloc                               0x080073d5   Thumb Code   376  mem.o(i.mem_malloc)
    mem_trim                                 0x08007575   Thumb Code   338  mem.o(i.mem_trim)
    memp_free                                0x080076dd   Thumb Code    70  memp.o(i.memp_free)
    memp_init                                0x0800772d   Thumb Code   122  memp.o(i.memp_init)
    memp_malloc                              0x080077bd   Thumb Code   138  memp.o(i.memp_malloc)
    netif_add                                0x08007885   Thumb Code   132  netif.o(i.netif_add)
    netif_init                               0x08007911   Thumb Code     2  netif.o(i.netif_init)
    netif_set_addr                           0x08007913   Thumb Code    40  netif.o(i.netif_set_addr)
    netif_set_default                        0x0800793d   Thumb Code    10  netif.o(i.netif_set_default)
    netif_set_down                           0x0800794d   Thumb Code    42  netif.o(i.netif_set_down)
    netif_set_gw                             0x08007977   Thumb Code    16  netif.o(i.netif_set_gw)
    netif_set_ipaddr                         0x08007989   Thumb Code   124  netif.o(i.netif_set_ipaddr)
    netif_set_link_callback                  0x08007a0d   Thumb Code     6  netif.o(i.netif_set_link_callback)
    netif_set_link_down                      0x08007a13   Thumb Code    42  netif.o(i.netif_set_link_down)
    netif_set_link_up                        0x08007a3d   Thumb Code    80  netif.o(i.netif_set_link_up)
    netif_set_netmask                        0x08007a8d   Thumb Code    16  netif.o(i.netif_set_netmask)
    netif_set_up                             0x08007a9d   Thumb Code    54  netif.o(i.netif_set_up)
    pbuf_alloc                               0x08007ad3   Thumb Code   418  pbuf.o(i.pbuf_alloc)
    pbuf_cat                                 0x08007c75   Thumb Code    56  pbuf.o(i.pbuf_cat)
    pbuf_chain                               0x08007cad   Thumb Code    26  pbuf.o(i.pbuf_chain)
    pbuf_clen                                0x08007cc7   Thumb Code    18  pbuf.o(i.pbuf_clen)
    pbuf_copy                                0x08007cd9   Thumb Code   200  pbuf.o(i.pbuf_copy)
    pbuf_copy_partial                        0x08007da1   Thumb Code   146  pbuf.o(i.pbuf_copy_partial)
    pbuf_free                                0x08007e33   Thumb Code   138  pbuf.o(i.pbuf_free)
    pbuf_header                              0x08007ebd   Thumb Code   134  pbuf.o(i.pbuf_header)
    pbuf_realloc                             0x08007f43   Thumb Code   120  pbuf.o(i.pbuf_realloc)
    pbuf_ref                                 0x08007fbb   Thumb Code    26  pbuf.o(i.pbuf_ref)
    put_fat                                  0x08008453   Thumb Code   310  ff.o(i.put_fat)
    pvPortMalloc                             0x08008589   Thumb Code   140  heap_4.o(i.pvPortMalloc)
    pxPortInitialiseStack                    0x08008621   Thumb Code    32  port.o(i.pxPortInitialiseStack)
    raw_input                                0x08008641   Thumb Code   102  raw.o(i.raw_input)
    rc_config_start                          0x080086b5   Thumb Code   212  sys_config.o(i.rc_config_start)
    read_cmd                                 0x08008859   Thumb Code   254  utilities.o(i.read_cmd)
    read_config                              0x08008959   Thumb Code  2168  sys_config.o(i.read_config)
    read_ip4_addr                            0x08009205   Thumb Code   158  utilities.o(i.read_ip4_addr)
    read_mac_addr                            0x080092a3   Thumb Code   244  utilities.o(i.read_mac_addr)
    set_ipv4_config                          0x08009401   Thumb Code    20  netconf.o(i.set_ipv4_config)
    set_mac_addr_config                      0x08009419   Thumb Code    28  ethernetif.o(i.set_mac_addr_config)
    stats_init                               0x08009449   Thumb Code    50  stats.o(i.stats_init)
    sys_arch_mbox_fetch                      0x080095a3   Thumb Code    98  sys_arch.o(i.sys_arch_mbox_fetch)
    sys_arch_protect                         0x08009605   Thumb Code    10  sys_arch.o(i.sys_arch_protect)
    sys_arch_sem_wait                        0x0800960f   Thumb Code    86  sys_arch.o(i.sys_arch_sem_wait)
    sys_arch_unprotect                       0x08009665   Thumb Code    10  sys_arch.o(i.sys_arch_unprotect)
    sys_init                                 0x08009671   Thumb Code     8  sys_arch.o(i.sys_init)
    sys_mbox_new                             0x0800967d   Thumb Code    70  sys_arch.o(i.sys_mbox_new)
    sys_mbox_trypost                         0x080096c9   Thumb Code    48  sys_arch.o(i.sys_mbox_trypost)
    sys_mbox_valid                           0x080096fd   Thumb Code    14  sys_arch.o(i.sys_mbox_valid)
    sys_sem_new                              0x0800970d   Thumb Code   116  sys_arch.o(i.sys_sem_new)
    sys_sem_signal                           0x08009785   Thumb Code    18  sys_arch.o(i.sys_sem_signal)
    sys_thread_new                           0x08009799   Thumb Code    76  sys_arch.o(i.sys_thread_new)
    sys_timeout                              0x080097e9   Thumb Code   152  timers.o(i.sys_timeout)
    sys_timeouts_init                        0x08009885   Thumb Code    40  timers.o(i.sys_timeouts_init)
    sys_timeouts_mbox_fetch                  0x080098b9   Thumb Code   132  timers.o(i.sys_timeouts_mbox_fetch)
    sys_untimeout                            0x08009941   Thumb Code    90  timers.o(i.sys_untimeout)
    tcp_abandon                              0x080099a1   Thumb Code   140  tcp.o(i.tcp_abandon)
    tcp_abort                                0x08009a39   Thumb Code    14  tcp.o(i.tcp_abort)
    tcp_alloc                                0x08009a49   Thumb Code   212  tcp.o(i.tcp_alloc)
    tcp_close                                0x08009b31   Thumb Code    28  tcp.o(i.tcp_close)
    tcp_eff_send_mss                         0x08009de1   Thumb Code    46  tcp.o(i.tcp_eff_send_mss)
    tcp_enqueue_flags                        0x08009e11   Thumb Code   358  tcp_out.o(i.tcp_enqueue_flags)
    tcp_fasttmr                              0x08009f7d   Thumb Code   114  tcp.o(i.tcp_fasttmr)
    tcp_init                                 0x08009ffd   Thumb Code     2  tcp.o(i.tcp_init)
    tcp_input                                0x0800a001   Thumb Code  1286  tcp_in.o(i.tcp_input)
    tcp_keepalive                            0x0800a531   Thumb Code    98  tcp_out.o(i.tcp_keepalive)
    tcp_next_iss                             0x0800a781   Thumb Code    20  tcp.o(i.tcp_next_iss)
    tcp_output                               0x0800a79d   Thumb Code   444  tcp_out.o(i.tcp_output)
    tcp_pcb_purge                            0x0800ab8d   Thumb Code    88  tcp.o(i.tcp_pcb_purge)
    tcp_pcb_remove                           0x0800abe5   Thumb Code   140  tcp.o(i.tcp_pcb_remove)
    tcp_process_refused_data                 0x0800b22d   Thumb Code   148  tcp.o(i.tcp_process_refused_data)
    tcp_recv_null                            0x0800b939   Thumb Code    46  tcp.o(i.tcp_recv_null)
    tcp_recved                               0x0800b967   Thumb Code    74  tcp.o(i.tcp_recved)
    tcp_rexmit                               0x0800b9b1   Thumb Code    90  tcp_out.o(i.tcp_rexmit)
    tcp_rexmit_fast                          0x0800ba0b   Thumb Code   120  tcp_out.o(i.tcp_rexmit_fast)
    tcp_rexmit_rto                           0x0800ba83   Thumb Code    58  tcp_out.o(i.tcp_rexmit_rto)
    tcp_rst                                  0x0800babd   Thumb Code   146  tcp_out.o(i.tcp_rst)
    tcp_seg_free                             0x0800bb55   Thumb Code    26  tcp.o(i.tcp_seg_free)
    tcp_segs_free                            0x0800bb6f   Thumb Code    24  tcp.o(i.tcp_segs_free)
    tcp_send_empty_ack                       0x0800bb87   Thumb Code    86  tcp_out.o(i.tcp_send_empty_ack)
    tcp_send_fin                             0x0800bbdd   Thumb Code    74  tcp_out.o(i.tcp_send_fin)
    tcp_slowtmr                              0x0800bc29   Thumb Code   832  tcp.o(i.tcp_slowtmr)
    tcp_timer_needed                         0x0800bf89   Thumb Code    38  timers.o(i.tcp_timer_needed)
    tcp_tmr                                  0x0800c06d   Thumb Code    30  tcp.o(i.tcp_tmr)
    tcp_update_rcv_ann_wnd                   0x0800c091   Thumb Code    78  tcp.o(i.tcp_update_rcv_ann_wnd)
    tcp_zero_window_probe                    0x0800c0e1   Thumb Code   194  tcp_out.o(i.tcp_zero_window_probe)
    tcpip_init                               0x0800c1a9   Thumb Code    52  tcpip.o(i.tcpip_init)
    tcpip_input                              0x0800c1f5   Thumb Code    72  tcpip.o(i.tcpip_input)
    uart_print                               0x0800c35d   Thumb Code     2  usart4.o(i.uart_print)
    udp_bind                                 0x0800c361   Thumb Code   146  udp.o(i.udp_bind)
    udp_init                                 0x0800c3f9   Thumb Code     2  udp.o(i.udp_init)
    udp_input                                0x0800c3fd   Thumb Code   580  udp.o(i.udp_input)
    udp_sendto_if                            0x0800c6a9   Thumb Code   254  udp.o(i.udp_sendto_if)
    uxListRemove                             0x0800c7ad   Thumb Code    40  list.o(i.uxListRemove)
    vApplicationStackOverflowHook            0x0800c7d5   Thumb Code    28  main.o(i.vApplicationStackOverflowHook)
    vListInitialise                          0x0800c7f1   Thumb Code    26  list.o(i.vListInitialise)
    vListInitialiseItem                      0x0800c80b   Thumb Code     6  list.o(i.vListInitialiseItem)
    vListInsert                              0x0800c811   Thumb Code    52  list.o(i.vListInsert)
    vListInsertEnd                           0x0800c845   Thumb Code    28  list.o(i.vListInsertEnd)
    vPortEnterCritical                       0x0800c861   Thumb Code    18  port.o(i.vPortEnterCritical)
    vPortExitCritical                        0x0800c879   Thumb Code    26  port.o(i.vPortExitCritical)
    vPortFree                                0x0800c899   Thumb Code    40  heap_4.o(i.vPortFree)
    vPortSetupTimerInterrupt                 0x0800c8c5   Thumb Code    26  port.o(i.vPortSetupTimerInterrupt)
    vPortYieldFromISR                        0x0800c8e5   Thumb Code    10  port.o(i.vPortYieldFromISR)
    vTaskDelay                               0x0800c8f5   Thumb Code    48  tasks.o(i.vTaskDelay)
    vTaskDelete                              0x0800c92d   Thumb Code    94  tasks.o(i.vTaskDelete)
    vTaskIncrementTick                       0x0800c9a1   Thumb Code   254  tasks.o(i.vTaskIncrementTick)
    vTaskMissedYield                         0x0800cac5   Thumb Code     8  tasks.o(i.vTaskMissedYield)
    vTaskPlaceOnEventList                    0x0800cad1   Thumb Code    52  tasks.o(i.vTaskPlaceOnEventList)
    vTaskPriorityDisinherit                  0x0800cb0d   Thumb Code    70  tasks.o(i.vTaskPriorityDisinherit)
    vTaskPriorityInherit                     0x0800cb5d   Thumb Code   118  tasks.o(i.vTaskPriorityInherit)
    vTaskSetTimeOutState                     0x0800cbe1   Thumb Code    28  tasks.o(i.vTaskSetTimeOutState)
    vTaskStartScheduler                      0x0800cc05   Thumb Code    62  tasks.o(i.vTaskStartScheduler)
    vTaskSuspendAll                          0x0800cc59   Thumb Code    12  tasks.o(i.vTaskSuspendAll)
    vTaskSwitchContext                       0x0800cc69   Thumb Code   164  tasks.o(i.vTaskSwitchContext)
    write_cnf_adc_float                      0x0800cd5d   Thumb Code    22  algbloc.o(i.write_cnf_adc_float)
    xPortStartScheduler                      0x0800cd7d   Thumb Code    58  port.o(i.xPortStartScheduler)
    xPortSysTickHandler                      0x0800cdc5   Thumb Code    26  port.o(i.xPortSysTickHandler)
    xQueueGenericCreate                      0x0800cde5   Thumb Code    92  queue.o(i.xQueueGenericCreate)
    xQueueGenericReceive                     0x0800ce41   Thumb Code   314  queue.o(i.xQueueGenericReceive)
    xQueueGenericReset                       0x0800cf7b   Thumb Code   118  queue.o(i.xQueueGenericReset)
    xQueueGenericSend                        0x0800cff1   Thumb Code   238  queue.o(i.xQueueGenericSend)
    xQueueGenericSendFromISR                 0x0800d0df   Thumb Code   128  queue.o(i.xQueueGenericSendFromISR)
    xTaskCheckForTimeOut                     0x0800d161   Thumb Code   102  tasks.o(i.xTaskCheckForTimeOut)
    xTaskGenericCreate                       0x0800d1d1   Thumb Code   302  tasks.o(i.xTaskGenericCreate)
    xTaskGetCurrentTaskHandle                0x0800d31d   Thumb Code     6  tasks.o(i.xTaskGetCurrentTaskHandle)
    xTaskGetTickCount                        0x0800d329   Thumb Code    18  tasks.o(i.xTaskGetTickCount)
    xTaskRemoveFromEventList                 0x0800d341   Thumb Code   106  tasks.o(i.xTaskRemoveFromEventList)
    xTaskResumeAll                           0x0800d3c1   Thumb Code   202  tasks.o(i.xTaskResumeAll)
    tcp_state_str                            0x0800d50c   Data          44  tcp.o(.constdata)
    tcp_backoff                              0x0800d538   Data          13  tcp.o(.constdata)
    tcp_persist_backoff                      0x0800d545   Data           7  tcp.o(.constdata)
    tcp_pcb_lists                            0x0800d54c   Data          16  tcp.o(.constdata)
    ip_addr_any                              0x0800d55c   Data           4  ip_addr.o(.constdata)
    ip_addr_broadcast                        0x0800d560   Data           4  ip_addr.o(.constdata)
    ethbroadcast                             0x0800d564   Data           6  etharp.o(.constdata)
    ethzero                                  0x0800d56a   Data           6  etharp.o(.constdata)
    __ctype_table                            0x0800d604   Data         129  ctype_o.o(.constdata)
    Region$$Table$$Base                      0x0800d784   Number         0  anon$$obj.o(Region$$Table)
    Region$$Table$$Limit                     0x0800d7a4   Number         0  anon$$obj.o(Region$$Table)
    SystemCoreClock                          0x20000000   Data           4  system_stm32f4xx.o(.data)
    AHBPrescTable                            0x20000004   Data          16  system_stm32f4xx.o(.data)
    netif_list                               0x20000034   Data           4  netif.o(.data)
    netif_default                            0x20000038   Data           4  netif.o(.data)
    tcp_ticks                                0x20000048   Data           4  tcp.o(.data)
    tcp_bound_pcbs                           0x2000004c   Data           4  tcp.o(.data)
    tcp_listen_pcbs                          0x20000050   Data           4  tcp.o(.data)
    tcp_active_pcbs                          0x20000054   Data           4  tcp.o(.data)
    tcp_tw_pcbs                              0x20000058   Data           4  tcp.o(.data)
    tcp_tmp_pcb                              0x2000005c   Data           4  tcp.o(.data)
    tcp_active_pcbs_changed                  0x20000060   Data           1  tcp.o(.data)
    tcp_input_pcb                            0x20000084   Data           4  tcp_in.o(.data)
    udp_pcbs                                 0x20000094   Data           4  udp.o(.data)
    current_netif                            0x20000098   Data           4  ip.o(.data)
    current_header                           0x2000009c   Data           4  ip.o(.data)
    current_iphdr_src                        0x200000a0   Data           4  ip.o(.data)
    current_iphdr_dest                       0x200000a4   Data           4  ip.o(.data)
    s_xSemaphore                             0x200000b0   Data           4  ethernetif.o(.data)
    DMATxDescToSet                           0x200000d4   Data           4  stm32f4x7_eth.o(.data)
    DMARxDescToGet                           0x200000d8   Data           4  stm32f4x7_eth.o(.data)
    DMA_RX_FRAME_infos                       0x200000dc   Data           4  stm32f4x7_eth.o(.data)
    Frame_Rx_index                           0x200000e0   Data           4  stm32f4x7_eth.o(.data)
    pxCurrentTCB                             0x200000e8   Data           4  tasks.o(.data)
    EthStatus                                0x20000134   Data           4  stm32f4x7_eth_bsp.o(.data)
    ETH_link_xSemaphore                      0x20000138   Data           4  stm32f4x7_eth_bsp.o(.data)
    StopCondition                            0x20000148   Data           4  sdio_sd.o(.data)
    TransferError                            0x2000014c   Data           1  sdio_sd.o(.data)
    TransferEnd                              0x20000150   Data           4  sdio_sd.o(.data)
    DMAEndOfTransfer                         0x20000154   Data           4  sdio_sd.o(.data)
    ram_heap                                 0x20000164   Data       10260  mem.o(.bss)
    lwip_stats                               0x20005460   Data         372  stats.o(.bss)
    DMARxDscrTab                             0x200056b0   Data         128  stm32f4x7_eth.o(.bss)
    DMATxDscrTab                             0x20005730   Data         128  stm32f4x7_eth.o(.bss)
    Rx_Buff                                  0x200057b0   Data        6096  stm32f4x7_eth.o(.bss)
    Tx_Buff                                  0x20006f80   Data        6096  stm32f4x7_eth.o(.bss)
    RX_Frame_Descriptor                      0x20008750   Data          12  stm32f4x7_eth.o(.bss)
    ETH_InitStructure                        0x200178a8   Data         188  stm32f4x7_eth_bsp.o(.bss)
    xnetif                                   0x20017964   Data          56  netconf.o(.bss)
    alg_bd_fl                                0x2001799c   Data         512  algbloc.o(.bss)
    sys_inf_global_value                     0x20017b9c   Data          44  algbloc.o(.bss)
    mc_in_out_buf                            0x20017bc8   Data        3104  algbloc.o(.bss)
    mc_out_buf_read                          0x200187e8   Data         272  algbloc.o(.bss)
    adc_func_int2float                       0x200188f8   Data        1024  algbloc.o(.bss)
    ALG_global_value                         0x20018cf8   Data        7072  algbloc.o(.bss)
    test_float                               0x2001a898   Data         512  algbloc.o(.bss)
    SDCardInfo                               0x2001aac8   Data          88  sdio_sd.o(.bss)
    SDIO_InitStructure                       0x2001ab20   Data          24  sdio_sd.o(.bss)
    SDIO_CmdInitStructure                    0x2001ab38   Data          20  sdio_sd.o(.bss)
    SDIO_DataInitStructure                   0x2001ab4c   Data          24  sdio_sd.o(.bss)
    __initial_sp                             0x2001b368   Data           0  startup_stm32f427x.o(STACK)



==============================================================================

Memory Map of the image

  Image Entry point : 0x0800019d

  Load Region LR_IROM1 (Base: 0x08000000, Size: 0x0000d908, Max: 0x00200000, ABSOLUTE, COMPRESSED[0x0000d7d8])

    Execution Region ER_IROM1 (Base: 0x08000000, Size: 0x0000d7a4, Max: 0x00200000, ABSOLUTE)

    Base Addr    Size         Type   Attr      Idx    E Section Name        Object

    0x08000000   0x0000019c   Data   RO          161    RESET               startup_stm32f427x.o
    0x0800019c   0x00000000   Code   RO         6840  * .ARM.Collect$$$$00000000  mc_w.l(entry.o)
    0x0800019c   0x00000004   Code   RO         7128    .ARM.Collect$$$$00000001  mc_w.l(entry2.o)
    0x080001a0   0x00000004   Code   RO         7131    .ARM.Collect$$$$00000004  mc_w.l(entry5.o)
    0x080001a4   0x00000000   Code   RO         7133    .ARM.Collect$$$$00000008  mc_w.l(entry7b.o)
    0x080001a4   0x00000000   Code   RO         7135    .ARM.Collect$$$$0000000A  mc_w.l(entry8b.o)
    0x080001a4   0x00000008   Code   RO         7136    .ARM.Collect$$$$0000000B  mc_w.l(entry9a.o)
    0x080001ac   0x00000000   Code   RO         7138    .ARM.Collect$$$$0000000D  mc_w.l(entry10a.o)
    0x080001ac   0x00000000   Code   RO         7140    .ARM.Collect$$$$0000000F  mc_w.l(entry11a.o)
    0x080001ac   0x00000004   Code   RO         7129    .ARM.Collect$$$$00002712  mc_w.l(entry2.o)
    0x080001b0   0x000000a8   Code   RO         4832    .emb_text           port.o
    0x08000258   0x00000024   Code   RO          162    .text               startup_stm32f427x.o
    0x0800027c   0x00000024   Code   RO         6843    .text               mc_w.l(memcpya.o)
    0x080002a0   0x00000024   Code   RO         6845    .text               mc_w.l(memseta.o)
    0x080002c4   0x00000018   Code   RO         6849    .text               mc_w.l(strncpy.o)
    0x080002dc   0x0000000e   Code   RO         6851    .text               mc_w.l(strlen.o)
    0x080002ea   0x0000001a   Code   RO         6853    .text               mc_w.l(memcmp.o)
    0x08000304   0x00000012   Code   RO         6855    .text               mc_w.l(strcpy.o)
    0x08000316   0x0000001e   Code   RO         6857    .text               mc_w.l(strncmp.o)
    0x08000334   0x00000070   Code   RO         7122    .text               mc_w.l(strtol.o)
    0x080003a4   0x0000001a   Code   RO         7124    .text               mc_w.l(atoi.o)
    0x080003be   0x00000038   Code   RO         7126    .text               mf_w.l(d2f.o)
    0x080003f6   0x00000002   PAD
    0x080003f8   0x00000008   Code   RO         7149    .text               mc_w.l(ctype_o.o)
    0x08000400   0x00000012   Code   RO         7171    .text               mc_w.l(isspace_o.o)
    0x08000412   0x0000009e   Code   RO         7184    .text               mc_w.l(_strtoul.o)
    0x080004b0   0x0000009c   Code   RO         7186    .text               mc_w.l(strtod.o)
    0x0800054c   0x00000000   Code   RO         7188    .text               mc_w.l(iusefp.o)
    0x0800054c   0x0000006e   Code   RO         7189    .text               mf_w.l(fepilogue.o)
    0x080005ba   0x000000e4   Code   RO         7193    .text               mf_w.l(dmul.o)
    0x0800069e   0x000000de   Code   RO         7195    .text               mf_w.l(ddiv.o)
    0x0800077c   0x00000024   Code   RO         7201    .text               mc_w.l(init.o)
    0x080007a0   0x0000001e   Code   RO         7204    .text               mc_w.l(llshl.o)
    0x080007be   0x00000020   Code   RO         7206    .text               mc_w.l(llushr.o)
    0x080007de   0x0000001c   Code   RO         7212    .text               mc_w.l(_chval.o)
    0x080007fa   0x00000002   PAD
    0x080007fc   0x00000338   Code   RO         7214    .text               mc_w.l(scanf_fp.o)
    0x08000b34   0x00000040   Code   RO         7218    .text               mc_w.l(_sgetc.o)
    0x08000b74   0x000000b6   Code   RO         7221    .text               mf_w.l(depilogue.o)
    0x08000c2a   0x00000018   Code   RO         7226    .text               mf_w.l(dfltul.o)
    0x08000c42   0x00000056   Code   RO         7236    .text               mc_w.l(__dczerorl2.o)
    0x08000c98   0x00000004   Code   RO         6134    i.BusFault_Handler  stm32f4xx_it.o
    0x08000c9c   0x0000002c   Code   RO         6218    i.CmdError          sdio_sd.o
    0x08000cc8   0x00000134   Code   RO         6219    i.CmdResp1Error     sdio_sd.o
    0x08000dfc   0x0000004c   Code   RO         6220    i.CmdResp2Error     sdio_sd.o
    0x08000e48   0x00000038   Code   RO         6221    i.CmdResp3Error     sdio_sd.o
    0x08000e80   0x0000009c   Code   RO         6222    i.CmdResp6Error     sdio_sd.o
    0x08000f1c   0x0000004c   Code   RO         6223    i.CmdResp7Error     sdio_sd.o
    0x08000f68   0x00000008   Code   RO         6135    i.DMA2_Stream3_IRQHandler  stm32f4xx_it.o
    0x08000f70   0x00000034   Code   RO         2515    i.DMA_ClearFlag     stm32f4xx_dma.o
    0x08000fa4   0x00000016   Code   RO         2517    i.DMA_Cmd           stm32f4xx_dma.o
    0x08000fba   0x00000002   PAD
    0x08000fbc   0x00000158   Code   RO         2518    i.DMA_DeInit        stm32f4xx_dma.o
    0x08001114   0x00000016   Code   RO         2521    i.DMA_FlowControllerConfig  stm32f4xx_dma.o
    0x0800112a   0x0000003a   Code   RO         2528    i.DMA_ITConfig      stm32f4xx_dma.o
    0x08001164   0x00000058   Code   RO         2529    i.DMA_Init          stm32f4xx_dma.o
    0x080011bc   0x00000002   Code   RO         6136    i.DebugMon_Handler  stm32f4xx_it.o
    0x080011be   0x0000000c   Code   RO         5408    i.Delay             main.o
    0x080011ca   0x00000002   PAD
    0x080011cc   0x0000008c   Code   RO         5491    i.ETH_BSP_Config    stm32f4x7_eth_bsp.o
    0x08001258   0x0000000c   Code   RO         4311    i.ETH_DMAClearITPendingBit  stm32f4x7_eth.o
    0x08001264   0x00000020   Code   RO         4312    i.ETH_DMAITConfig   stm32f4x7_eth.o
    0x08001284   0x00000024   Code   RO         4313    i.ETH_DMAReceptionCmd  stm32f4x7_eth.o
    0x080012a8   0x00000064   Code   RO         4314    i.ETH_DMARxDescChainInit  stm32f4x7_eth.o
    0x0800130c   0x00000016   Code   RO         4315    i.ETH_DMARxDescReceiveITConfig  stm32f4x7_eth.o
    0x08001322   0x00000002   PAD
    0x08001324   0x00000024   Code   RO         4316    i.ETH_DMATransmissionCmd  stm32f4x7_eth.o
    0x08001348   0x00000050   Code   RO         4319    i.ETH_DMATxDescChainInit  stm32f4x7_eth.o
    0x08001398   0x00000008   Code   RO         4320    i.ETH_DMATxDescChecksumInsertionConfig  stm32f4x7_eth.o
    0x080013a0   0x00000016   Code   RO         4325    i.ETH_DeInit        stm32f4x7_eth.o
    0x080013b6   0x00000002   PAD
    0x080013b8   0x0000002c   Code   RO         4327    i.ETH_FlushTransmitFIFO  stm32f4x7_eth.o
    0x080013e4   0x00000138   Code   RO         5492    i.ETH_GPIO_Config   stm32f4x7_eth_bsp.o
    0x0800151c   0x00000018   Code   RO         4333    i.ETH_GetDMAFlagStatus  stm32f4x7_eth.o
    0x08001534   0x00000018   Code   RO         4353    i.ETH_GetSoftwareResetStatus  stm32f4x7_eth.o
    0x0800154c   0x00000118   Code   RO         4356    i.ETH_Get_Received_Frame_interrupt  stm32f4x7_eth.o
    0x08001664   0x00000040   Code   RO         6137    i.ETH_IRQHandler    stm32f4xx_it.o
    0x080016a4   0x000003ac   Code   RO         4358    i.ETH_Init          stm32f4x7_eth.o
    0x08001a50   0x00000034   Code   RO         4360    i.ETH_MACAddressConfig  stm32f4x7_eth.o
    0x08001a84   0x000000ac   Code   RO         5493    i.ETH_MACDMA_Config  stm32f4x7_eth_bsp.o
    0x08001b30   0x0000003c   Code   RO         4365    i.ETH_MACReceptionCmd  stm32f4x7_eth.o
    0x08001b6c   0x0000003c   Code   RO         4366    i.ETH_MACTransmissionCmd  stm32f4x7_eth.o
    0x08001ba8   0x00000022   Code   RO         5494    i.ETH_NVIC_Config   stm32f4x7_eth_bsp.o
    0x08001bca   0x00000002   PAD
    0x08001bcc   0x000000cc   Code   RO         4377    i.ETH_Prepare_Transmit_Descriptors  stm32f4x7_eth.o
    0x08001c98   0x0000006c   Code   RO         4378    i.ETH_ReadPHYRegister  stm32f4x7_eth.o
    0x08001d04   0x00000014   Code   RO         4386    i.ETH_SoftwareReset  stm32f4x7_eth.o
    0x08001d18   0x00000020   Code   RO         4387    i.ETH_Start         stm32f4x7_eth.o
    0x08001d38   0x00000020   Code   RO         4388    i.ETH_Stop          stm32f4x7_eth.o
    0x08001d58   0x000000b2   Code   RO         4389    i.ETH_StructInit    stm32f4x7_eth.o
    0x08001e0a   0x00000002   PAD
    0x08001e0c   0x00000068   Code   RO         4391    i.ETH_WritePHYRegister  stm32f4x7_eth.o
    0x08001e74   0x000000f0   Code   RO         5495    i.ETH_link_callback  stm32f4x7_eth_bsp.o
    0x08001f64   0x00000038   Code   RO         6138    i.EXTI15_10_IRQHandler  stm32f4xx_it.o
    0x08001f9c   0x0000000c   Code   RO         2644    i.EXTI_ClearITPendingBit  stm32f4xx_exti.o
    0x08001fa8   0x00000028   Code   RO         2648    i.EXTI_GetITStatus  stm32f4xx_exti.o
    0x08001fd0   0x00000094   Code   RO         2649    i.EXTI_Init         stm32f4xx_exti.o
    0x08002064   0x00000078   Code   RO         5496    i.Eth_Link_EXTIConfig  stm32f4x7_eth_bsp.o
    0x080020dc   0x00000050   Code   RO         5497    i.Eth_Link_IT_task  stm32f4x7_eth_bsp.o
    0x0800212c   0x00000046   Code   RO         5498    i.Eth_Link_PHYITConfig  stm32f4x7_eth_bsp.o
    0x08002172   0x00000002   PAD
    0x08002174   0x00000048   Code   RO         2914    i.FMC_GetFlagStatus  stm32f4xx_fmc.o
    0x080021bc   0x00000020   Code   RO         2931    i.FMC_SDRAMCmdConfig  stm32f4xx_fmc.o
    0x080021dc   0x000000f8   Code   RO         2933    i.FMC_SDRAMInit     stm32f4xx_fmc.o
    0x080022d4   0x00000018   Code   RO         2937    i.FMC_SetRefreshCount  stm32f4xx_fmc.o
    0x080022ec   0x00000194   Code   RO         6224    i.FindSCR           sdio_sd.o
    0x08002480   0x00000090   Code   RO         3088    i.GPIO_Init         stm32f4xx_gpio.o
    0x08002510   0x00000046   Code   RO         3089    i.GPIO_PinAFConfig  stm32f4xx_gpio.o
    0x08002556   0x00000012   Code   RO         3092    i.GPIO_ReadInputDataBit  stm32f4xx_gpio.o
    0x08002568   0x00000004   Code   RO         3095    i.GPIO_ResetBits    stm32f4xx_gpio.o
    0x0800256c   0x00000004   Code   RO         3096    i.GPIO_SetBits      stm32f4xx_gpio.o
    0x08002570   0x00000004   Code   RO         6139    i.HardFault_Handler  stm32f4xx_it.o
    0x08002574   0x000000a4   Code   RO         5563    i.LwIP_Init         netconf.o
    0x08002618   0x00000034   Code   RO         5409    i.Main_task         main.o
    0x0800264c   0x00000004   Code   RO         6140    i.MemManage_Handler  stm32f4xx_it.o
    0x08002650   0x00000002   Code   RO         6141    i.NMI_Handler       stm32f4xx_it.o
    0x08002652   0x00000002   PAD
    0x08002654   0x00000078   Code   RO         2467    i.NVIC_Init         misc.o
    0x080026cc   0x00000014   Code   RO         2468    i.NVIC_PriorityGroupConfig  misc.o
    0x080026e0   0x0000003a   Code   RO         6226    i.NVIC_SDIO_Configuration  sdio_sd.o
    0x0800271a   0x00000002   PAD
    0x0800271c   0x00000020   Code   RO         3185    i.RCC_AHB1PeriphClockCmd  stm32f4xx_rcc.o
    0x0800273c   0x00000020   Code   RO         3187    i.RCC_AHB1PeriphResetCmd  stm32f4xx_rcc.o
    0x0800275c   0x00000020   Code   RO         3191    i.RCC_AHB3PeriphClockCmd  stm32f4xx_rcc.o
    0x0800277c   0x00000020   Code   RO         3197    i.RCC_APB2PeriphClockCmd  stm32f4xx_rcc.o
    0x0800279c   0x00000020   Code   RO         3199    i.RCC_APB2PeriphResetCmd  stm32f4xx_rcc.o
    0x080027bc   0x000000e8   Code   RO         3206    i.RCC_GetClocksFreq  stm32f4xx_rcc.o
    0x080028a4   0x0000001c   Code   RO         3218    i.RCC_MCO1Config    stm32f4xx_rcc.o
    0x080028c0   0x00000016   Code   RO         3957    i.RTC_Bcd2ToByte    stm32f4xx_rtc.o
    0x080028d6   0x00000002   PAD
    0x080028d8   0x0000004c   Code   RO         3973    i.RTC_GetDate       stm32f4xx_rtc.o
    0x08002924   0x00000050   Code   RO         3978    i.RTC_GetTime       stm32f4xx_rtc.o
    0x08002974   0x0000011c   Code   RO         6227    i.SDEnWideBus       sdio_sd.o
    0x08002a90   0x0000000c   Code   RO         3514    i.SDIO_ClearFlag    stm32f4xx_sdio.o
    0x08002a9c   0x0000000c   Code   RO         3515    i.SDIO_ClearITPendingBit  stm32f4xx_sdio.o
    0x08002aa8   0x0000000c   Code   RO         3516    i.SDIO_ClockCmd     stm32f4xx_sdio.o
    0x08002ab4   0x0000000c   Code   RO         3519    i.SDIO_DMACmd       stm32f4xx_sdio.o
    0x08002ac0   0x00000034   Code   RO         3520    i.SDIO_DataConfig   stm32f4xx_sdio.o
    0x08002af4   0x00000016   Code   RO         3522    i.SDIO_DeInit       stm32f4xx_sdio.o
    0x08002b0a   0x00000002   PAD
    0x08002b0c   0x0000000c   Code   RO         3523    i.SDIO_GetCommandResponse  stm32f4xx_sdio.o
    0x08002b18   0x00000018   Code   RO         3526    i.SDIO_GetFlagStatus  stm32f4xx_sdio.o
    0x08002b30   0x00000018   Code   RO         3527    i.SDIO_GetITStatus  stm32f4xx_sdio.o
    0x08002b48   0x00000010   Code   RO         3528    i.SDIO_GetPowerState  stm32f4xx_sdio.o
    0x08002b58   0x00000018   Code   RO         3529    i.SDIO_GetResponse  stm32f4xx_sdio.o
    0x08002b70   0x00000008   Code   RO         6142    i.SDIO_IRQHandler   stm32f4xx_it.o
    0x08002b78   0x00000020   Code   RO         3530    i.SDIO_ITConfig     stm32f4xx_sdio.o
    0x08002b98   0x00000030   Code   RO         3531    i.SDIO_Init         stm32f4xx_sdio.o
    0x08002bc8   0x0000000c   Code   RO         3532    i.SDIO_ReadData     stm32f4xx_sdio.o
    0x08002bd4   0x0000002c   Code   RO         3534    i.SDIO_SendCommand  stm32f4xx_sdio.o
    0x08002c00   0x0000000c   Code   RO         3536    i.SDIO_SetPowerState  stm32f4xx_sdio.o
    0x08002c0c   0x00000020   Code   RO         6229    i.SD_Detect         sdio_sd.o
    0x08002c2c   0x00000090   Code   RO         6230    i.SD_EnableWideBusOperation  sdio_sd.o
    0x08002cbc   0x000002f8   Code   RO         6232    i.SD_GetCardInfo    sdio_sd.o
    0x08002fb4   0x00000026   Code   RO         6234    i.SD_GetState       sdio_sd.o
    0x08002fda   0x0000001e   Code   RO         6235    i.SD_GetStatus      sdio_sd.o
    0x08002ff8   0x00000088   Code   RO         6237    i.SD_Init           sdio_sd.o
    0x08003080   0x0000013c   Code   RO         6238    i.SD_InitializeCards  sdio_sd.o
    0x080031bc   0x0000008c   Code   RO         6239    i.SD_LowLevel_DMA_RxConfig  sdio_sd.o
    0x08003248   0x00000090   Code   RO         6240    i.SD_LowLevel_DMA_TxConfig  sdio_sd.o
    0x080032d8   0x000000c0   Code   RO         6242    i.SD_LowLevel_Init  sdio_sd.o
    0x08003398   0x000001a8   Code   RO         6244    i.SD_PowerON        sdio_sd.o
    0x08003540   0x00000028   Code   RO         6245    i.SD_ProcessDMAIRQ  sdio_sd.o
    0x08003568   0x000000ac   Code   RO         6246    i.SD_ProcessIRQSrc  sdio_sd.o
    0x08003614   0x000000f8   Code   RO         6249    i.SD_ReadMultiBlocksFIXED  sdio_sd.o
    0x0800370c   0x00000034   Code   RO         6250    i.SD_SelectDeselect  sdio_sd.o
    0x08003740   0x00000054   Code   RO         6252    i.SD_SendStatus     sdio_sd.o
    0x08003794   0x00000034   Code   RO         6253    i.SD_StopTransfer   sdio_sd.o
    0x080037c8   0x00000080   Code   RO         6254    i.SD_WaitReadOperation  sdio_sd.o
    0x08003848   0x00000080   Code   RO         6255    i.SD_WaitWriteOperation  sdio_sd.o
    0x080038c8   0x00000160   Code   RO         6258    i.SD_WriteMultiBlocksFIXED  sdio_sd.o
    0x08003a28   0x0000000c   Code   RO         3709    i.SYSCFG_ETH_MediaInterfaceConfig  stm32f4xx_syscfg.o
    0x08003a34   0x00000040   Code   RO         3710    i.SYSCFG_EXTILineConfig  stm32f4xx_syscfg.o
    0x08003a74   0x00000108   Code   RO            3    i.SetSysClock       system_stm32f4xx.o
    0x08003b7c   0x00000008   Code   RO         6143    i.SysTick_Handler   stm32f4xx_it.o
    0x08003b84   0x0000006c   Code   RO            5    i.SystemInit        system_stm32f4xx.o
    0x08003bf0   0x00000370   Code   RO            6    i.SystemInit_ExtMemCtl  system_stm32f4xx.o
    0x08003f60   0x00000002   Code   RO         3757    i.UART_printf       stm32f4xx_usart.o
    0x08003f62   0x00000004   Code   RO         6144    i.UsageFault_Handler  stm32f4xx_it.o
    0x08003f66   0x00000002   PAD
    0x08003f68   0x00000008   Code   RO         7177    i.__aeabi_errno_addr  mc_w.l(errno.o)
    0x08003f70   0x00000038   Code   RO         6834    i.__hardfp_atof     m_wm.l(atof.o)
    0x08003fa8   0x0000000c   Code   RO         7178    i.__read_errno      mc_w.l(errno.o)
    0x08003fb4   0x0000000e   Code   RO         7230    i.__scatterload_copy  mc_w.l(handlers.o)
    0x08003fc2   0x00000002   Code   RO         7231    i.__scatterload_null  mc_w.l(handlers.o)
    0x08003fc4   0x0000000e   Code   RO         7232    i.__scatterload_zeroinit  mc_w.l(handlers.o)
    0x08003fd2   0x00000002   PAD
    0x08003fd4   0x0000000c   Code   RO         7179    i.__set_errno       mc_w.l(errno.o)
    0x08003fe0   0x0000000e   Code   RO         7216    i._is_digit         mc_w.l(scanf_fp.o)
    0x08003fee   0x00000002   PAD
    0x08003ff0   0x00000020   Code   RO         1826    i.arp_timer         timers.o
    0x08004010   0x0000001c   Code   RO         2269    i.arp_timer         ethernetif.o
    0x0800402c   0x00000090   Code   RO         6473    i.check_fs          ff.o
    0x080040bc   0x00000014   Code   RO         6474    i.chk_chr           ff.o
    0x080040d0   0x0000039c   Code   RO         6475    i.chk_mounted       ff.o
    0x0800446c   0x0000001a   Code   RO         6476    i.clust2sect        ff.o
    0x08004486   0x000000ca   Code   RO         6477    i.create_chain      ff.o
    0x08004550   0x00000120   Code   RO         6478    i.create_name       ff.o
    0x08004670   0x0000003a   Code   RO          799    i.dhcp_arp_reply    dhcp.o
    0x080046aa   0x00000104   Code   RO          800    i.dhcp_bind         dhcp.o
    0x080047ae   0x00000046   Code   RO          801    i.dhcp_check        dhcp.o
    0x080047f4   0x00000050   Code   RO          803    i.dhcp_coarse_tmr   dhcp.o
    0x08004844   0x00000150   Code   RO          804    i.dhcp_create_msg   dhcp.o
    0x08004994   0x00000094   Code   RO          805    i.dhcp_decline      dhcp.o
    0x08004a28   0x00000028   Code   RO          806    i.dhcp_delete_msg   dhcp.o
    0x08004a50   0x000000e4   Code   RO          807    i.dhcp_discover     dhcp.o
    0x08004b34   0x00000048   Code   RO          808    i.dhcp_fine_tmr     dhcp.o
    0x08004b7c   0x00000050   Code   RO          813    i.dhcp_network_changed  dhcp.o
    0x08004bcc   0x00000020   Code   RO          814    i.dhcp_option       dhcp.o
    0x08004bec   0x00000012   Code   RO          815    i.dhcp_option_byte  dhcp.o
    0x08004bfe   0x00000042   Code   RO          816    i.dhcp_option_long  dhcp.o
    0x08004c40   0x00000022   Code   RO          817    i.dhcp_option_short  dhcp.o
    0x08004c62   0x00000046   Code   RO          818    i.dhcp_option_trailer  dhcp.o
    0x08004ca8   0x00000098   Code   RO          820    i.dhcp_rebind       dhcp.o
    0x08004d40   0x000000b8   Code   RO          821    i.dhcp_reboot       dhcp.o
    0x08004df8   0x000000b8   Code   RO          823    i.dhcp_release      dhcp.o
    0x08004eb0   0x00000096   Code   RO          824    i.dhcp_renew        dhcp.o
    0x08004f46   0x00000002   PAD
    0x08004f48   0x00000104   Code   RO          825    i.dhcp_select       dhcp.o
    0x0800504c   0x00000010   Code   RO          826    i.dhcp_set_state    dhcp.o
    0x0800505c   0x00000028   Code   RO          830    i.dhcp_t1_timeout   dhcp.o
    0x08005084   0x00000028   Code   RO          831    i.dhcp_t2_timeout   dhcp.o
    0x080050ac   0x000000c4   Code   RO          832    i.dhcp_timeout      dhcp.o
    0x08005170   0x00000020   Code   RO         1827    i.dhcp_timer_coarse  timers.o
    0x08005190   0x00000020   Code   RO         1828    i.dhcp_timer_fine   timers.o
    0x080051b0   0x00000056   Code   RO         6479    i.dir_alloc         ff.o
    0x08005206   0x0000005c   Code   RO         6480    i.dir_find          ff.o
    0x08005262   0x00000114   Code   RO         6481    i.dir_next          ff.o
    0x08005376   0x0000003a   Code   RO         6483    i.dir_register      ff.o
    0x080053b0   0x0000009c   Code   RO         6485    i.dir_sdi           ff.o
    0x0800544c   0x0000001a   Code   RO         6792    i.disk_initialize   diskio.o
    0x08005466   0x00000006   Code   RO         6793    i.disk_ioctl        diskio.o
    0x0800546c   0x0000009a   Code   RO         6794    i.disk_read         diskio.o
    0x08005506   0x00000016   Code   RO         6795    i.disk_status       diskio.o
    0x0800551c   0x0000009a   Code   RO         6796    i.disk_write        diskio.o
    0x080055b6   0x00000002   PAD
    0x080055b8   0x0000017c   Code   RO         2176    i.etharp_arp_input  etharp.o
    0x08005734   0x00000038   Code   RO         2177    i.etharp_cleanup_netif  etharp.o
    0x0800576c   0x0000017c   Code   RO         2179    i.etharp_find_entry  etharp.o
    0x080058e8   0x00000078   Code   RO         2180    i.etharp_free_entry  etharp.o
    0x08005960   0x00000164   Code   RO         2181    i.etharp_output     etharp.o
    0x08005ac4   0x0000006c   Code   RO         2182    i.etharp_output_to_arp_index  etharp.o
    0x08005b30   0x00000190   Code   RO         2183    i.etharp_query      etharp.o
    0x08005cc0   0x000000d4   Code   RO         2184    i.etharp_raw        etharp.o
    0x08005d94   0x00000030   Code   RO         2185    i.etharp_request    etharp.o
    0x08005dc4   0x0000003c   Code   RO         2186    i.etharp_send_ip    etharp.o
    0x08005e00   0x00000094   Code   RO         2187    i.etharp_tmr        etharp.o
    0x08005e94   0x000000c4   Code   RO         2188    i.etharp_update_arp_entry  etharp.o
    0x08005f58   0x000000ec   Code   RO         2189    i.ethernet_input    etharp.o
    0x08006044   0x00000040   Code   RO         2270    i.ethernetif_init   ethernetif.o
    0x08006084   0x00000048   Code   RO         2271    i.ethernetif_input  ethernetif.o
    0x080060cc   0x00000016   Code   RO         6487    i.f_close           ff.o
    0x080060e2   0x0000004e   Code   RO         6490    i.f_gets            ff.o
    0x08006130   0x0000002c   Code   RO         6493    i.f_mount           ff.o
    0x0800615c   0x0000015e   Code   RO         6494    i.f_open            ff.o
    0x080062ba   0x000001ca   Code   RO         6499    i.f_read            ff.o
    0x08006484   0x000000b0   Code   RO         6504    i.f_sync            ff.o
    0x08006534   0x00000092   Code   RO         6509    i.follow_path       ff.o
    0x080065c6   0x000000e4   Code   RO         6510    i.get_fat           ff.o
    0x080066aa   0x0000004e   Code   RO         6769    i.get_fattime       fattime.o
    0x080066f8   0x00000012   Code   RO         2008    i.icmp_dest_unreach  icmp.o
    0x0800670a   0x00000002   PAD
    0x0800670c   0x00000204   Code   RO         2009    i.icmp_input        icmp.o
    0x08006910   0x0000009c   Code   RO         2010    i.icmp_send_response  icmp.o
    0x080069ac   0x00000014   Code   RO         2046    i.inet_chksum       inet_chksum.o
    0x080069c0   0x00000056   Code   RO         2047    i.inet_chksum_pbuf  inet_chksum.o
    0x08006a16   0x0000004e   Code   RO         2117    i.ip4_addr_isbroadcast  ip_addr.o
    0x08006a64   0x00000274   Code   RO         2081    i.ip_input          ip.o
    0x08006cd8   0x0000004c   Code   RO         2082    i.ip_output         ip.o
    0x08006d24   0x000000d8   Code   RO         2083    i.ip_output_if      ip.o
    0x08006dfc   0x00000068   Code   RO         2084    i.ip_route          ip.o
    0x08006e64   0x00000020   Code   RO         6512    i.ld_clust          ff.o
    0x08006e84   0x00000114   Code   RO         2272    i.low_level_init    ethernetif.o
    0x08006f98   0x000000f0   Code   RO         2273    i.low_level_input   ethernetif.o
    0x08007088   0x000000fc   Code   RO         2274    i.low_level_output  ethernetif.o
    0x08007184   0x0000001a   Code   RO          769    i.lwip_htonl        def.o
    0x0800719e   0x0000000c   Code   RO          770    i.lwip_htons        def.o
    0x080071aa   0x00000024   Code   RO         1018    i.lwip_init         init.o
    0x080071ce   0x0000000c   Code   RO          771    i.lwip_ntohl        def.o
    0x080071da   0x0000000c   Code   RO          772    i.lwip_ntohs        def.o
    0x080071e6   0x0000005e   Code   RO         2050    i.lwip_standard_chksum  inet_chksum.o
    0x08007244   0x00000030   Code   RO         5410    i.main              main.o
    0x08007274   0x00000026   Code   RO         6513    i.mem_cmp           ff.o
    0x0800729a   0x0000001a   Code   RO         6514    i.mem_cpy           ff.o
    0x080072b4   0x000000a4   Code   RO         1056    i.mem_free          mem.o
    0x08007358   0x0000007c   Code   RO         1057    i.mem_init          mem.o
    0x080073d4   0x0000018c   Code   RO         1058    i.mem_malloc        mem.o
    0x08007560   0x00000014   Code   RO         6515    i.mem_set           ff.o
    0x08007574   0x00000168   Code   RO         1059    i.mem_trim          mem.o
    0x080076dc   0x00000050   Code   RO         1100    i.memp_free         memp.o
    0x0800772c   0x00000090   Code   RO         1101    i.memp_init         memp.o
    0x080077bc   0x00000094   Code   RO         1102    i.memp_malloc       memp.o
    0x08007850   0x00000032   Code   RO         6516    i.move_window       ff.o
    0x08007882   0x00000002   PAD
    0x08007884   0x0000008c   Code   RO         1144    i.netif_add         netif.o
    0x08007910   0x00000002   Code   RO         1146    i.netif_init        netif.o
    0x08007912   0x00000028   Code   RO         1148    i.netif_set_addr    netif.o
    0x0800793a   0x00000002   PAD
    0x0800793c   0x00000010   Code   RO         1149    i.netif_set_default  netif.o
    0x0800794c   0x0000002a   Code   RO         1150    i.netif_set_down    netif.o
    0x08007976   0x00000010   Code   RO         1151    i.netif_set_gw      netif.o
    0x08007986   0x00000002   PAD
    0x08007988   0x00000084   Code   RO         1152    i.netif_set_ipaddr  netif.o
    0x08007a0c   0x00000006   Code   RO         1153    i.netif_set_link_callback  netif.o
    0x08007a12   0x0000002a   Code   RO         1154    i.netif_set_link_down  netif.o
    0x08007a3c   0x00000050   Code   RO         1155    i.netif_set_link_up  netif.o
    0x08007a8c   0x00000010   Code   RO         1156    i.netif_set_netmask  netif.o
    0x08007a9c   0x00000036   Code   RO         1157    i.netif_set_up      netif.o
    0x08007ad2   0x000001a2   Code   RO         1244    i.pbuf_alloc        pbuf.o
    0x08007c74   0x00000038   Code   RO         1245    i.pbuf_cat          pbuf.o
    0x08007cac   0x0000001a   Code   RO         1246    i.pbuf_chain        pbuf.o
    0x08007cc6   0x00000012   Code   RO         1247    i.pbuf_clen         pbuf.o
    0x08007cd8   0x000000c8   Code   RO         1249    i.pbuf_copy         pbuf.o
    0x08007da0   0x00000092   Code   RO         1250    i.pbuf_copy_partial  pbuf.o
    0x08007e32   0x0000008a   Code   RO         1252    i.pbuf_free         pbuf.o
    0x08007ebc   0x00000086   Code   RO         1254    i.pbuf_header       pbuf.o
    0x08007f42   0x00000078   Code   RO         1257    i.pbuf_realloc      pbuf.o
    0x08007fba   0x0000001a   Code   RO         1258    i.pbuf_ref          pbuf.o
    0x08007fd4   0x00000088   Code   RO         1060    i.plug_holes        mem.o
    0x0800805c   0x00000054   Code   RO         4895    i.prvAddCurrentTaskToDelayedList  tasks.o
    0x080080b0   0x0000003a   Code   RO         4896    i.prvAllocateTCBAndStack  tasks.o
    0x080080ea   0x00000002   PAD
    0x080080ec   0x00000064   Code   RO         4897    i.prvCheckTasksWaitingTermination  tasks.o
    0x08008150   0x0000002a   Code   RO         5207    i.prvCopyDataFromQueue  queue.o
    0x0800817a   0x00000068   Code   RO         5208    i.prvCopyDataToQueue  queue.o
    0x080081e2   0x00000012   Code   RO         4898    i.prvDeleteTCB      tasks.o
    0x080081f4   0x00000080   Code   RO         5363    i.prvHeapInit       heap_4.o
    0x08008274   0x00000018   Code   RO         4899    i.prvIdleTask       tasks.o
    0x0800828c   0x00000046   Code   RO         4900    i.prvInitialiseTCBVariables  tasks.o
    0x080082d2   0x00000002   PAD
    0x080082d4   0x0000005c   Code   RO         4901    i.prvInitialiseTaskLists  tasks.o
    0x08008330   0x00000068   Code   RO         5364    i.prvInsertBlockIntoFreeList  heap_4.o
    0x08008398   0x0000001c   Code   RO         5209    i.prvIsQueueEmpty   queue.o
    0x080083b4   0x00000020   Code   RO         5210    i.prvIsQueueFull    queue.o
    0x080083d4   0x0000007e   Code   RO         5211    i.prvUnlockQueue    queue.o
    0x08008452   0x00000136   Code   RO         6517    i.put_fat           ff.o
    0x08008588   0x00000098   Code   RO         5365    i.pvPortMalloc      heap_4.o
    0x08008620   0x00000020   Code   RO         4833    i.pxPortInitialiseStack  port.o
    0x08008640   0x00000074   Code   RO         1357    i.raw_input         raw.o
    0x080086b4   0x000001a4   Code   RO         5865    i.rc_config_start   sys_config.o
    0x08008858   0x000000fe   Code   RO         5612    i.read_cmd          utilities.o
    0x08008956   0x00000002   PAD
    0x08008958   0x000008ac   Code   RO         5866    i.read_config       sys_config.o
    0x08009204   0x0000009e   Code   RO         5613    i.read_ip4_addr     utilities.o
    0x080092a2   0x000000f4   Code   RO         5614    i.read_mac_addr     utilities.o
    0x08009396   0x00000068   Code   RO         6518    i.remove_chain      ff.o
    0x080093fe   0x00000002   PAD
    0x08009400   0x00000018   Code   RO         5564    i.set_ipv4_config   netconf.o
    0x08009418   0x00000020   Code   RO         2275    i.set_mac_addr_config  ethernetif.o
    0x08009438   0x00000010   Code   RO         6519    i.st_clust          ff.o
    0x08009448   0x00000040   Code   RO         1411    i.stats_init        stats.o
    0x08009488   0x000000c8   Code   RO         6520    i.sync_fs           ff.o
    0x08009550   0x00000052   Code   RO         6521    i.sync_window       ff.o
    0x080095a2   0x00000062   Code   RO         2337    i.sys_arch_mbox_fetch  sys_arch.o
    0x08009604   0x0000000a   Code   RO         2339    i.sys_arch_protect  sys_arch.o
    0x0800960e   0x00000056   Code   RO         2340    i.sys_arch_sem_wait  sys_arch.o
    0x08009664   0x0000000a   Code   RO         2341    i.sys_arch_unprotect  sys_arch.o
    0x0800966e   0x00000002   PAD
    0x08009670   0x0000000c   Code   RO         2343    i.sys_init          sys_arch.o
    0x0800967c   0x0000004c   Code   RO         2345    i.sys_mbox_new      sys_arch.o
    0x080096c8   0x00000034   Code   RO         2348    i.sys_mbox_trypost  sys_arch.o
    0x080096fc   0x0000000e   Code   RO         2349    i.sys_mbox_valid    sys_arch.o
    0x0800970a   0x00000002   PAD
    0x0800970c   0x00000078   Code   RO         2351    i.sys_sem_new       sys_arch.o
    0x08009784   0x00000012   Code   RO         2353    i.sys_sem_signal    sys_arch.o
    0x08009796   0x00000002   PAD
    0x08009798   0x00000050   Code   RO         2355    i.sys_thread_new    sys_arch.o
    0x080097e8   0x0000009c   Code   RO         1829    i.sys_timeout       timers.o
    0x08009884   0x00000034   Code   RO         1830    i.sys_timeouts_init  timers.o
    0x080098b8   0x00000088   Code   RO         1831    i.sys_timeouts_mbox_fetch  timers.o
    0x08009940   0x00000060   Code   RO         1832    i.sys_untimeout     timers.o
    0x080099a0   0x00000098   Code   RO         1446    i.tcp_abandon       tcp.o
    0x08009a38   0x0000000e   Code   RO         1447    i.tcp_abort         tcp.o
    0x08009a46   0x00000002   PAD
    0x08009a48   0x000000e8   Code   RO         1450    i.tcp_alloc         tcp.o
    0x08009b30   0x0000001c   Code   RO         1453    i.tcp_close         tcp.o
    0x08009b4c   0x000001c8   Code   RO         1454    i.tcp_close_shutdown  tcp.o
    0x08009d14   0x000000cc   Code   RO         1729    i.tcp_create_segment  tcp_out.o
    0x08009de0   0x0000002e   Code   RO         1457    i.tcp_eff_send_mss  tcp.o
    0x08009e0e   0x00000002   PAD
    0x08009e10   0x0000016c   Code   RO         1730    i.tcp_enqueue_flags  tcp_out.o
    0x08009f7c   0x00000080   Code   RO         1459    i.tcp_fasttmr       tcp.o
    0x08009ffc   0x00000002   Code   RO         1460    i.tcp_init          tcp.o
    0x08009ffe   0x00000002   PAD
    0x0800a000   0x00000530   Code   RO         1678    i.tcp_input         tcp_in.o
    0x0800a530   0x00000068   Code   RO         1731    i.tcp_keepalive     tcp_out.o
    0x0800a598   0x00000058   Code   RO         1461    i.tcp_kill_prio     tcp.o
    0x0800a5f0   0x00000040   Code   RO         1462    i.tcp_kill_timewait  tcp.o
    0x0800a630   0x00000150   Code   RO         1679    i.tcp_listen_input  tcp_in.o
    0x0800a780   0x0000001c   Code   RO         1466    i.tcp_next_iss      tcp.o
    0x0800a79c   0x000001c0   Code   RO         1732    i.tcp_output        tcp_out.o
    0x0800a95c   0x00000078   Code   RO         1733    i.tcp_output_alloc_header  tcp_out.o
    0x0800a9d4   0x000000e8   Code   RO         1734    i.tcp_output_segment  tcp_out.o
    0x0800aabc   0x000000d0   Code   RO         1680    i.tcp_parseopt      tcp_in.o
    0x0800ab8c   0x00000058   Code   RO         1467    i.tcp_pcb_purge     tcp.o
    0x0800abe4   0x00000090   Code   RO         1468    i.tcp_pcb_remove    tcp.o
    0x0800ac74   0x000005b8   Code   RO         1681    i.tcp_process       tcp_in.o
    0x0800b22c   0x00000094   Code   RO         1470    i.tcp_process_refused_data  tcp.o
    0x0800b2c0   0x00000678   Code   RO         1682    i.tcp_receive       tcp_in.o
    0x0800b938   0x0000002e   Code   RO         1472    i.tcp_recv_null     tcp.o
    0x0800b966   0x0000004a   Code   RO         1473    i.tcp_recved        tcp.o
    0x0800b9b0   0x0000005a   Code   RO         1736    i.tcp_rexmit        tcp_out.o
    0x0800ba0a   0x00000078   Code   RO         1737    i.tcp_rexmit_fast   tcp_out.o
    0x0800ba82   0x0000003a   Code   RO         1738    i.tcp_rexmit_rto    tcp_out.o
    0x0800babc   0x00000098   Code   RO         1739    i.tcp_rst           tcp_out.o
    0x0800bb54   0x0000001a   Code   RO         1474    i.tcp_seg_free      tcp.o
    0x0800bb6e   0x00000018   Code   RO         1475    i.tcp_segs_free     tcp.o
    0x0800bb86   0x00000056   Code   RO         1740    i.tcp_send_empty_ack  tcp_out.o
    0x0800bbdc   0x0000004a   Code   RO         1741    i.tcp_send_fin      tcp_out.o
    0x0800bc26   0x00000002   PAD
    0x0800bc28   0x00000360   Code   RO         1479    i.tcp_slowtmr       tcp.o
    0x0800bf88   0x00000038   Code   RO         1833    i.tcp_timer_needed  timers.o
    0x0800bfc0   0x000000ac   Code   RO         1683    i.tcp_timewait_input  tcp_in.o
    0x0800c06c   0x00000024   Code   RO         1480    i.tcp_tmr           tcp.o
    0x0800c090   0x0000004e   Code   RO         1481    i.tcp_update_rcv_ann_wnd  tcp.o
    0x0800c0de   0x00000002   PAD
    0x0800c0e0   0x000000c8   Code   RO         1744    i.tcp_zero_window_probe  tcp_out.o
    0x0800c1a8   0x0000004c   Code   RO          673    i.tcpip_init        tcpip.o
    0x0800c1f4   0x0000004c   Code   RO          674    i.tcpip_input       tcpip.o
    0x0800c240   0x00000038   Code   RO         1834    i.tcpip_tcp_timer   timers.o
    0x0800c278   0x000000e4   Code   RO          675    i.tcpip_thread      tcpip.o
    0x0800c35c   0x00000002   Code   RO         6041    i.uart_print        usart4.o
    0x0800c35e   0x00000002   PAD
    0x0800c360   0x00000098   Code   RO         1908    i.udp_bind          udp.o
    0x0800c3f8   0x00000002   Code   RO         1911    i.udp_init          udp.o
    0x0800c3fa   0x00000002   PAD
    0x0800c3fc   0x00000254   Code   RO         1912    i.udp_input         udp.o
    0x0800c650   0x00000058   Code   RO         1914    i.udp_new_port      udp.o
    0x0800c6a8   0x00000104   Code   RO         1919    i.udp_sendto_if     udp.o
    0x0800c7ac   0x00000028   Code   RO         5165    i.uxListRemove      list.o
    0x0800c7d4   0x0000001c   Code   RO         5412    i.vApplicationStackOverflowHook  main.o
    0x0800c7f0   0x0000001a   Code   RO         5166    i.vListInitialise   list.o
    0x0800c80a   0x00000006   Code   RO         5167    i.vListInitialiseItem  list.o
    0x0800c810   0x00000034   Code   RO         5168    i.vListInsert       list.o
    0x0800c844   0x0000001c   Code   RO         5169    i.vListInsertEnd    list.o
    0x0800c860   0x00000018   Code   RO         4835    i.vPortEnterCritical  port.o
    0x0800c878   0x00000020   Code   RO         4836    i.vPortExitCritical  port.o
    0x0800c898   0x0000002c   Code   RO         5366    i.vPortFree         heap_4.o
    0x0800c8c4   0x00000020   Code   RO         4837    i.vPortSetupTimerInterrupt  port.o
    0x0800c8e4   0x00000010   Code   RO         4838    i.vPortYieldFromISR  port.o
    0x0800c8f4   0x00000038   Code   RO         4907    i.vTaskDelay        tasks.o
    0x0800c92c   0x00000074   Code   RO         4908    i.vTaskDelete       tasks.o
    0x0800c9a0   0x00000124   Code   RO         4910    i.vTaskIncrementTick  tasks.o
    0x0800cac4   0x0000000c   Code   RO         4912    i.vTaskMissedYield  tasks.o
    0x0800cad0   0x0000003c   Code   RO         4913    i.vTaskPlaceOnEventList  tasks.o
    0x0800cb0c   0x00000050   Code   RO         4914    i.vTaskPriorityDisinherit  tasks.o
    0x0800cb5c   0x00000084   Code   RO         4915    i.vTaskPriorityInherit  tasks.o
    0x0800cbe0   0x00000024   Code   RO         4918    i.vTaskSetTimeOutState  tasks.o
    0x0800cc04   0x00000054   Code   RO         4919    i.vTaskStartScheduler  tasks.o
    0x0800cc58   0x00000010   Code   RO         4920    i.vTaskSuspendAll   tasks.o
    0x0800cc68   0x000000bc   Code   RO         4921    i.vTaskSwitchContext  tasks.o
    0x0800cd24   0x00000036   Code   RO         6522    i.validate          ff.o
    0x0800cd5a   0x00000002   PAD
    0x0800cd5c   0x00000020   Code   RO         5691    i.write_cnf_adc_float  algbloc.o
    0x0800cd7c   0x00000048   Code   RO         4839    i.xPortStartScheduler  port.o
    0x0800cdc4   0x00000020   Code   RO         4840    i.xPortSysTickHandler  port.o
    0x0800cde4   0x0000005c   Code   RO         5222    i.xQueueGenericCreate  queue.o
    0x0800ce40   0x0000013a   Code   RO         5223    i.xQueueGenericReceive  queue.o
    0x0800cf7a   0x00000076   Code   RO         5224    i.xQueueGenericReset  queue.o
    0x0800cff0   0x000000ee   Code   RO         5225    i.xQueueGenericSend  queue.o
    0x0800d0de   0x00000080   Code   RO         5226    i.xQueueGenericSendFromISR  queue.o
    0x0800d15e   0x00000002   PAD
    0x0800d160   0x00000070   Code   RO         4922    i.xTaskCheckForTimeOut  tasks.o
    0x0800d1d0   0x0000014c   Code   RO         4923    i.xTaskGenericCreate  tasks.o
    0x0800d31c   0x0000000c   Code   RO         4924    i.xTaskGetCurrentTaskHandle  tasks.o
    0x0800d328   0x00000018   Code   RO         4925    i.xTaskGetTickCount  tasks.o
    0x0800d340   0x00000080   Code   RO         4927    i.xTaskRemoveFromEventList  tasks.o
    0x0800d3c0   0x000000ec   Code   RO         4928    i.xTaskResumeAll    tasks.o
    0x0800d4ac   0x00000030   Data   RO         1104    .constdata          memp.o
    0x0800d4dc   0x00000030   Data   RO         1413    .constdata          stats.o
    0x0800d50c   0x00000050   Data   RO         1482    .constdata          tcp.o
    0x0800d55c   0x00000008   Data   RO         2124    .constdata          ip_addr.o
    0x0800d564   0x0000000c   Data   RO         2191    .constdata          etharp.o
    0x0800d570   0x00000014   Data   RO         4930    .constdata          tasks.o
    0x0800d584   0x00000080   Data   RO         6523    .constdata          ff.o
    0x0800d604   0x00000081   Data   RO         7150    .constdata          mc_w.l(ctype_o.o)
    0x0800d685   0x00000003   PAD
    0x0800d688   0x00000004   Data   RO         7151    .constdata          mc_w.l(ctype_o.o)
    0x0800d68c   0x00000088   Data   RO         1414    .conststring        stats.o
    0x0800d714   0x0000006d   Data   RO         1483    .conststring        tcp.o
    0x0800d781   0x00000003   PAD
    0x0800d784   0x00000020   Data   RO         7228    Region$$Table       anon$$obj.o


    Execution Region RW_IRAM2 (Base: 0x10000000, Size: 0x00000000, Max: 0x00010000, ABSOLUTE)

    **** No section assigned to this execution region ****


    Execution Region RW_IRAM1 (Base: 0x20000000, Size: 0x0001b368, Max: 0x00030000, ABSOLUTE, COMPRESSED[0x00000034])

    Base Addr    Size         Type   Attr      Idx    E Section Name        Object

    0x20000000   0x00000014   Data   RW            7    .data               system_stm32f4xx.o
    0x20000014   0x0000000c   Data   RW          679    .data               tcpip.o
    0x20000020   0x00000004   Data   RW          834    .data               dhcp.o
    0x20000024   0x00000010   Data   RW         1062    .data               mem.o
    0x20000034   0x00000009   Data   RW         1158    .data               netif.o
    0x2000003d   0x00000003   PAD
    0x20000040   0x00000004   Data   RW         1363    .data               raw.o
    0x20000044   0x00000024   Data   RW         1484    .data               tcp.o
    0x20000068   0x00000020   Data   RW         1685    .data               tcp_in.o
    0x20000088   0x00000008   Data   RW         1835    .data               timers.o
    0x20000090   0x00000008   Data   RW         1920    .data               udp.o
    0x20000098   0x00000012   Data   RW         2085    .data               ip.o
    0x200000aa   0x00000001   Data   RW         2192    .data               etharp.o
    0x200000ab   0x00000001   PAD
    0x200000ac   0x00000014   Data   RW         2276    .data               ethernetif.o
    0x200000c0   0x00000002   Data   RW         2356    .data               sys_arch.o
    0x200000c2   0x00000010   Data   RW         3237    .data               stm32f4xx_rcc.o
    0x200000d2   0x00000002   PAD
    0x200000d4   0x00000010   Data   RW         4393    .data               stm32f4x7_eth.o
    0x200000e4   0x00000004   Data   RW         4841    .data               port.o
    0x200000e8   0x0000003c   Data   RW         4931    .data               tasks.o
    0x20000124   0x00000010   Data   RW         5370    .data               heap_4.o
    0x20000134   0x00000008   Data   RW         5500    .data               stm32f4x7_eth_bsp.o
    0x2000013c   0x00000004   Data   RW         5566    .data               netconf.o
    0x20000140   0x00000018   Data   RW         6261    .data               sdio_sd.o
    0x20000158   0x00000006   Data   RW         6524    .data               ff.o
    0x2000015e   0x00000002   PAD
    0x20000160   0x00000004   Data   RW         7180    .data               mc_w.l(errno.o)
    0x20000164   0x00002814   Zero   RW         1061    .bss                mem.o
    0x20002978   0x00002ae7   Zero   RW         1103    .bss                memp.o
    0x2000545f   0x00000001   PAD
    0x20005460   0x00000174   Zero   RW         1412    .bss                stats.o
    0x200055d4   0x00000014   Zero   RW         1684    .bss                tcp_in.o
    0x200055e8   0x000000c8   Zero   RW         2190    .bss                etharp.o
    0x200056b0   0x000030ac   Zero   RW         4392    .bss                stm32f4x7_eth.o
    0x2000875c   0x00000146   Zero   RW         4929    .bss                tasks.o
    0x200088a2   0x00000006   PAD
    0x200088a8   0x0000f000   Zero   RW         5369    .bss                heap_4.o
    0x200178a8   0x000000bc   Zero   RW         5499    .bss                stm32f4x7_eth_bsp.o
    0x20017964   0x00000038   Zero   RW         5565    .bss                netconf.o
    0x2001799c   0x000030fc   Zero   RW         5696    .bss                algbloc.o
    0x2001aa98   0x000000cc   Zero   RW         6260    .bss                sdio_sd.o
    0x2001ab64   0x00000004   PAD
    0x2001ab68   0x00000800   Zero   RW          159    STACK               startup_stm32f427x.o


==============================================================================

Image component sizes


      Code (inc. data)   RO Data    RW Data    ZI Data      Debug   Object Name

        32         10          0          0      12540       6526   algbloc.o
         0          0          0          0          0      28647   api_lib.o
        62          0          0          0          0       2260   def.o
      2814         50          0          4          0      23280   dhcp.o
       362          0          0          0          0       4382   diskio.o
      2700         90         12          1        200      14172   etharp.o
       964         92          0         20          0      42616   ethernetif.o
        78          0          0          0          0        598   fattime.o
      4706         50        128          6          0      26493   ff.o
       428         44          0         16      61440       4047   heap_4.o
       690         18          0          0          0       3313   icmp.o
       200          0          0          0          0       2769   inet_chksum.o
        36          0          0          0          0      10189   init.o
      1024         48          0         18          0       7701   ip.o
        78          0          8          0          0       7330   ip_addr.o
       152          0          0          0          0       4846   list.o
       140         34          0          0          0       2839   main.o
      1180         98          0         16      10260       5501   mem.o
       372         42         48          0      10983       3646   memp.o
       140         24          0          0          0       1759   misc.o
         0          0          0          0          0       4856   netbuf.o
       188         32          0          4         56       3762   netconf.o
       586         22          0          9          0      10271   netif.o
      1282          0          0          0          0       8193   pbuf.o
       408         60          0          4          0       5768   port.o
      1222          0          0          0          0       9749   queue.o
       116         14          0          4          0       1608   raw.o
      5074        306          0         24        204      25823   sdio_sd.o
        36          8        412          0       2048        816   startup_stm32f427x.o
        64         14        184          0        372       3954   stats.o
      2510        218          0         16      12460      18277   stm32f4x7_eth.o
      1168         88          0          8        188       8127   stm32f4x7_eth_bsp.o
       586         40          0          0          0       5428   stm32f4xx_dma.o
       200         18          0          0          0       2400   stm32f4xx_exti.o
       376         20          0          0          0       3771   stm32f4xx_fmc.o
       240          0          0          0          0       3907   stm32f4xx_gpio.o
       164         10          0          0          0       5455   stm32f4xx_it.o
       420         52          0         16          0       6966   stm32f4xx_rcc.o
       178         16          0          0          0       3076   stm32f4xx_rtc.o
       370         80          0          0          0      11654   stm32f4xx_sdio.o
        76         10          0          0          0       1358   stm32f4xx_syscfg.o
         2          0          0          0          0        590   stm32f4xx_usart.o
       576         22          0          2          0       8780   sys_arch.o
      2640        410          0          0          0       4452   sys_config.o
      1252         60          0         20          0     349621   system_stm32f4xx.o
      2362        338         20         60        326      20511   tasks.o
      2766        146        189         36          0      25289   tcp.o
      5164        322          0         32         20      17051   tcp_in.o
      2252         40          0          0          0      11543   tcp_out.o
       380         48          0         12          0       8015   tcpip.o
       648         78          0          8          0       6707   timers.o
      1098         36          0          8          0      14000   udp.o
         2          0          0          0          0        533   usart4.o
       656          0          0          0          0      14191   utilities.o

    ----------------------------------------------------------------------
     51288       3108       1036        352     111108     829416   Object Totals
         0          0         32          0          0          0   (incl. Generated)
        68          0          3          8         11          0   (incl. Padding)

    ----------------------------------------------------------------------

      Code (inc. data)   RO Data    RW Data    ZI Data      Debug   Library Member Name

        56         12          0          0          0        132   atof.o
        86          0          0          0          0          0   __dczerorl2.o
        28          0          0          0          0         68   _chval.o
        64          0          0          0          0         84   _sgetc.o
       158          0          0          0          0         92   _strtoul.o
        26          0          0          0          0         80   atoi.o
         8          4        133          0          0         68   ctype_o.o
         0          0          0          0          0          0   entry.o
         0          0          0          0          0          0   entry10a.o
         0          0          0          0          0          0   entry11a.o
         8          4          0          0          0          0   entry2.o
         4          0          0          0          0          0   entry5.o
         0          0          0          0          0          0   entry7b.o
         0          0          0          0          0          0   entry8b.o
         8          4          0          0          0          0   entry9a.o
        32         16          0          4          0        204   errno.o
        30          0          0          0          0          0   handlers.o
        36          8          0          0          0         68   init.o
        18          0          0          0          0         76   isspace_o.o
         0          0          0          0          0          0   iusefp.o
        30          0          0          0          0         68   llshl.o
        32          0          0          0          0         68   llushr.o
        26          0          0          0          0         80   memcmp.o
        36          0          0          0          0         68   memcpya.o
        36          0          0          0          0        108   memseta.o
       838         12          0          0          0        216   scanf_fp.o
        18          0          0          0          0         68   strcpy.o
        14          0          0          0          0         68   strlen.o
        30          0          0          0          0         80   strncmp.o
        24          0          0          0          0         76   strncpy.o
       156         14          0          0          0        120   strtod.o
       112          0          0          0          0         88   strtol.o
        56          0          0          0          0         88   d2f.o
       222          0          0          0          0        100   ddiv.o
       182          0          0          0          0        176   depilogue.o
        24          0          0          0          0         76   dfltul.o
       228          0          0          0          0         96   dmul.o
       110          0          0          0          0        168   fepilogue.o

    ----------------------------------------------------------------------
      2744         74        136          4          0       2684   Library Totals
         8          0          3          0          0          0   (incl. Padding)

    ----------------------------------------------------------------------

      Code (inc. data)   RO Data    RW Data    ZI Data      Debug   Library Name

        56         12          0          0          0        132   m_wm.l
      1858         62        133          4          0       1848   mc_w.l
       822          0          0          0          0        704   mf_w.l

    ----------------------------------------------------------------------
      2744         74        136          4          0       2684   Library Totals

    ----------------------------------------------------------------------

==============================================================================


      Code (inc. data)   RO Data    RW Data    ZI Data      Debug   

     54032       3182       1172        356     111108     793384   Grand Totals
     54032       3182       1172         52     111108     793384   ELF Image Totals (compressed)
     54032       3182       1172         52          0          0   ROM Totals

==============================================================================

    Total RO  Size (Code + RO Data)                55204 (  53.91kB)
    Total RW  Size (RW Data + ZI Data)            111464 ( 108.85kB)
    Total ROM Size (Code + RO Data + RW Data)      55256 (  53.96kB)

==============================================================================

