Product: MDK-ARM Professional 5.10
Component: ARM Compiler 5.04 update 1 (build 49)
Tool: armlink [5040049]

==============================================================================

Section Cross References

    system_stm32f4xx.o(.text) refers to stm32f4xx_rcc.o(.text) for RCC_AHB1PeriphClockCmd
    system_stm32f4xx.o(.text) refers to stm32f4xx_gpio.o(.text) for GPIO_PinAFConfig
    system_stm32f4xx.o(.text) refers to stm32f4xx_fmc.o(.text) for FMC_SDRAMInit
    system_stm32f4xx.o(.text) refers to system_stm32f4xx.o(.data) for .data
    startup_stm32f427x.o(RESET) refers to startup_stm32f427x.o(STACK) for __initial_sp
    startup_stm32f427x.o(RESET) refers to startup_stm32f427x.o(.text) for Reset_Handler
    startup_stm32f427x.o(RESET) refers to stm32f4xx_it.o(.text) for NMI_Handler
    startup_stm32f427x.o(RESET) refers to port.o(.emb_text) for SVC_Handler
    startup_stm32f427x.o(.text) refers to system_stm32f4xx.o(.text) for SystemInit
    startup_stm32f427x.o(.text) refers to entry.o(.ARM.Collect$$$$00000000) for __main
    api_lib.o(.text) refers to api_msg.o(.text) for netconn_alloc
    api_lib.o(.text) refers to tcpip.o(.text) for tcpip_apimsg
    api_lib.o(.text) refers to sys_arch.o(.text) for sys_sem_valid
    api_lib.o(.text) refers to memp.o(.text) for memp_free
    api_msg.o(.text) refers to sys_arch.o(.text) for sys_mbox_valid
    api_msg.o(.text) refers to pbuf.o(.text) for pbuf_alloc
    api_msg.o(.text) refers to memp.o(.text) for memp_malloc
    api_msg.o(.text) refers to netbuf.o(.text) for netbuf_delete
    api_msg.o(.text) refers to tcp.o(.text) for tcp_recved
    api_msg.o(.text) refers to tcp_out.o(.text) for tcp_write
    api_msg.o(.text) refers to ip.o(.data) for current_iphdr_src
    api_msg.o(.text) refers to raw.o(.text) for raw_remove
    api_msg.o(.text) refers to udp.o(.text) for udp_remove
    err.o(.text) refers to err.o(.data) for .data
    err.o(.data) refers to err.o(.conststring) for .conststring
    netbuf.o(.text) refers to memp.o(.text) for memp_malloc
    netbuf.o(.text) refers to pbuf.o(.text) for pbuf_free
    sockets.o(.text) refers to sys_arch.o(.text) for sys_arch_protect
    sockets.o(.text) refers to api_lib.o(.text) for netconn_accept
    sockets.o(.text) refers to def.o(.text) for lwip_htons
    sockets.o(.text) refers to memcpya.o(.text) for __aeabi_memcpy
    sockets.o(.text) refers to pbuf.o(.text) for pbuf_free
    sockets.o(.text) refers to netbuf.o(.text) for netbuf_delete
    sockets.o(.text) refers to sockets.o(.bss) for .bss
    sockets.o(.text) refers to sockets.o(.constdata) for .constdata
    sockets.o(.text) refers to sockets.o(.data) for .data
    sockets.o(.text) refers to tcpip.o(.text) for tcpip_callback_with_block
    tcpip.o(.text) refers to timers.o(.text) for sys_timeouts_mbox_fetch
    tcpip.o(.text) refers to etharp.o(.text) for ethernet_input
    tcpip.o(.text) refers to ip.o(.text) for ip_input
    tcpip.o(.text) refers to memp.o(.text) for memp_free
    tcpip.o(.text) refers to sys_arch.o(.text) for sys_mbox_valid
    tcpip.o(.text) refers to init.o(.text) for lwip_init
    tcpip.o(.text) refers to pbuf.o(.text) for pbuf_free
    tcpip.o(.text) refers to tcpip.o(.data) for .data
    tcpip.o(.text) refers to mem.o(.text) for mem_free
    dhcp.o(.text) refers to pbuf.o(.text) for pbuf_alloc
    dhcp.o(.text) refers to def.o(.text) for lwip_htonl
    dhcp.o(.text) refers to udp.o(.text) for udp_sendto_if
    dhcp.o(.text) refers to etharp.o(.text) for etharp_query
    dhcp.o(.text) refers to dhcp.o(.data) for .data
    dhcp.o(.text) refers to ip_addr.o(.constdata) for ip_addr_broadcast
    dhcp.o(.text) refers to netif.o(.text) for netif_set_down
    dhcp.o(.text) refers to memseta.o(.text) for __aeabi_memclr4
    dhcp.o(.text) refers to mem.o(.text) for mem_free
    dhcp.o(.text) refers to netif.o(.data) for netif_list
    dhcp.o(.text) refers to ip_addr.o(.constdata) for ip_addr_any
    dhcp.o(.text) refers to dhcp.o(.bss) for .bss
    init.o(.text) refers to stats.o(.text) for stats_init
    init.o(.text) refers to sys_arch.o(.text) for sys_init
    init.o(.text) refers to mem.o(.text) for mem_init
    init.o(.text) refers to memp.o(.text) for memp_init
    init.o(.text) refers to netif.o(.text) for netif_init
    init.o(.text) refers to sockets.o(.text) for lwip_socket_init
    init.o(.text) refers to udp.o(.text) for udp_init
    init.o(.text) refers to tcp.o(.text) for tcp_init
    init.o(.text) refers to timers.o(.text) for sys_timeouts_init
    mem.o(.text) refers to sys_arch.o(.text) for sys_sem_new
    mem.o(.text) refers to memseta.o(.text) for __aeabi_memclr
    mem.o(.text) refers to mem.o(.bss) for .bss
    mem.o(.text) refers to mem.o(.data) for .data
    mem.o(.text) refers to stats.o(.bss) for lwip_stats
    memp.o(.text) refers to sys_arch.o(.text) for sys_arch_protect
    memp.o(.text) refers to stats.o(.bss) for lwip_stats
    memp.o(.text) refers to memp.o(.constdata) for .constdata
[...]
    RCC_APB1PeriphClockCmd                   0x08009253   Thumb Code    20  stm32f4xx_rcc.o(.text)
    RCC_APB2PeriphClockCmd                   0x08009267   Thumb Code    20  stm32f4xx_rcc.o(.text)
    RCC_AHB1PeriphResetCmd                   0x0800927b   Thumb Code    20  stm32f4xx_rcc.o(.text)
    RCC_AHB2PeriphResetCmd                   0x0800928f   Thumb Code    20  stm32f4xx_rcc.o(.text)
    RCC_AHB3PeriphResetCmd                   0x080092a3   Thumb Code    20  stm32f4xx_rcc.o(.text)
    RCC_APB1PeriphResetCmd                   0x080092b7   Thumb Code    20  stm32f4xx_rcc.o(.text)
    RCC_APB2PeriphResetCmd                   0x080092cb   Thumb Code    20  stm32f4xx_rcc.o(.text)
    RCC_AHB1PeriphClockLPModeCmd             0x080092df   Thumb Code    20  stm32f4xx_rcc.o(.text)
    RCC_AHB2PeriphClockLPModeCmd             0x080092f3   Thumb Code    20  stm32f4xx_rcc.o(.text)
    RCC_AHB3PeriphClockLPModeCmd             0x08009307   Thumb Code    20  stm32f4xx_rcc.o(.text)
    RCC_APB1PeriphClockLPModeCmd             0x0800931b   Thumb Code    68  stm32f4xx_rcc.o(.text)
    RCC_APB2PeriphClockLPModeCmd             0x0800935f   Thumb Code    18  stm32f4xx_rcc.o(.text)
    RCC_ITConfig                             0x08009371   Thumb Code    20  stm32f4xx_rcc.o(.text)
    RCC_ClearFlag                            0x08009385   Thumb Code    14  stm32f4xx_rcc.o(.text)
    RCC_GetITStatus                          0x08009393   Thumb Code    18  stm32f4xx_rcc.o(.text)
    RCC_ClearITPendingBit                    0x080093a5   Thumb Code     8  stm32f4xx_rcc.o(.text)
    SDIO_DeInit                              0x080093b1   Thumb Code    24  stm32f4xx_sdio.o(.text)
    SDIO_Init                                0x080093c9   Thumb Code    40  stm32f4xx_sdio.o(.text)
    SDIO_StructInit                          0x080093f1   Thumb Code    16  stm32f4xx_sdio.o(.text)
    SDIO_ClockCmd                            0x08009401   Thumb Code     8  stm32f4xx_sdio.o(.text)
    SDIO_SetPowerState                       0x08009409   Thumb Code     8  stm32f4xx_sdio.o(.text)
    SDIO_GetPowerState                       0x08009411   Thumb Code    12  stm32f4xx_sdio.o(.text)
    SDIO_SendCommand                         0x0800941d   Thumb Code    38  stm32f4xx_sdio.o(.text)
    SDIO_CmdStructInit                       0x08009443   Thumb Code    14  stm32f4xx_sdio.o(.text)
    SDIO_GetCommandResponse                  0x08009451   Thumb Code    10  stm32f4xx_sdio.o(.text)
    SDIO_GetResponse                         0x0800945b   Thumb Code    14  stm32f4xx_sdio.o(.text)
    SDIO_DataConfig                          0x08009469   Thumb Code    44  stm32f4xx_sdio.o(.text)
    SDIO_DataStructInit                      0x08009495   Thumb Code    20  stm32f4xx_sdio.o(.text)
    SDIO_GetDataCounter                      0x080094a9   Thumb Code     8  stm32f4xx_sdio.o(.text)
    SDIO_ReadData                            0x080094b1   Thumb Code     8  stm32f4xx_sdio.o(.text)
    SDIO_WriteData                           0x080094b9   Thumb Code     8  stm32f4xx_sdio.o(.text)
    SDIO_GetFIFOCount                        0x080094c1   Thumb Code     8  stm32f4xx_sdio.o(.text)
    SDIO_StartSDIOReadWait                   0x080094c9   Thumb Code     6  stm32f4xx_sdio.o(.text)
    SDIO_StopSDIOReadWait                    0x080094cf   Thumb Code     8  stm32f4xx_sdio.o(.text)
    SDIO_SetSDIOReadWaitMode                 0x080094d7   Thumb Code     8  stm32f4xx_sdio.o(.text)
    SDIO_SetSDIOOperation                    0x080094df   Thumb Code     8  stm32f4xx_sdio.o(.text)
    SDIO_SendSDIOSuspendCmd                  0x080094e7   Thumb Code     8  stm32f4xx_sdio.o(.text)
    SDIO_CommandCompletionCmd                0x080094ef   Thumb Code     8  stm32f4xx_sdio.o(.text)
    SDIO_CEATAITCmd                          0x080094f7   Thumb Code    12  stm32f4xx_sdio.o(.text)
    SDIO_SendCEATACmd                        0x08009503   Thumb Code     8  stm32f4xx_sdio.o(.text)
    SDIO_DMACmd                              0x0800950b   Thumb Code     8  stm32f4xx_sdio.o(.text)
    SDIO_ITConfig                            0x08009513   Thumb Code    20  stm32f4xx_sdio.o(.text)
    SDIO_GetFlagStatus                       0x08009527   Thumb Code    18  stm32f4xx_sdio.o(.text)
    SDIO_ClearFlag                           0x08009539   Thumb Code     8  stm32f4xx_sdio.o(.text)
    SDIO_GetITStatus                         0x08009541   Thumb Code    18  stm32f4xx_sdio.o(.text)
    SDIO_ClearITPendingBit                   0x08009553   Thumb Code     8  stm32f4xx_sdio.o(.text)
    SYSCFG_DeInit                            0x08009569   Thumb Code    24  stm32f4xx_syscfg.o(.text)
    SYSCFG_MemoryRemapConfig                 0x08009581   Thumb Code     6  stm32f4xx_syscfg.o(.text)
    SYSCFG_EXTILineConfig                    0x08009587   Thumb Code    42  stm32f4xx_syscfg.o(.text)
    SYSCFG_ETH_MediaInterfaceConfig          0x080095b1   Thumb Code     8  stm32f4xx_syscfg.o(.text)
    SYSCFG_CompensationCellCmd               0x080095b9   Thumb Code     6  stm32f4xx_syscfg.o(.text)
    SYSCFG_GetCompensationCellStatus         0x080095bf   Thumb Code    16  stm32f4xx_syscfg.o(.text)
    USART_DeInit                             0x080095e1   Thumb Code   114  stm32f4xx_usart.o(.text)
    USART_Init                               0x08009653   Thumb Code   164  stm32f4xx_usart.o(.text)
    USART_StructInit                         0x080096f7   Thumb Code    22  stm32f4xx_usart.o(.text)
    USART_ClockInit                          0x0800970d   Thumb Code    28  stm32f4xx_usart.o(.text)
    USART_ClockStructInit                    0x08009729   Thumb Code    12  stm32f4xx_usart.o(.text)
    USART_Cmd                                0x08009735   Thumb Code    20  stm32f4xx_usart.o(.text)
    USART_SetPrescaler                       0x08009749   Thumb Code    16  stm32f4xx_usart.o(.text)
    USART_OverSampling8Cmd                   0x08009759   Thumb Code    20  stm32f4xx_usart.o(.text)
    USART_OneBitMethodCmd                    0x0800976d   Thumb Code    20  stm32f4xx_usart.o(.text)
    USART_SendData                           0x08009781   Thumb Code     8  stm32f4xx_usart.o(.text)
    UART_printf                              0x08009789   Thumb Code     2  stm32f4xx_usart.o(.text)
    USART_ReceiveData                        0x0800978b   Thumb Code     8  stm32f4xx_usart.o(.text)
    USART_SetAddress                         0x08009793   Thumb Code    16  stm32f4xx_usart.o(.text)
    USART_ReceiverWakeUpCmd                  0x080097a3   Thumb Code    20  stm32f4xx_usart.o(.text)
    USART_WakeUpConfig                       0x080097b7   Thumb Code    16  stm32f4xx_usart.o(.text)
    USART_LINBreakDetectLengthConfig         0x080097c7   Thumb Code    16  stm32f4xx_usart.o(.text)
    USART_LINCmd                             0x080097d7   Thumb Code    20  stm32f4xx_usart.o(.text)
    USART_SendBreak                          0x080097eb   Thumb Code    10  stm32f4xx_usart.o(.text)
    USART_HalfDuplexCmd                      0x080097f5   Thumb Code    20  stm32f4xx_usart.o(.text)
    USART_SetGuardTime                       0x08009809   Thumb Code    16  stm32f4xx_usart.o(.text)
    USART_SmartCardCmd                       0x08009819   Thumb Code    20  stm32f4xx_usart.o(.text)
    USART_SmartCardNACKCmd                   0x0800982d   Thumb Code    20  stm32f4xx_usart.o(.text)
    USART_IrDAConfig                         0x08009841   Thumb Code    16  stm32f4xx_usart.o(.text)
    USART_IrDACmd                            0x08009851   Thumb Code    20  stm32f4xx_usart.o(.text)
    USART_DMACmd                             0x08009865   Thumb Code    16  stm32f4xx_usart.o(.text)
    USART_ITConfig                           0x08009875   Thumb Code    48  stm32f4xx_usart.o(.text)
    USART_GetFlagStatus                      0x080098a5   Thumb Code    14  stm32f4xx_usart.o(.text)
    USART_ClearFlag                          0x080098b3   Thumb Code     6  stm32f4xx_usart.o(.text)
    USART_GetITStatus                        0x080098b9   Thumb Code    62  stm32f4xx_usart.o(.text)
    USART_ClearITPendingBit                  0x080098f7   Thumb Code    12  stm32f4xx_usart.o(.text)
    RTC_WaitForSynchro                       0x0800991d   Thumb Code    70  stm32f4xx_rtc.o(.text)
    RTC_EnterInitMode                        0x08009963   Thumb Code    58  stm32f4xx_rtc.o(.text)
    RTC_DeInit                               0x0800999d   Thumb Code   168  stm32f4xx_rtc.o(.text)
    RTC_ExitInitMode                         0x08009a45   Thumb Code    14  stm32f4xx_rtc.o(.text)
    RTC_Init                                 0x08009a53   Thumb Code    74  stm32f4xx_rtc.o(.text)
    RTC_StructInit                           0x08009a9d   Thumb Code    14  stm32f4xx_rtc.o(.text)
    RTC_WriteProtectionCmd                   0x08009aab   Thumb Code    18  stm32f4xx_rtc.o(.text)
    RTC_RefClockCmd                          0x08009abd   Thumb Code    56  stm32f4xx_rtc.o(.text)
    RTC_BypassShadowCmd                      0x08009af5   Thumb Code    38  stm32f4xx_rtc.o(.text)
    RTC_SetTime                              0x08009b1b   Thumb Code   150  stm32f4xx_rtc.o(.text)
    RTC_TimeStructInit                       0x08009bb1   Thumb Code    12  stm32f4xx_rtc.o(.text)
    RTC_GetTime                              0x08009bbd   Thumb Code    70  stm32f4xx_rtc.o(.text)
    RTC_GetSubSecond                         0x08009c03   Thumb Code    14  stm32f4xx_rtc.o(.text)
    RTC_SetDate                              0x08009c11   Thumb Code   144  stm32f4xx_rtc.o(.text)
    RTC_DateStructInit                       0x08009ca1   Thumb Code    14  stm32f4xx_rtc.o(.text)
    RTC_GetDate                              0x08009caf   Thumb Code    66  stm32f4xx_rtc.o(.text)
    RTC_SetAlarm                             0x08009cf1   Thumb Code   176  stm32f4xx_rtc.o(.text)
    RTC_AlarmStructInit                      0x08009da1   Thumb Code    20  stm32f4xx_rtc.o(.text)
    RTC_GetAlarm                             0x08009db5   Thumb Code   104  stm32f4xx_rtc.o(.text)
    RTC_AlarmCmd                             0x08009e1d   Thumb Code    78  stm32f4xx_rtc.o(.text)
    RTC_AlarmSubSecondConfig                 0x08009e6b   Thumb Code    38  stm32f4xx_rtc.o(.text)
    RTC_GetAlarmSubSecond                    0x08009e91   Thumb Code    24  stm32f4xx_rtc.o(.text)
    RTC_WakeUpClockConfig                    0x08009ea9   Thumb Code    34  stm32f4xx_rtc.o(.text)
    RTC_SetWakeUpCounter                     0x08009ecb   Thumb Code    22  stm32f4xx_rtc.o(.text)
    RTC_GetWakeUpCounter                     0x08009ee1   Thumb Code    10  stm32f4xx_rtc.o(.text)
    RTC_WakeUpCmd                            0x08009eeb   Thumb Code    84  stm32f4xx_rtc.o(.text)
    RTC_DayLightSavingConfig                 0x08009f3f   Thumb Code    38  stm32f4xx_rtc.o(.text)
    RTC_GetStoreOperation                    0x08009f65   Thumb Code    12  stm32f4xx_rtc.o(.text)
    RTC_OutputConfig                         0x08009f71   Thumb Code    38  stm32f4xx_rtc.o(.text)
    RTC_CoarseCalibConfig                    0x08009f97   Thumb Code    46  stm32f4xx_rtc.o(.text)
    RTC_CoarseCalibCmd                       0x08009fc5   Thumb Code    56  stm32f4xx_rtc.o(.text)
    RTC_CalibOutputCmd                       0x08009ffd   Thumb Code    38  stm32f4xx_rtc.o(.text)
    RTC_CalibOutputConfig                    0x0800a023   Thumb Code    34  stm32f4xx_rtc.o(.text)
    RTC_SmoothCalibConfig                    0x0800a045   Thumb Code    70  stm32f4xx_rtc.o(.text)
    RTC_TimeStampCmd                         0x0800a08b   Thumb Code    42  stm32f4xx_rtc.o(.text)
    RTC_GetTimeStamp                         0x0800a0b5   Thumb Code   130  stm32f4xx_rtc.o(.text)
    RTC_GetTimeStampSubSecond                0x0800a137   Thumb Code     8  stm32f4xx_rtc.o(.text)
    RTC_TamperTriggerConfig                  0x0800a13f   Thumb Code    24  stm32f4xx_rtc.o(.text)
    RTC_TamperCmd                            0x0800a157   Thumb Code    28  stm32f4xx_rtc.o(.text)
    RTC_TamperFilterConfig                   0x0800a173   Thumb Code    18  stm32f4xx_rtc.o(.text)
    RTC_TamperSamplingFreqConfig             0x0800a185   Thumb Code    18  stm32f4xx_rtc.o(.text)
    RTC_TamperPinsPrechargeDuration          0x0800a197   Thumb Code    18  stm32f4xx_rtc.o(.text)
    RTC_TimeStampOnTamperDetectionCmd        0x0800a1a9   Thumb Code    22  stm32f4xx_rtc.o(.text)
    RTC_TamperPullUpCmd                      0x0800a1bf   Thumb Code    22  stm32f4xx_rtc.o(.text)
    RTC_WriteBackupRegister                  0x0800a1d5   Thumb Code    16  stm32f4xx_rtc.o(.text)
    RTC_ReadBackupRegister                   0x0800a1e5   Thumb Code    16  stm32f4xx_rtc.o(.text)
    RTC_TamperPinSelection                   0x0800a1f5   Thumb Code    18  stm32f4xx_rtc.o(.text)
    RTC_TimeStampPinSelection                0x0800a207   Thumb Code    18  stm32f4xx_rtc.o(.text)
    RTC_OutputTypeConfig                     0x0800a219   Thumb Code    18  stm32f4xx_rtc.o(.text)
    RTC_SynchroShiftConfig                   0x0800a22b   Thumb Code    84  stm32f4xx_rtc.o(.text)
    RTC_ITConfig                             0x0800a27f   Thumb Code    60  stm32f4xx_rtc.o(.text)
    RTC_GetFlagStatus                        0x0800a2bb   Thumb Code    22  stm32f4xx_rtc.o(.text)
    RTC_ClearFlag                            0x0800a2d1   Thumb Code    24  stm32f4xx_rtc.o(.text)
    RTC_GetITStatus                          0x0800a2e9   Thumb Code    46  stm32f4xx_rtc.o(.text)
    RTC_ClearITPendingBit                    0x0800a317   Thumb Code    24  stm32f4xx_rtc.o(.text)
    TIM_DeInit                               0x0800a365   Thumb Code   284  stm32f4xx_tim.o(.text)
    TIM_TimeBaseInit                         0x0800a481   Thumb Code    96  stm32f4xx_tim.o(.text)
    TIM_TimeBaseStructInit                   0x0800a4e1   Thumb Code    18  stm32f4xx_tim.o(.text)
    TIM_PrescalerConfig                      0x0800a4f3   Thumb Code     6  stm32f4xx_tim.o(.text)
    TIM_CounterModeConfig                    0x0800a4f9   Thumb Code    12  stm32f4xx_tim.o(.text)
    TIM_SetCounter                           0x0800a505   Thumb Code     4  stm32f4xx_tim.o(.text)
    TIM_SetAutoreload                        0x0800a509   Thumb Code     4  stm32f4xx_tim.o(.text)
    TIM_GetCounter                           0x0800a50d   Thumb Code     4  stm32f4xx_tim.o(.text)
    TIM_GetPrescaler                         0x0800a511   Thumb Code     4  stm32f4xx_tim.o(.text)
    TIM_UpdateDisableConfig                  0x0800a515   Thumb Code    20  stm32f4xx_tim.o(.text)
    TIM_UpdateRequestConfig                  0x0800a529   Thumb Code    20  stm32f4xx_tim.o(.text)
    TIM_ARRPreloadConfig                     0x0800a53d   Thumb Code    20  stm32f4xx_tim.o(.text)
    TIM_SelectOnePulseMode                   0x0800a551   Thumb Code    16  stm32f4xx_tim.o(.text)
    TIM_SetClockDivision                     0x0800a561   Thumb Code    16  stm32f4xx_tim.o(.text)
    TIM_Cmd                                  0x0800a571   Thumb Code    20  stm32f4xx_tim.o(.text)
    TIM_OC1Init                              0x0800a585   Thumb Code    88  stm32f4xx_tim.o(.text)
    TIM_OC2Init                              0x0800a5dd   Thumb Code   120  stm32f4xx_tim.o(.text)
    TIM_OC3Init                              0x0800a655   Thumb Code   116  stm32f4xx_tim.o(.text)
    TIM_OC4Init                              0x0800a6c9   Thumb Code    88  stm32f4xx_tim.o(.text)
    TIM_OCStructInit                         0x0800a721   Thumb Code    20  stm32f4xx_tim.o(.text)
    TIM_SelectOCxM                           0x0800a735   Thumb Code   130  stm32f4xx_tim.o(.text)
    TIM_SetCompare1                          0x0800a7b7   Thumb Code     4  stm32f4xx_tim.o(.text)
    TIM_SetCompare2                          0x0800a7bb   Thumb Code     4  stm32f4xx_tim.o(.text)
    TIM_SetCompare3                          0x0800a7bf   Thumb Code     4  stm32f4xx_tim.o(.text)
    TIM_SetCompare4                          0x0800a7c3   Thumb Code     4  stm32f4xx_tim.o(.text)
    TIM_ForcedOC1Config                      0x0800a7c7   Thumb Code    12  stm32f4xx_tim.o(.text)
    TIM_ForcedOC2Config                      0x0800a7d3   Thumb Code    20  stm32f4xx_tim.o(.text)
    TIM_ForcedOC3Config                      0x0800a7e7   Thumb Code    12  stm32f4xx_tim.o(.text)
    TIM_ForcedOC4Config                      0x0800a7f3   Thumb Code    20  stm32f4xx_tim.o(.text)
    TIM_OC1PreloadConfig                     0x0800a807   Thumb Code    12  stm32f4xx_tim.o(.text)
    TIM_OC2PreloadConfig                     0x0800a813   Thumb Code    20  stm32f4xx_tim.o(.text)
    TIM_OC3PreloadConfig                     0x0800a827   Thumb Code    12  stm32f4xx_tim.o(.text)
    TIM_OC4PreloadConfig                     0x0800a833   Thumb Code    20  stm32f4xx_tim.o(.text)
    TIM_OC1FastConfig                        0x0800a847   Thumb Code    12  stm32f4xx_tim.o(.text)
    TIM_OC2FastConfig                        0x0800a853   Thumb Code    20  stm32f4xx_tim.o(.text)
    TIM_OC3FastConfig                        0x0800a867   Thumb Code    12  stm32f4xx_tim.o(.text)
    TIM_OC4FastConfig                        0x0800a873   Thumb Code    20  stm32f4xx_tim.o(.text)
    TIM_ClearOC1Ref                          0x0800a887   Thumb Code    12  stm32f4xx_tim.o(.text)
    TIM_ClearOC2Ref                          0x0800a893   Thumb Code    20  stm32f4xx_tim.o(.text)
    TIM_ClearOC3Ref                          0x0800a8a7   Thumb Code    12  stm32f4xx_tim.o(.text)
    TIM_ClearOC4Ref                          0x0800a8b3   Thumb Code    20  stm32f4xx_tim.o(.text)
    TIM_OC1PolarityConfig                    0x0800a8c7   Thumb Code    12  stm32f4xx_tim.o(.text)
    TIM_OC1NPolarityConfig                   0x0800a8d3   Thumb Code    12  stm32f4xx_tim.o(.text)
    TIM_OC2PolarityConfig                    0x0800a8df   Thumb Code    20  stm32f4xx_tim.o(.text)
    TIM_OC2NPolarityConfig                   0x0800a8f3   Thumb Code    20  stm32f4xx_tim.o(.text)
    TIM_OC3PolarityConfig                    0x0800a907   Thumb Code    20  stm32f4xx_tim.o(.text)
    TIM_OC3NPolarityConfig                   0x0800a91b   Thumb Code    20  stm32f4xx_tim.o(.text)
    TIM_OC4PolarityConfig                    0x0800a92f   Thumb Code    20  stm32f4xx_tim.o(.text)
    TIM_CCxCmd                               0x0800a943   Thumb Code    22  stm32f4xx_tim.o(.text)
    TIM_CCxNCmd                              0x0800a959   Thumb Code    22  stm32f4xx_tim.o(.text)
    TIM_SetIC4Prescaler                      0x0800a96f   Thumb Code    24  stm32f4xx_tim.o(.text)
    TIM_SetIC3Prescaler                      0x0800a987   Thumb Code    16  stm32f4xx_tim.o(.text)
    TIM_SetIC2Prescaler                      0x0800a997   Thumb Code    24  stm32f4xx_tim.o(.text)
    TIM_SetIC1Prescaler                      0x0800a9e5   Thumb Code    16  stm32f4xx_tim.o(.text)
    TIM_ICInit                               0x0800a9f5   Thumb Code   164  stm32f4xx_tim.o(.text)
    TIM_ICStructInit                         0x0800aa99   Thumb Code    16  stm32f4xx_tim.o(.text)
    TIM_PWMIConfig                           0x0800aaa9   Thumb Code   104  stm32f4xx_tim.o(.text)
    TIM_GetCapture1                          0x0800ab11   Thumb Code     4  stm32f4xx_tim.o(.text)
    TIM_GetCapture2                          0x0800ab15   Thumb Code     4  stm32f4xx_tim.o(.text)
    TIM_GetCapture3                          0x0800ab19   Thumb Code     4  stm32f4xx_tim.o(.text)
    TIM_GetCapture4                          0x0800ab1d   Thumb Code     4  stm32f4xx_tim.o(.text)
    TIM_BDTRConfig                           0x0800ab21   Thumb Code    34  stm32f4xx_tim.o(.text)
    TIM_BDTRStructInit                       0x0800ab43   Thumb Code    18  stm32f4xx_tim.o(.text)
    TIM_CtrlPWMOutputs                       0x0800ab55   Thumb Code    22  stm32f4xx_tim.o(.text)
    TIM_SelectCOM                            0x0800ab6b   Thumb Code    20  stm32f4xx_tim.o(.text)
    TIM_CCPreloadControl                     0x0800ab7f   Thumb Code    20  stm32f4xx_tim.o(.text)
    TIM_ITConfig                             0x0800ab93   Thumb Code    16  stm32f4xx_tim.o(.text)
    TIM_GenerateEvent                        0x0800aba3   Thumb Code     4  stm32f4xx_tim.o(.text)
    TIM_GetFlagStatus                        0x0800aba7   Thumb Code    14  stm32f4xx_tim.o(.text)
    TIM_ClearFlag                            0x0800abb5   Thumb Code     6  stm32f4xx_tim.o(.text)
    TIM_GetITStatus                          0x0800abbb   Thumb Code    24  stm32f4xx_tim.o(.text)
    TIM_ClearITPendingBit                    0x0800abd3   Thumb Code     6  stm32f4xx_tim.o(.text)
    TIM_DMAConfig                            0x0800abd9   Thumb Code     8  stm32f4xx_tim.o(.text)
    TIM_DMACmd                               0x0800abe1   Thumb Code    16  stm32f4xx_tim.o(.text)
    TIM_SelectCCDMA                          0x0800abf1   Thumb Code    20  stm32f4xx_tim.o(.text)
    TIM_InternalClockConfig                  0x0800ac05   Thumb Code    10  stm32f4xx_tim.o(.text)
    TIM_SelectInputTrigger                   0x0800ac0f   Thumb Code    12  stm32f4xx_tim.o(.text)
    TIM_ITRxExternalClockConfig              0x0800ac1b   Thumb Code    18  stm32f4xx_tim.o(.text)
    TIM_TIxExternalClockConfig               0x0800ac2d   Thumb Code    46  stm32f4xx_tim.o(.text)
    TIM_ETRConfig                            0x0800ac5b   Thumb Code    24  stm32f4xx_tim.o(.text)
    TIM_ETRClockMode1Config                  0x0800ac73   Thumb Code    18  stm32f4xx_tim.o(.text)
    TIM_ETRClockMode2Config                  0x0800ac85   Thumb Code    18  stm32f4xx_tim.o(.text)
    TIM_SelectOutputTrigger                  0x0800ac97   Thumb Code    16  stm32f4xx_tim.o(.text)
    TIM_SelectSlaveMode                      0x0800aca7   Thumb Code    16  stm32f4xx_tim.o(.text)
    TIM_SelectMasterSlaveMode                0x0800acb7   Thumb Code    16  stm32f4xx_tim.o(.text)
    TIM_EncoderInterfaceConfig               0x0800acc7   Thumb Code    50  stm32f4xx_tim.o(.text)
    TIM_SelectHallSensor                     0x0800acf9   Thumb Code    20  stm32f4xx_tim.o(.text)
    TIM_RemapConfig                          0x0800ad0d   Thumb Code     6  stm32f4xx_tim.o(.text)
    ETH_DeInit                               0x0800ad41   Thumb Code    24  stm32f4x7_eth.o(.text)
    ETH_StructInit                           0x0800ad59   Thumb Code   136  stm32f4x7_eth.o(.text)
    ETH_WritePHYRegister                     0x0800ade1   Thumb Code    76  stm32f4x7_eth.o(.text)
    ETH_ReadPHYRegister                      0x0800ae2d   Thumb Code    82  stm32f4x7_eth.o(.text)
    ETH_Init                                 0x0800ae7f   Thumb Code   678  stm32f4x7_eth.o(.text)
    ETH_DMAReceptionCmd                      0x0800b125   Thumb Code    22  stm32f4x7_eth.o(.text)
    ETH_DMATransmissionCmd                   0x0800b13b   Thumb Code    22  stm32f4x7_eth.o(.text)
    ETH_FlushTransmitFIFO                    0x0800b151   Thumb Code    28  stm32f4x7_eth.o(.text)
    ETH_MACReceptionCmd                      0x0800b16d   Thumb Code    42  stm32f4x7_eth.o(.text)
    ETH_MACTransmissionCmd                   0x0800b197   Thumb Code   150  stm32f4x7_eth.o(.text)
    ETH_Start                                0x0800b22d   Thumb Code    32  stm32f4x7_eth.o(.text)
    ETH_Stop                                 0x0800b24d   Thumb Code    32  stm32f4x7_eth.o(.text)
    ETH_GetFlowControlBusyStatus             0x0800b26d   Thumb Code    14  stm32f4x7_eth.o(.text)
    ETH_InitiatePauseControlFrame            0x0800b27b   Thumb Code    28  stm32f4x7_eth.o(.text)
    ETH_BackPressureActivationCmd            0x0800b297   Thumb Code    42  stm32f4x7_eth.o(.text)
    ETH_GetMACFlagStatus                     0x0800b2c1   Thumb Code    16  stm32f4x7_eth.o(.text)
    ETH_GetMACITStatus                       0x0800b2d1   Thumb Code    16  stm32f4x7_eth.o(.text)
    ETH_MACITConfig                          0x0800b2e1   Thumb Code    18  stm32f4x7_eth.o(.text)
    ETH_MACAddressConfig                     0x0800b2f3   Thumb Code    22  stm32f4x7_eth.o(.text)
    ETH_GetMACAddress                        0x0800b309   Thumb Code    30  stm32f4x7_eth.o(.text)
    ETH_MACAddressPerfectFilterCmd           0x0800b327   Thumb Code    42  stm32f4x7_eth.o(.text)
    ETH_MACAddressFilterConfig               0x0800b351   Thumb Code    44  stm32f4x7_eth.o(.text)
    ETH_MACAddressMaskBytesFilterConfig      0x0800b37d   Thumb Code    52  stm32f4x7_eth.o(.text)
    ETH_Get_Received_Frame                   0x0800b3b1   Thumb Code    32  stm32f4x7_eth.o(.text)
    ETH_Get_Received_Frame_interrupt         0x0800b3d1   Thumb Code   136  stm32f4x7_eth.o(.text)
    ETH_Prepare_Transmit_Descriptors         0x0800b459   Thumb Code   164  stm32f4x7_eth.o(.text)
    ETH_DMARxDescChainInit                   0x0800b4fd   Thumb Code    74  stm32f4x7_eth.o(.text)
    ETH_CheckFrameReceived                   0x0800b547   Thumb Code   108  stm32f4x7_eth.o(.text)
    ETH_DMATxDescChainInit                   0x0800b5b3   Thumb Code    64  stm32f4x7_eth.o(.text)
    ETH_GetDMATxDescFlagStatus               0x0800b5f3   Thumb Code    14  stm32f4x7_eth.o(.text)
    ETH_GetDMATxDescCollisionCount           0x0800b601   Thumb Code     8  stm32f4x7_eth.o(.text)
    ETH_SetDMATxDescOwnBit                   0x0800b609   Thumb Code    10  stm32f4x7_eth.o(.text)
    ETH_DMATxDescTransmitITConfig            0x0800b613   Thumb Code    20  stm32f4x7_eth.o(.text)
    ETH_DMATxDescFrameSegmentConfig          0x0800b627   Thumb Code     8  stm32f4x7_eth.o(.text)
    ETH_DMATxDescChecksumInsertionConfig     0x0800b62f   Thumb Code     8  stm32f4x7_eth.o(.text)
    ETH_DMATxDescCRCCmd                      0x0800b637   Thumb Code    38  stm32f4x7_eth.o(.text)
    ETH_DMATxDescSecondAddressChainedCmd     0x0800b65d   Thumb Code    20  stm32f4x7_eth.o(.text)
    ETH_DMATxDescShortFramePaddingCmd        0x0800b671   Thumb Code    20  stm32f4x7_eth.o(.text)
    ETH_DMATxDescBufferSizeConfig            0x0800b685   Thumb Code    12  stm32f4x7_eth.o(.text)
    ETH_GetDMARxDescFlagStatus               0x0800b691   Thumb Code    14  stm32f4x7_eth.o(.text)
    ETH_GetDMAPTPRxDescExtendedFlagStatus    0x0800b69f   Thumb Code    14  stm32f4x7_eth.o(.text)
    ETH_SetDMARxDescOwnBit                   0x0800b6ad   Thumb Code    10  stm32f4x7_eth.o(.text)
    ETH_GetDMARxDescFrameLength              0x0800b6b7   Thumb Code     8  stm32f4x7_eth.o(.text)
    ETH_DMARxDescReceiveITConfig             0x0800b6bf   Thumb Code    18  stm32f4x7_eth.o(.text)
    ETH_GetDMARxDescBufferSize               0x0800b6d1   Thumb Code    16  stm32f4x7_eth.o(.text)
    ETH_GetRxPktSize                         0x0800b6e1   Thumb Code    30  stm32f4x7_eth.o(.text)
    ETH_EnhancedDescriptorCmd                0x0800b6ff   Thumb Code    42  stm32f4x7_eth.o(.text)
    ETH_SoftwareReset                        0x0800b729   Thumb Code    12  stm32f4x7_eth.o(.text)
    ETH_GetSoftwareResetStatus               0x0800b735   Thumb Code    14  stm32f4x7_eth.o(.text)
    ETH_GetDMAFlagStatus                     0x0800b743   Thumb Code    16  stm32f4x7_eth.o(.text)
    ETH_DMAClearFlag                         0x0800b753   Thumb Code     6  stm32f4x7_eth.o(.text)
    ETH_DMAITConfig                          0x0800b759   Thumb Code    18  stm32f4x7_eth.o(.text)
    ETH_GetDMAITStatus                       0x0800b76b   Thumb Code    16  stm32f4x7_eth.o(.text)
    ETH_DMAClearITPendingBit                 0x0800b77b   Thumb Code     6  stm32f4x7_eth.o(.text)
    ETH_GetTransmitProcessState              0x0800b781   Thumb Code    10  stm32f4x7_eth.o(.text)
    ETH_GetReceiveProcessState               0x0800b78b   Thumb Code    10  stm32f4x7_eth.o(.text)
    ETH_GetFlushTransmitFIFOStatus           0x0800b795   Thumb Code    14  stm32f4x7_eth.o(.text)
    ETH_GetDMAOverflowStatus                 0x0800b7a3   Thumb Code    16  stm32f4x7_eth.o(.text)
    ETH_GetRxOverflowMissedFrameCounter      0x0800b7b3   Thumb Code    10  stm32f4x7_eth.o(.text)
    ETH_GetBufferUnavailableMissedFrameCounter 0x0800b7bd   Thumb Code     8  stm32f4x7_eth.o(.text)
    ETH_GetCurrentTxDescStartAddress         0x0800b7c5   Thumb Code     6  stm32f4x7_eth.o(.text)
    ETH_GetCurrentRxDescStartAddress         0x0800b7cb   Thumb Code     6  stm32f4x7_eth.o(.text)
    ETH_GetCurrentTxBufferAddress            0x0800b7d1   Thumb Code     6  stm32f4x7_eth.o(.text)
    ETH_GetCurrentRxBufferAddress            0x0800b7d7   Thumb Code     6  stm32f4x7_eth.o(.text)
    ETH_ResumeDMATransmission                0x0800b7dd   Thumb Code     8  stm32f4x7_eth.o(.text)
    ETH_ResumeDMAReception                   0x0800b7e5   Thumb Code     8  stm32f4x7_eth.o(.text)
    ETH_SetReceiveWatchdogTimer              0x0800b7ed   Thumb Code     6  stm32f4x7_eth.o(.text)
    ETH_PHYLoopBackCmd                       0x0800b7f3   Thumb Code    40  stm32f4x7_eth.o(.text)
    ETH_ResetWakeUpFrameFilterRegisterPointer 0x0800b81b   Thumb Code    28  stm32f4x7_eth.o(.text)
    ETH_SetWakeUpFrameFilterRegister         0x0800b837   Thumb Code    42  stm32f4x7_eth.o(.text)
    ETH_GlobalUnicastWakeUpCmd               0x0800b861   Thumb Code    42  stm32f4x7_eth.o(.text)
    ETH_GetPMTFlagStatus                     0x0800b88b   Thumb Code    16  stm32f4x7_eth.o(.text)
    ETH_WakeUpFrameDetectionCmd              0x0800b89b   Thumb Code    42  stm32f4x7_eth.o(.text)
    ETH_MagicPacketDetectionCmd              0x0800b8c5   Thumb Code    42  stm32f4x7_eth.o(.text)
    ETH_PowerDownCmd                         0x0800b8ef   Thumb Code    42  stm32f4x7_eth.o(.text)
    ETH_MMCCounterFullPreset                 0x0800b919   Thumb Code    16  stm32f4x7_eth.o(.text)
    ETH_MMCCounterHalfPreset                 0x0800b929   Thumb Code    28  stm32f4x7_eth.o(.text)
    ETH_MMCCounterFreezeCmd                  0x0800b945   Thumb Code    26  stm32f4x7_eth.o(.text)
    ETH_MMCResetOnReadCmd                    0x0800b95f   Thumb Code    26  stm32f4x7_eth.o(.text)
    ETH_MMCCounterRolloverCmd                0x0800b979   Thumb Code    26  stm32f4x7_eth.o(.text)
    ETH_MMCCountersReset                     0x0800b993   Thumb Code    16  stm32f4x7_eth.o(.text)
    ETH_MMCITConfig                          0x0800b9a3   Thumb Code    50  stm32f4x7_eth.o(.text)
    ETH_GetMMCITStatus                       0x0800b9d5   Thumb Code    36  stm32f4x7_eth.o(.text)
    ETH_GetMMCRegister                       0x0800b9f9   Thumb Code     6  stm32f4x7_eth.o(.text)
    pxPortInitialiseStack                    0x0800ba09   Thumb Code    34  port.o(.text)
    vPortSetupTimerInterrupt                 0x0800ba2b   Thumb Code    26  port.o(.text)
    xPortStartScheduler                      0x0800ba45   Thumb Code    52  port.o(.text)
    vPortEndScheduler                        0x0800ba79   Thumb Code     2  port.o(.text)
    vPortYieldFromISR                        0x0800ba7b   Thumb Code    12  port.o(.text)
    vPortEnterCritical                       0x0800ba87   Thumb Code    16  port.o(.text)
    vPortExitCritical                        0x0800ba97   Thumb Code    16  port.o(.text)
    xPortSysTickHandler                      0x0800baa7   Thumb Code    30  port.o(.text)
    xTaskGenericCreate                       0x0800bad5   Thumb Code   356  tasks.o(.text)
    vTaskDelete                              0x0800bc39   Thumb Code    90  tasks.o(.text)
    vTaskIncrementTick                       0x0800bc93   Thumb Code   162  tasks.o(.text)
    xTaskResumeAll                           0x0800bd35   Thumb Code   172  tasks.o(.text)
    vTaskSuspendAll                          0x0800be11   Thumb Code    10  tasks.o(.text)
    vTaskDelay                               0x0800be1b   Thumb Code    48  tasks.o(.text)
    uxTaskPriorityGet                        0x0800be4b   Thumb Code    24  tasks.o(.text)
    vTaskPrioritySet                         0x0800be63   Thumb Code   148  tasks.o(.text)
    vTaskStartScheduler                      0x0800bf09   Thumb Code    60  tasks.o(.text)
    vTaskEndScheduler                        0x0800bf45   Thumb Code    20  tasks.o(.text)
    xTaskGetTickCount                        0x0800bf59   Thumb Code    44  tasks.o(.text)
    xTaskGetTickCountFromISR                 0x0800bf85   Thumb Code    18  tasks.o(.text)
    uxTaskGetNumberOfTasks                   0x0800bf97   Thumb Code     6  tasks.o(.text)
    vTaskList                                0x0800c00b   Thumb Code   114  tasks.o(.text)
    vTaskSwitchContext                       0x0800c07d   Thumb Code   128  tasks.o(.text)
    vTaskPlaceOnEventList                    0x0800c0fd   Thumb Code    40  tasks.o(.text)
    xTaskRemoveFromEventList                 0x0800c125   Thumb Code    90  tasks.o(.text)
    vTaskSetTimeOutState                     0x0800c17f   Thumb Code    22  tasks.o(.text)
    xTaskCheckForTimeOut                     0x0800c195   Thumb Code    84  tasks.o(.text)
    vTaskMissedYield                         0x0800c1e9   Thumb Code     8  tasks.o(.text)
    uxTaskGetTaskNumber                      0x0800c1f1   Thumb Code     8  tasks.o(.text)
    vTaskSetTaskNumber                       0x0800c1f9   Thumb Code     8  tasks.o(.text)
    xTaskGetCurrentTaskHandle                0x0800c201   Thumb Code     6  tasks.o(.text)
    vTaskPriorityInherit                     0x0800c207   Thumb Code    94  tasks.o(.text)
    vTaskPriorityDisinherit                  0x0800c265   Thumb Code    66  tasks.o(.text)
    vListInitialise                          0x0800c31d   Thumb Code    22  list.o(.text)
    vListInitialiseItem                      0x0800c333   Thumb Code     6  list.o(.text)
    vListInsertEnd                           0x0800c339   Thumb Code    28  list.o(.text)
    vListInsert                              0x0800c355   Thumb Code    48  list.o(.text)
    uxListRemove                             0x0800c385   Thumb Code    38  list.o(.text)
    xQueueGenericReset                       0x0800c3ad   Thumb Code    98  queue.o(.text)
    xQueueGenericCreate                      0x0800c40f   Thumb Code    70  queue.o(.text)
    xQueueGenericSend                        0x0800c513   Thumb Code   232  queue.o(.text)
    xQueueCreateMutex                        0x0800c5fb   Thumb Code    80  queue.o(.text)
    xQueueGiveMutexRecursive                 0x0800c64b   Thumb Code    52  queue.o(.text)
    xQueueGenericReceive                     0x0800c6a7   Thumb Code   286  queue.o(.text)
    xQueueTakeMutexRecursive                 0x0800c7c5   Thumb Code    58  queue.o(.text)
    xQueueCreateCountingSemaphore            0x0800c7ff   Thumb Code    24  queue.o(.text)
    xQueueGenericSendFromISR                 0x0800c817   Thumb Code   114  queue.o(.text)
    xQueueReceiveFromISR                     0x0800c889   Thumb Code   112  queue.o(.text)
    uxQueueMessagesWaiting                   0x0800c8f9   Thumb Code    26  queue.o(.text)
    uxQueueMessagesWaitingFromISR            0x0800c913   Thumb Code    14  queue.o(.text)
    vQueueDelete                             0x0800c921   Thumb Code    58  queue.o(.text)
    ucQueueGetQueueNumber                    0x0800c95b   Thumb Code     6  queue.o(.text)
    vQueueSetQueueNumber                     0x0800c961   Thumb Code     6  queue.o(.text)
    ucQueueGetQueueType                      0x0800c967   Thumb Code     6  queue.o(.text)
    xQueueIsQueueEmptyFromISR                0x0800c96d   Thumb Code    22  queue.o(.text)
    xQueueIsQueueFullFromISR                 0x0800c983   Thumb Code    26  queue.o(.text)
    vQueueAddToRegistry                      0x0800c99d   Thumb Code    34  queue.o(.text)
    pvPortMalloc                             0x0800ca0d   Thumb Code   126  heap_4.o(.text)
    vPortFree                                0x0800ca8b   Thumb Code    42  heap_4.o(.text)
    xPortGetFreeHeapSize                     0x0800cab5   Thumb Code     8  heap_4.o(.text)
    vPortInitialiseBlocks                    0x0800cabd   Thumb Code     2  heap_4.o(.text)
    SD_DeInit                                0x0800cc03   Thumb Code     4  sdio_sd.o(.text)
    SD_EnableWideBusOperation                0x0800cec7   Thumb Code   128  sdio_sd.o(.text)
    SD_SelectDeselect                        0x0800cf47   Thumb Code    40  sdio_sd.o(.text)
    SD_GetCardInfo                           0x0800cf6f   Thumb Code   608  sdio_sd.o(.text)
    SD_InitializeCards                       0x0800d1fd   Thumb Code   250  sdio_sd.o(.text)
    SD_Init                                  0x0800d4d3   Thumb Code   174  sdio_sd.o(.text)
    SD_SendStatus                            0x0800d581   Thumb Code    64  sdio_sd.o(.text)
    SD_Detect                                0x0800d5c1   Thumb Code    30  sdio_sd.o(.text)
    SD_GetState                              0x0800d5df   Thumb Code    34  sdio_sd.o(.text)
    SD_GetStatus                             0x0800d601   Thumb Code    26  sdio_sd.o(.text)
    SD_PowerOFF                              0x0800d61b   Thumb Code    14  sdio_sd.o(.text)
    SD_SendSDStatus                          0x0800d629   Thumb Code   348  sdio_sd.o(.text)
    SD_GetCardStatus                         0x0800d785   Thumb Code   124  sdio_sd.o(.text)
    SD_ReadBlock                             0x0800d801   Thumb Code   162  sdio_sd.o(.text)
    SD_ReadMultiBlocks                       0x0800d8a3   Thumb Code   178  sdio_sd.o(.text)
    SD_ReadMultiBlocksFIXED                  0x0800d955   Thumb Code   204  sdio_sd.o(.text)
    SD_StopTransfer                          0x0800da21   Thumb Code    38  sdio_sd.o(.text)
    SD_WaitReadOperation                     0x0800da47   Thumb Code    96  sdio_sd.o(.text)
    SD_WriteBlock                            0x0800daa7   Thumb Code   160  sdio_sd.o(.text)
    SD_WriteMultiBlocks                      0x0800db47   Thumb Code   260  sdio_sd.o(.text)
    SD_WriteMultiBlocksFIXED                 0x0800dc4b   Thumb Code   278  sdio_sd.o(.text)
    SD_WaitWriteOperation                    0x0800dd61   Thumb Code    94  sdio_sd.o(.text)
    SD_GetTransferState                      0x0800ddbf   Thumb Code    16  sdio_sd.o(.text)
    SD_Erase                                 0x0800df0b   Thumb Code   248  sdio_sd.o(.text)
    SD_ProcessIRQSrc                         0x0800e003   Thumb Code   162  sdio_sd.o(.text)
    SD_ProcessDMAIRQ                         0x0800e0a5   Thumb Code    28  sdio_sd.o(.text)
    convert_from_bytes_to_power_of_two       0x0800e0c1   Thumb Code    18  sdio_sd.o(.text)
    clust2sect                               0x0800e3cb   Thumb Code    24  ff.o(.text)
    get_fat                                  0x0800e3e3   Thumb Code   182  ff.o(.text)
    put_fat                                  0x0800e499   Thumb Code   250  ff.o(.text)
    f_mount                                  0x0800ed8b   Thumb Code    26  ff.o(.text)
    f_open                                   0x0800eda5   Thumb Code   308  ff.o(.text)
    f_read                                   0x0800eed9   Thumb Code   332  ff.o(.text)
    f_write                                  0x0800f025   Thumb Code   398  ff.o(.text)
    f_sync                                   0x0800f1b3   Thumb Code   152  ff.o(.text)
    f_close                                  0x0800f24b   Thumb Code    18  ff.o(.text)
    f_lseek                                  0x0800f25d   Thumb Code   302  ff.o(.text)
    f_opendir                                0x0800f38b   Thumb Code    92  ff.o(.text)
    f_readdir                                0x0800f3e7   Thumb Code    78  ff.o(.text)
    f_stat                                   0x0800f435   Thumb Code    58  ff.o(.text)
    f_getfree                                0x0800f46f   Thumb Code   194  ff.o(.text)
    f_truncate                               0x0800f531   Thumb Code   140  ff.o(.text)
    f_unlink                                 0x0800f5bd   Thumb Code   162  ff.o(.text)
    f_mkdir                                  0x0800f65f   Thumb Code   344  ff.o(.text)
    f_chmod                                  0x0800f7b7   Thumb Code    74  ff.o(.text)
    f_utime                                  0x0800f801   Thumb Code    80  ff.o(.text)
    f_rename                                 0x0800f851   Thumb Code   250  ff.o(.text)
    f_getlabel                               0x0800f94b   Thumb Code   148  ff.o(.text)
    f_setlabel                               0x0800f9df   Thumb Code   310  ff.o(.text)
    f_gets                                   0x0800fb15   Thumb Code    68  ff.o(.text)
    f_putc                                   0x0800fb59   Thumb Code    32  ff.o(.text)
    f_puts                                   0x0800fb79   Thumb Code    40  ff.o(.text)
    f_printf                                 0x0800fba1   Thumb Code   504  ff.o(.text)
    get_fattime                              0x0800fe01   Thumb Code    76  fattime.o(.text)
    disk_initialize                          0x0800fe4d   Thumb Code    22  diskio.o(.text)
    disk_status                              0x0800fe63   Thumb Code    18  diskio.o(.text)
    disk_read                                0x0800fe75   Thumb Code   130  diskio.o(.text)
    disk_write                               0x0800fef7   Thumb Code   128  diskio.o(.text)
    disk_ioctl                               0x0800ff77   Thumb Code     4  diskio.o(.text)
    Main_task                                0x0800ff7d   Thumb Code   314  main.o(.text)
    main                                     0x080100b7   Thumb Code    62  main.o(.text)
    tasktest                                 0x080100f5   Thumb Code    16  main.o(.text)
    vApplicationStackOverflowHook            0x08010105   Thumb Code    24  main.o(.text)
    Delay                                    0x0801011d   Thumb Code     4  main.o(.text)
    NMI_Handler                              0x08010345   Thumb Code     2  stm32f4xx_it.o(.text)
    HardFault_Handler                        0x08010347   Thumb Code     2  stm32f4xx_it.o(.text)
    MemManage_Handler                        0x08010349   Thumb Code     2  stm32f4xx_it.o(.text)
    BusFault_Handler                         0x0801034b   Thumb Code     2  stm32f4xx_it.o(.text)
    UsageFault_Handler                       0x0801034d   Thumb Code     2  stm32f4xx_it.o(.text)
    DebugMon_Handler                         0x0801034f   Thumb Code     2  stm32f4xx_it.o(.text)
    SysTick_Handler                          0x08010351   Thumb Code     4  stm32f4xx_it.o(.text)
    EXTI15_10_IRQHandler                     0x08010355   Thumb Code    50  stm32f4xx_it.o(.text)
    ETH_IRQHandler                           0x08010387   Thumb Code    56  stm32f4xx_it.o(.text)
    SDIO_IRQHandler                          0x080103bf   Thumb Code     4  stm32f4xx_it.o(.text)
    DMA2_Stream3_IRQHandler                  0x080103c3   Thumb Code     4  stm32f4xx_it.o(.text)
    DMA2_Stream7_IRQHandler                  0x080103c7   Thumb Code   186  stm32f4xx_it.o(.text)
    USART1_IRQHandler                        0x08010481   Thumb Code    86  stm32f4xx_it.o(.text)
    DMA1_Stream6_IRQHandler                  0x080104d7   Thumb Code    60  stm32f4xx_it.o(.text)
    USART2_IRQHandler                        0x08010513   Thumb Code    90  stm32f4xx_it.o(.text)
    USART6_IRQHandler                        0x0801056d   Thumb Code    84  stm32f4xx_it.o(.text)
    DMA1_Stream1_IRQHandler                  0x080105c1   Thumb Code    74  stm32f4xx_it.o(.text)
    UART7_IRQHandler                         0x0801060b   Thumb Code    84  stm32f4xx_it.o(.text)
    TIM6_DAC_IRQHandler                      0x0801065f   Thumb Code    68  stm32f4xx_it.o(.text)
    Eth_Link_IT_task                         0x080106ed   Thumb Code    58  stm32f4x7_eth_bsp.o(.text)
    Eth_Link_EXTIConfig                      0x08010727   Thumb Code   104  stm32f4x7_eth_bsp.o(.text)
    Eth_Link_PHYITConfig                     0x0801078f   Thumb Code    54  stm32f4x7_eth_bsp.o(.text)
    ETH_BSP_Config                           0x08010963   Thumb Code   128  stm32f4x7_eth_bsp.o(.text)
    ETH_link_callback                        0x080109e3   Thumb Code   172  stm32f4x7_eth_bsp.o(.text)
    set_ipv4_config                          0x08010ac9   Thumb Code    20  netconf.o(.text)
    LwIP_Init                                0x08010add   Thumb Code   110  netconf.o(.text)
    read_config                              0x08010b69   Thumb Code  2052  sys_config.o(.text)
    rc_config_start                          0x0801136d   Thumb Code   276  sys_config.o(.text)
    Alg_write_data_from_buf                  0x08011575   Thumb Code   494  algbloc.o(.text)
    Alg_write_data_to_buf_read               0x08011763   Thumb Code   144  algbloc.o(.text)
    vAlg_block_Task                          0x080117f3   Thumb Code   898  algbloc.o(.text)
    write_modbas_inf                         0x08011b75   Thumb Code    82  algbloc.o(.text)
    write_mc_value                           0x08011bc7   Thumb Code   440  algbloc.o(.text)
    get_mc_DO_byte                           0x08011d7f   Thumb Code   114  algbloc.o(.text)
    get_mc_AO_byte                           0x08011df1   Thumb Code    44  algbloc.o(.text)
    get_mc_DO_byte_from_buf                  0x08011e1d   Thumb Code    72  algbloc.o(.text)
    get_mc_AO_byte_from_buf                  0x08011e65   Thumb Code    42  algbloc.o(.text)
    write_mc_value_to_buf                    0x08011e8f   Thumb Code   704  algbloc.o(.text)
    write_mc_value_lost_to_buf               0x0801214f   Thumb Code   292  algbloc.o(.text)
    Server_Data_in                           0x08012273   Thumb Code    32  algbloc.o(.text)
    AlgCicleTimeInc                          0x08012293   Thumb Code    10  algbloc.o(.text)
    AlgLostModbusPacket                      0x0801229d   Thumb Code     8  algbloc.o(.text)
    AlgLostModbusPacketU4                    0x080122a5   Thumb Code     6  algbloc.o(.text)
    WriteCnfAdcFloat                         0x080122ab   Thumb Code    16  algbloc.o(.text)
    Write_data_in_mask_IP                    0x080122c9   Thumb Code    56  udp_server.o(.text)
    Write_data_in_mask_RP                    0x08012301   Thumb Code    76  udp_server.o(.text)
    Write_data_in_mask_AO                    0x0801234d   Thumb Code    50  udp_server.o(.text)
    Write_data_in_mask_DO                    0x0801237f   Thumb Code    48  udp_server.o(.text)
    vUDP_serv_recv                           0x080123af   Thumb Code   316  udp_server.o(.text)
    UDP_send                                 0x080124eb   Thumb Code   144  udp_server.o(.text)
    SetDestPort                              0x0801257b   Thumb Code     6  udp_server.o(.text)
    FTP_QUIT_OR_WRONG_REQUEST                0x0801258d   Thumb Code    50  ftp_server.o(.text)
    FTP_Read_File                            0x080125bf   Thumb Code   182  ftp_server.o(.text)
    FTP_OpenDataPort                         0x08012675   Thumb Code    44  ftp_server.o(.text)
    FTP_Write_File                           0x080126a1   Thumb Code   204  ftp_server.o(.text)
    FTP_Read_List_Of_Files                   0x0801276d   Thumb Code   458  ftp_server.o(.text)
    FTP_CWD                                  0x08012937   Thumb Code   496  ftp_server.o(.text)
    FTP_PWD                                  0x08012b27   Thumb Code    68  ftp_server.o(.text)
    vBasicFTPServer                          0x080130ff   Thumb Code   152  ftp_server.o(.text)
    rs485_DMASend_n1                         0x080131e5   Thumb Code   140  usart1.o(.text)
    v_rs485_task_n1                          0x08013271   Thumb Code   694  usart1.o(.text)
    modbus_IRQ_n1                            0x08013527   Thumb Code    78  usart1.o(.text)
    timer_IRQ_n1                             0x08013575   Thumb Code    52  usart1.o(.text)
    USART_time_reset_n1                      0x080135a9   Thumb Code    12  usart1.o(.text)
    rs485_DMASend_n12                        0x080135b5   Thumb Code   102  usart1.o(.text)
    InitUsart_rs485_n1                       0x0801361b   Thumb Code   206  usart1.o(.text)
    set_rs485_config_v1                      0x080136e9   Thumb Code    34  usart1.o(.text)
    rs485_DMASend_n2                         0x08013731   Thumb Code   128  usart2.o(.text)
    v_rs485_task_n2                          0x080137b1   Thumb Code   696  usart2.o(.text)
    modbus_IRQ_n2                            0x08013a69   Thumb Code    78  usart2.o(.text)
    timer_IRQ_n2                             0x08013ab7   Thumb Code    52  usart2.o(.text)
    USART_time_reset_n2                      0x08013aeb   Thumb Code    12  usart2.o(.text)
    InitUsart_rs485_n2                       0x08013af7   Thumb Code   268  usart2.o(.text)
    set_rs485_config_v2                      0x08013c03   Thumb Code    34  usart2.o(.text)
    rs485_DMASend_n3                         0x08013c49   Thumb Code   140  usart3.o(.text)
    v_rs485_task_n3                          0x08013cd5   Thumb Code   702  usart3.o(.text)
    modbus_IRQ_n3                            0x08013f93   Thumb Code    78  usart3.o(.text)
    timer_IRQ_n3                             0x08013fe1   Thumb Code    52  usart3.o(.text)
    USART_time_reset_n3                      0x08014015   Thumb Code    12  usart3.o(.text)
    rs485_DMASend_n33                        0x08014021   Thumb Code    72  usart3.o(.text)
    InitUsart_rs485_n3                       0x08014069   Thumb Code   218  usart3.o(.text)
    InitTIM6                                 0x08014143   Thumb Code   108  usart3.o(.text)
    set_rs485_config_v3                      0x080141af   Thumb Code    34  usart3.o(.text)
    rs485_Send_n4                            0x08014201   Thumb Code   152  usart4.o(.text)
    v_rs485_task_n4                          0x08014299   Thumb Code   504  usart4.o(.text)
    timer_IRQ_n4                             0x08014491   Thumb Code    52  usart4.o(.text)
    modbus_IRQ_n4                            0x080144c5   Thumb Code    78  usart4.o(.text)
    rs485_Send_n42                           0x08014513   Thumb Code    64  usart4.o(.text)
    InitUsart_rs485_n4                       0x08014553   Thumb Code   236  usart4.o(.text)
    uart_print                               0x0801463f   Thumb Code    16  usart4.o(.text)
    set_rs485_config_v4                      0x0801464f   Thumb Code    34  usart4.o(.text)
    Chk_CRC                                  0x0801468d   Thumb Code   130  modbus.o(.text)
    Chk_mb_packet                            0x0801470f   Thumb Code   126  modbus.o(.text)
    Create_mb_packet                         0x0801478d   Thumb Code   124  modbus.o(.text)
    netconn_rcv_req                          0x08014809   Thumb Code    70  utilities.o(.text)
    uitoa                                    0x0801484f   Thumb Code    62  utilities.o(.text)
    read_cmd                                 0x0801488d   Thumb Code   184  utilities.o(.text)
    read_ip4_addr                            0x08014945   Thumb Code   158  utilities.o(.text)
    read_mac_addr                            0x080149e3   Thumb Code   198  utilities.o(.text)
    __aeabi_memcpy                           0x08014aa9   Thumb Code    36  memcpya.o(.text)
    __aeabi_memcpy4                          0x08014aa9   Thumb Code     0  memcpya.o(.text)
    __aeabi_memcpy8                          0x08014aa9   Thumb Code     0  memcpya.o(.text)
    __aeabi_memset                           0x08014acd   Thumb Code    14  memseta.o(.text)
    __aeabi_memset4                          0x08014acd   Thumb Code     0  memseta.o(.text)
    __aeabi_memset8                          0x08014acd   Thumb Code     0  memseta.o(.text)
    __aeabi_memclr                           0x08014adb   Thumb Code     4  memseta.o(.text)
    __aeabi_memclr4                          0x08014adb   Thumb Code     0  memseta.o(.text)
    __aeabi_memclr8                          0x08014adb   Thumb Code     0  memseta.o(.text)
    _memset$wrapper                          0x08014adf   Thumb Code    18  memseta.o(.text)
    strcat                                   0x08014af1   Thumb Code    24  strcat.o(.text)
    strstr                                   0x08014b09   Thumb Code    36  strstr.o(.text)
    strncpy                                  0x08014b2d   Thumb Code    24  strncpy.o(.text)
    strchr                                   0x08014b45   Thumb Code    20  strchr.o(.text)
    strlen                                   0x08014b59   Thumb Code    14  strlen.o(.text)
    memcmp                                   0x08014b67   Thumb Code    26  memcmp.o(.text)
    strncat                                  0x08014b81   Thumb Code    40  strncat.o(.text)
    strcpy                                   0x08014ba9   Thumb Code    18  strcpy.o(.text)
    strncmp                                  0x08014bbb   Thumb Code    30  strncmp.o(.text)
    strtol                                   0x08014bd9   Thumb Code   112  strtol.o(.text)
    strtoul                                  0x08014c49   Thumb Code   114  strtoul.o(.text)
    atoi                                     0x08014cbb   Thumb Code    26  atoi.o(.text)
    __aeabi_d2f                              0x08014cd5   Thumb Code    56  d2f.o(.text)
    __aeabi_uidiv                            0x08014d0d   Thumb Code     0  uidiv.o(.text)
    __aeabi_uidivmod                         0x08014d0d   Thumb Code    44  uidiv.o(.text)
    __rt_ctype_table                         0x08014d39   Thumb Code     4  ctype_o.o(.text)
    isspace                                  0x08014d41   Thumb Code    18  isspace_o.o(.text)
    _strtoul                                 0x08014d53   Thumb Code   158  _strtoul.o(.text)
    __strtod_int                             0x08014e27   Thumb Code    88  strtod.o(.text)
    __I$use$fp                               0x08014e8d   Thumb Code     0  iusefp.o(.text)
    _float_round                             0x08014e8d   Thumb Code    18  fepilogue.o(.text)
    _float_epilogue                          0x08014e9f   Thumb Code    92  fepilogue.o(.text)
    __aeabi_dmul                             0x08014efb   Thumb Code   228  dmul.o(.text)
    __aeabi_ddiv                             0x08014fdf   Thumb Code   222  ddiv.o(.text)
    __scatterload                            0x080150bd   Thumb Code    28  init.o(.text)
    __scatterload_rt2                        0x080150bd   Thumb Code     0  init.o(.text)
    __aeabi_llsl                             0x080150e1   Thumb Code    30  llshl.o(.text)
    _ll_shift_l                              0x080150e1   Thumb Code     0  llshl.o(.text)
    __aeabi_llsr                             0x080150ff   Thumb Code    32  llushr.o(.text)
    _ll_ushift_r                             0x080150ff   Thumb Code     0  llushr.o(.text)
    _chval                                   0x0801511f   Thumb Code    28  _chval.o(.text)
    _scanf_real                              0x0801523d   Thumb Code     0  scanf_fp.o(.text)
    _scanf_really_real                       0x0801523d   Thumb Code   556  scanf_fp.o(.text)
    _sgetc                                   0x08015475   Thumb Code    30  _sgetc.o(.text)
    _sbackspace                              0x08015493   Thumb Code    34  _sgetc.o(.text)
    _double_round                            0x080154b5   Thumb Code    26  depilogue.o(.text)
    _double_epilogue                         0x080154cf   Thumb Code   156  depilogue.o(.text)
    __aeabi_ul2d                             0x0801556b   Thumb Code    24  dfltul.o(.text)
    __decompress                             0x08015583   Thumb Code     0  __dczerorl2.o(.text)
    __decompress1                            0x08015583   Thumb Code    86  __dczerorl2.o(.text)
    __0sprintf$3                             0x080155d9   Thumb Code    34  printf3.o(i.__0sprintf$3)
    __1sprintf$3                             0x080155d9   Thumb Code     0  printf3.o(i.__0sprintf$3)
    __2sprintf                               0x080155d9   Thumb Code     0  printf3.o(i.__0sprintf$3)
    __aeabi_errno_addr                       0x08015601   Thumb Code     4  errno.o(i.__aeabi_errno_addr)
    __rt_errno_addr                          0x08015601   Thumb Code     0  errno.o(i.__aeabi_errno_addr)
    __hardfp_atof                            0x08015609   Thumb Code    44  atof.o(i.__hardfp_atof)
    __read_errno                             0x08015641   Thumb Code     6  errno.o(i.__read_errno)
    __scatterload_copy                       0x0801564d   Thumb Code    14  handlers.o(i.__scatterload_copy)
    __scatterload_null                       0x0801565b   Thumb Code     2  handlers.o(i.__scatterload_null)
    __scatterload_zeroinit                   0x0801565d   Thumb Code    14  handlers.o(i.__scatterload_zeroinit)
    __set_errno                              0x0801566d   Thumb Code     6  errno.o(i.__set_errno)
    _is_digit                                0x08015679   Thumb Code    14  scanf_fp.o(i._is_digit)
    tcp_persist_backoff                      0x080158ec   Data           7  tcp.o(.constdata)
    tcp_state_str                            0x080158f4   Data          44  tcp.o(.constdata)
    tcp_backoff                              0x08015920   Data          13  tcp.o(.constdata)
    tcp_pcb_lists                            0x08015930   Data          16  tcp.o(.constdata)
    ip_addr_any                              0x08015940   Data           4  ip_addr.o(.constdata)
    ip_addr_broadcast                        0x08015944   Data           4  ip_addr.o(.constdata)
    ethbroadcast                             0x08015948   Data           6  etharp.o(.constdata)
    ethzero                                  0x0801594e   Data           6  etharp.o(.constdata)
    __ctype_table                            0x080159e8   Data         129  ctype_o.o(.constdata)
    Region$$Table$$Base                      0x08015b68   Number         0  anon$$obj.o(Region$$Table)
    Region$$Table$$Limit                     0x08015b88   Number         0  anon$$obj.o(Region$$Table)
    SystemCoreClock                          0x20000000   Data           4  system_stm32f4xx.o(.data)
    AHBPrescTable                            0x20000004   Data          16  system_stm32f4xx.o(.data)
    netif_list                               0x20000040   Data           4  netif.o(.data)
    netif_default                            0x20000044   Data           4  netif.o(.data)
    tcp_active_pcbs_changed                  0x2000004c   Data           1  tcp.o(.data)
    tcp_ticks                                0x20000058   Data           4  tcp.o(.data)
    tcp_bound_pcbs                           0x2000005c   Data           4  tcp.o(.data)
    tcp_listen_pcbs                          0x20000060   Data           4  tcp.o(.data)
    tcp_active_pcbs                          0x20000064   Data           4  tcp.o(.data)
    tcp_tw_pcbs                              0x20000068   Data           4  tcp.o(.data)
    tcp_tmp_pcb                              0x2000006c   Data           4  tcp.o(.data)
    tcp_input_pcb                            0x20000088   Data           4  tcp_in.o(.data)
    udp_pcbs                                 0x20000098   Data           4  udp.o(.data)
    current_netif                            0x200000a0   Data           4  ip.o(.data)
    current_header                           0x200000a4   Data           4  ip.o(.data)
    current_iphdr_src                        0x200000a8   Data           4  ip.o(.data)
    current_iphdr_dest                       0x200000ac   Data           4  ip.o(.data)
    s_xSemaphore                             0x200000b8   Data           4  ethernetif.o(.data)
    DMATxDescToSet                           0x200000d8   Data           4  stm32f4x7_eth.o(.data)
    DMARxDescToGet                           0x200000dc   Data           4  stm32f4x7_eth.o(.data)
    DMA_RX_FRAME_infos                       0x200000e0   Data           4  stm32f4x7_eth.o(.data)
    pxCurrentTCB                             0x200000e8   Data           4  tasks.o(.data)
    TransferError                            0x20000134   Data           1  sdio_sd.o(.data)
    StopCondition                            0x20000140   Data           4  sdio_sd.o(.data)
    TransferEnd                              0x20000144   Data           4  sdio_sd.o(.data)
    DMAEndOfTransfer                         0x20000148   Data           4  sdio_sd.o(.data)
    xMutex_ALGBLOC_RW_DataVar                0x20000154   Data           4  main.o(.data)
    xMutex_ALGBLOC_RW_DataVar_Buf            0x20000158   Data           4  main.o(.data)
    xMutex_USART1_USART3_DmaSend             0x2000015c   Data           4  main.o(.data)
    EthStatus                                0x20000164   Data           4  stm32f4x7_eth_bsp.o(.data)
    ETH_link_xSemaphore                      0x20000168   Data           4  stm32f4x7_eth_bsp.o(.data)
    modbus_lost_flag                         0x20000170   Data           1  algbloc.o(.data)
    modbus_lost_flag_u4                      0x20000171   Data           1  algbloc.o(.data)
    xBinarySemaphoreUSART1StartALG           0x20000178   Data           4  algbloc.o(.data)
    xBinarySemaphoreUSART1sendAD_DD          0x2000017c   Data           4  algbloc.o(.data)
    xBinarySemaphoreUSART1sendDD             0x20000180   Data           4  algbloc.o(.data)
    xBinarySemaphoreUSART1AndDO              0x20000184   Data           4  algbloc.o(.data)
    xBinarySemaphoreUSART2StartALG           0x20000188   Data           4  algbloc.o(.data)
    xBinarySemaphoreUSART2sendAD_DD          0x2000018c   Data           4  algbloc.o(.data)
    xBinarySemaphoreUSART2sendDD             0x20000190   Data           4  algbloc.o(.data)
    xBinarySemaphoreUSART2AndDO              0x20000194   Data           4  algbloc.o(.data)
    xBinarySemaphoreUSART3StartALG           0x20000198   Data           4  algbloc.o(.data)
    xBinarySemaphoreUSART3sendAD_DD          0x2000019c   Data           4  algbloc.o(.data)
    xBinarySemaphoreUSART3sendDD             0x200001a0   Data           4  algbloc.o(.data)
    xBinarySemaphoreUSART3AndDO              0x200001a4   Data           4  algbloc.o(.data)
    xBinarySemaphoreUSART4StartALG           0x200001a8   Data           4  algbloc.o(.data)
    CicleTime                                0x200001ac   Data           4  algbloc.o(.data)
    dest_port_out                            0x200001b2   Data           2  udp_server.o(.data)
    conn                                     0x200001b4   Data           4  udp_server.o(.data)
    buf                                      0x200001b8   Data           4  udp_server.o(.data)
    upcb_send                                0x200001bc   Data           4  udp_server.o(.data)
    xBinarySemaphoreUDPServDestIP            0x200001c0   Data           4  udp_server.o(.data)
    dhcp_rx_options_val                      0x20000230   Data          40  dhcp.o(.bss)
    dhcp_rx_options_given                    0x20000258   Data          10  dhcp.o(.bss)
    ram_heap                                 0x20000262   Data       20500  mem.o(.bss)
    lwip_stats                               0x2000ad80   Data         372  stats.o(.bss)
    DMARxDscrTab                             0x2000afe0   Data         128  stm32f4x7_eth.o(.bss)
    DMATxDscrTab                             0x2000b060   Data         128  stm32f4x7_eth.o(.bss)
    Rx_Buff                                  0x2000b0e0   Data        6096  stm32f4x7_eth.o(.bss)
    Tx_Buff                                  0x2000c8b0   Data        6096  stm32f4x7_eth.o(.bss)
    RX_Frame_Descriptor                      0x2000e080   Data          12  stm32f4x7_eth.o(.bss)
    xQueueRegistry                           0x2000e1d4   Data          64  queue.o(.bss)
    SDCardInfo                               0x20018248   Data          88  sdio_sd.o(.bss)
    SDIO_InitStructure                       0x200182a0   Data          24  sdio_sd.o(.bss)
    SDIO_CmdInitStructure                    0x200182b8   Data          20  sdio_sd.o(.bss)
    SDIO_DataInitStructure                   0x200182cc   Data          24  sdio_sd.o(.bss)
    ETH_InitStructure                        0x200182e4   Data         188  stm32f4x7_eth_bsp.o(.bss)
    xnetif                                   0x200183a0   Data          56  netconf.o(.bss)
    sys_inf_global_value                     0x200183d8   Data          44  algbloc.o(.bss)
    mc_in_out_buf                            0x20018404   Data        3104  algbloc.o(.bss)
    mc_out_buf_read                          0x20019024   Data         272  algbloc.o(.bss)
    adc_func_int2float                       0x20019134   Data        1024  algbloc.o(.bss)
    ALG_global_value                         0x20019534   Data        7072  algbloc.o(.bss)
    RemoteClient                             0x2001b0d4   Data          20  udp_server.o(.bss)
    RS485_ucntrl_n1                          0x2001b0e8   Data         120  usart1.o(.bss)
    RS485_Modbus_n1                          0x2001b160   Data         140  usart1.o(.bss)
    RS485_ucntrl_n2                          0x2001b1ec   Data         120  usart2.o(.bss)
    RS485_Modbus_n2                          0x2001b264   Data         140  usart2.o(.bss)
    RS485_ucntrl_n3                          0x2001b2f0   Data         120  usart3.o(.bss)
    RS485_Modbus_n3                          0x2001b368   Data         140  usart3.o(.bss)
    RS485_ucntrl_n4                          0x2001b3f4   Data         120  usart4.o(.bss)
    RS485_Modbus_n4                          0x2001b46c   Data         140  usart4.o(.bss)
    __initial_sp                             0x2001bcf8   Data           0  startup_stm32f427x.o(STACK)



==============================================================================

Memory Map of the image

  Image Entry point : 0x0800019d

  Load Region LR_IROM1 (Base: 0x08000000, Size: 0x00015d58, Max: 0x00200000, ABSOLUTE, COMPRESSED[0x00015bbc])

    Execution Region ER_IROM1 (Base: 0x08000000, Size: 0x00015b88, Max: 0x00200000, ABSOLUTE)

    Base Addr    Size         Type   Attr      Idx    E Section Name        Object

    0x08000000   0x0000019c   Data   RO          145    RESET               startup_stm32f427x.o
    0x0800019c   0x00000000   Code   RO         1917  * .ARM.Collect$$$$00000000  mc_w.l(entry.o)
    0x0800019c   0x00000004   Code   RO         2213    .ARM.Collect$$$$00000001  mc_w.l(entry2.o)
    0x080001a0   0x00000004   Code   RO         2216    .ARM.Collect$$$$00000004  mc_w.l(entry5.o)
    0x080001a4   0x00000000   Code   RO         2218    .ARM.Collect$$$$00000008  mc_w.l(entry7b.o)
    0x080001a4   0x00000000   Code   RO         2220    .ARM.Collect$$$$0000000A  mc_w.l(entry8b.o)
    0x080001a4   0x00000008   Code   RO         2221    .ARM.Collect$$$$0000000B  mc_w.l(entry9a.o)
    0x080001ac   0x00000000   Code   RO         2223    .ARM.Collect$$$$0000000D  mc_w.l(entry10a.o)
    0x080001ac   0x00000000   Code   RO         2225    .ARM.Collect$$$$0000000F  mc_w.l(entry11a.o)
    0x080001ac   0x00000004   Code   RO         2214    .ARM.Collect$$$$00002712  mc_w.l(entry2.o)
    0x080001b0   0x000000a8   Code   RO         1231    .emb_text           port.o
    0x08000258   0x000004e0   Code   RO            3    .text               system_stm32f4xx.o
    0x08000738   0x00000024   Code   RO          146    .text               startup_stm32f427x.o
    0x0800075c   0x000004e0   Code   RO          150    .text               api_lib.o
    0x08000c3c   0x00000bd4   Code   RO          292    .text               api_msg.o
    0x08001810   0x0000012e   Code   RO          326    .text               netbuf.o
    0x0800193e   0x00000002   PAD
    0x08001940   0x00000f9c   Code   RO          360    .text               sockets.o
    0x080028dc   0x00000274   Code   RO          382    .text               tcpip.o
    0x08002b50   0x00000010   Code   RO          415    .text               def.o
    0x08002b60   0x00000da4   Code   RO          428    .text               dhcp.o
    0x08003904   0x0000002a   Code   RO          472    .text               init.o
    0x0800392e   0x00000002   PAD
    0x08003930   0x00000328   Code   RO          506    .text               mem.o
    0x08003c58   0x00000100   Code   RO          522    .text               memp.o
    0x08003d58   0x00000208   Code   RO          554    .text               netif.o
    0x08003f60   0x000004e6   Code   RO          577    .text               pbuf.o
    0x08004446   0x00000002   PAD
    0x08004448   0x00000170   Code   RO          593    .text               raw.o
    0x080045b8   0x0000003c   Code   RO          607    .text               stats.o
    0x080045f4   0x00000a40   Code   RO          642    .text               tcp.o
    0x08005034   0x00000c6c   Code   RO          670    .text               tcp_in.o
    0x08005ca0   0x00000a4c   Code   RO          696    .text               tcp_out.o
    0x080066ec   0x000001c0   Code   RO          708    .text               timers.o
    0x080068ac   0x000003e8   Code   RO          746    .text               udp.o
    0x08006c94   0x000001cc   Code   RO          781    .text               icmp.o
    0x08006e60   0x000001ce   Code   RO          805    .text               inet_chksum.o
    0x0800702e   0x00000002   PAD
    0x08007030   0x000002f8   Code   RO          817    .text               ip.o
    0x08007328   0x000001e0   Code   RO          835    .text               ip_addr.o
    0x08007508   0x0000070c   Code   RO          865    .text               etharp.o
    0x08007c14   0x00000320   Code   RO          888    .text               ethernetif.o
    0x08007f34   0x0000024c   Code   RO          925    .text               sys_arch.o
    0x08008180   0x000000b0   Code   RO          947    .text               misc.o
    0x08008230   0x00000320   Code   RO          971    .text               stm32f4xx_dma.o
    0x08008550   0x000000e8   Code   RO          991    .text               stm32f4xx_exti.o
    0x08008638   0x000006f0   Code   RO         1032    .text               stm32f4xx_fmc.o
    0x08008d28   0x00000218   Code   RO         1052    .text               stm32f4xx_gpio.o
    0x08008f40   0x00000470   Code   RO         1072    .text               stm32f4xx_rcc.o
    0x080093b0   0x000001b8   Code   RO         1094    .text               stm32f4xx_sdio.o
    0x08009568   0x00000078   Code   RO         1114    .text               stm32f4xx_syscfg.o
    0x080095e0   0x0000033c   Code   RO         1134    .text               stm32f4xx_usart.o
    0x0800991c   0x00000a48   Code   RO         1157    .text               stm32f4xx_rtc.o
    0x0800a364   0x000009dc   Code   RO         1178    .text               stm32f4xx_tim.o
    0x0800ad40   0x00000cc8   Code   RO         1199    .text               stm32f4x7_eth.o
    0x0800ba08   0x000000cc   Code   RO         1232    .text               port.o
    0x0800bad4   0x00000848   Code   RO         1253    .text               tasks.o
    0x0800c31c   0x0000008e   Code   RO         1302    .text               list.o
    0x0800c3aa   0x00000002   PAD
    0x0800c3ac   0x00000618   Code   RO         1320    .text               queue.o
    0x0800c9c4   0x00000144   Code   RO         1338    .text               heap_4.o
    0x0800cb08   0x0000178c   Code   RO         1355    .text               sdio_sd.o
    0x0800e294   0x00001b6c   Code   RO         1383    .text               ff.o
    0x0800fe00   0x0000004c   Code   RO         1425    .text               fattime.o
    0x0800fe4c   0x0000012e   Code   RO         1448    .text               diskio.o
    0x0800ff7a   0x00000002   PAD
    0x0800ff7c   0x000003c8   Code   RO         1468    .text               main.o
    0x08010344   0x000003a8   Code   RO         1524    .text               stm32f4xx_it.o
    0x080106ec   0x000003dc   Code   RO         1549    .text               stm32f4x7_eth_bsp.o
    0x08010ac8   0x000000a0   Code   RO         1582    .text               netconf.o
    0x08010b68   0x00000a0c   Code   RO         1624    .text               sys_config.o
    0x08011574   0x00000d54   Code   RO         1655    .text               algbloc.o
    0x080122c8   0x000002c4   Code   RO         1691    .text               udp_server.o
    0x0801258c   0x00000c58   Code   RO         1723    .text               ftp_server.o
    0x080131e4   0x0000054c   Code   RO         1763    .text               usart1.o
    0x08013730   0x00000518   Code   RO         1797    .text               usart2.o
    0x08013c48   0x000005b8   Code   RO         1821    .text               usart3.o
    0x08014200   0x0000048c   Code   RO         1845    .text               usart4.o
    0x0801468c   0x0000017c   Code   RO         1869    .text               modbus.o
    0x08014808   0x000002a0   Code   RO         1889    .text               utilities.o
    0x08014aa8   0x00000024   Code   RO         1920    .text               mc_w.l(memcpya.o)
    0x08014acc   0x00000024   Code   RO         1922    .text               mc_w.l(memseta.o)
    0x08014af0   0x00000018   Code   RO         1924    .text               mc_w.l(strcat.o)
    0x08014b08   0x00000024   Code   RO         1926    .text               mc_w.l(strstr.o)
    0x08014b2c   0x00000018   Code   RO         1928    .text               mc_w.l(strncpy.o)
    0x08014b44   0x00000014   Code   RO         1930    .text               mc_w.l(strchr.o)
    0x08014b58   0x0000000e   Code   RO         1932    .text               mc_w.l(strlen.o)
    0x08014b66   0x0000001a   Code   RO         1934    .text               mc_w.l(memcmp.o)
    0x08014b80   0x00000028   Code   RO         1936    .text               mc_w.l(strncat.o)
    0x08014ba8   0x00000012   Code   RO         1938    .text               mc_w.l(strcpy.o)
    0x08014bba   0x0000001e   Code   RO         1940    .text               mc_w.l(strncmp.o)
    0x08014bd8   0x00000070   Code   RO         2205    .text               mc_w.l(strtol.o)
    0x08014c48   0x00000072   Code   RO         2207    .text               mc_w.l(strtoul.o)
    0x08014cba   0x0000001a   Code   RO         2209    .text               mc_w.l(atoi.o)
    0x08014cd4   0x00000038   Code   RO         2211    .text               mf_w.l(d2f.o)
    0x08014d0c   0x0000002c   Code   RO         2230    .text               mc_w.l(uidiv.o)
    0x08014d38   0x00000008   Code   RO         2234    .text               mc_w.l(ctype_o.o)
    0x08014d40   0x00000012   Code   RO         2256    .text               mc_w.l(isspace_o.o)
    0x08014d52   0x0000009e   Code   RO         2269    .text               mc_w.l(_strtoul.o)
    0x08014df0   0x0000009c   Code   RO         2271    .text               mc_w.l(strtod.o)
    0x08014e8c   0x00000000   Code   RO         2273    .text               mc_w.l(iusefp.o)
    0x08014e8c   0x0000006e   Code   RO         2274    .text               mf_w.l(fepilogue.o)
    0x08014efa   0x000000e4   Code   RO         2278    .text               mf_w.l(dmul.o)
    0x08014fde   0x000000de   Code   RO         2280    .text               mf_w.l(ddiv.o)
    0x080150bc   0x00000024   Code   RO         2286    .text               mc_w.l(init.o)
    0x080150e0   0x0000001e   Code   RO         2289    .text               mc_w.l(llshl.o)
    0x080150fe   0x00000020   Code   RO         2291    .text               mc_w.l(llushr.o)
    0x0801511e   0x0000001c   Code   RO         2297    .text               mc_w.l(_chval.o)
    0x0801513a   0x00000002   PAD
    0x0801513c   0x00000338   Code   RO         2299    .text               mc_w.l(scanf_fp.o)
    0x08015474   0x00000040   Code   RO         2303    .text               mc_w.l(_sgetc.o)
    0x080154b4   0x000000b6   Code   RO         2306    .text               mf_w.l(depilogue.o)
    0x0801556a   0x00000018   Code   RO         2311    .text               mf_w.l(dfltul.o)
    0x08015582   0x00000056   Code   RO         2321    .text               mc_w.l(__dczerorl2.o)
    0x080155d8   0x00000028   Code   RO         2035    i.__0sprintf$3      mc_w.l(printf3.o)
    0x08015600   0x00000008   Code   RO         2262    i.__aeabi_errno_addr  mc_w.l(errno.o)
    0x08015608   0x00000038   Code   RO         1911    i.__hardfp_atof     m_wm.l(atof.o)
    0x08015640   0x0000000c   Code   RO         2263    i.__read_errno      mc_w.l(errno.o)
    0x0801564c   0x0000000e   Code   RO         2315    i.__scatterload_copy  mc_w.l(handlers.o)
    0x0801565a   0x00000002   Code   RO         2316    i.__scatterload_null  mc_w.l(handlers.o)
    0x0801565c   0x0000000e   Code   RO         2317    i.__scatterload_zeroinit  mc_w.l(handlers.o)
    0x0801566a   0x00000002   PAD
    0x0801566c   0x0000000c   Code   RO         2264    i.__set_errno       mc_w.l(errno.o)
    0x08015678   0x0000000e   Code   RO         2301    i._is_digit         mc_w.l(scanf_fp.o)
    0x08015686   0x00000002   PAD
    0x08015688   0x000001b8   Code   RO         2040    i._printf_core      mc_w.l(printf3.o)
    0x08015840   0x0000000a   Code   RO         2042    i._sputc            mc_w.l(printf3.o)
    0x0801584a   0x00000002   PAD
    0x0801584c   0x00000040   Data   RO          362    .constdata          sockets.o
    0x0801588c   0x00000030   Data   RO          524    .constdata          memp.o
    0x080158bc   0x00000030   Data   RO          609    .constdata          stats.o
    0x080158ec   0x00000054   Data   RO          643    .constdata          tcp.o
    0x08015940   0x00000004   Data   RO          837    .constdata          ip_addr.o
    0x08015944   0x00000004   Data   RO          838    .constdata          ip_addr.o
    0x08015948   0x0000000c   Data   RO          867    .constdata          etharp.o
    0x08015954   0x00000014   Data   RO         1255    .constdata          tasks.o
    0x08015968   0x00000080   Data   RO         1384    .constdata          ff.o
    0x080159e8   0x00000081   Data   RO         2235    .constdata          mc_w.l(ctype_o.o)
    0x08015a69   0x00000003   PAD
    0x08015a6c   0x00000004   Data   RO         2236    .constdata          mc_w.l(ctype_o.o)
    0x08015a70   0x00000088   Data   RO          610    .conststring        stats.o
    0x08015af8   0x0000006d   Data   RO          644    .conststring        tcp.o
    0x08015b65   0x00000003   PAD
    0x08015b68   0x00000020   Data   RO         2313    Region$$Table       anon$$obj.o


    Execution Region RW_IRAM2 (Base: 0x10000000, Size: 0x00000000, Max: 0x00010000, ABSOLUTE)

    **** No section assigned to this execution region ****


    Execution Region RW_IRAM1 (Base: 0x20000000, Size: 0x0001bcf8, Max: 0x00030000, ABSOLUTE, COMPRESSED[0x00000034])

    Base Addr    Size         Type   Attr      Idx    E Section Name        Object

    0x20000000   0x00000014   Data   RW            4    .data               system_stm32f4xx.o
    0x20000014   0x00000008   Data   RW          363    .data               sockets.o
    0x2000001c   0x0000000c   Data   RW          383    .data               tcpip.o
    0x20000028   0x00000004   Data   RW          430    .data               dhcp.o
    0x2000002c   0x00000010   Data   RW          508    .data               mem.o
    0x2000003c   0x0000000c   Data   RW          555    .data               netif.o
    0x20000048   0x00000004   Data   RW          594    .data               raw.o
    0x2000004c   0x00000024   Data   RW          645    .data               tcp.o
    0x20000070   0x0000001c   Data   RW          672    .data               tcp_in.o
    0x2000008c   0x00000008   Data   RW          709    .data               timers.o
    0x20000094   0x00000008   Data   RW          747    .data               udp.o
    0x2000009c   0x00000014   Data   RW          818    .data               ip.o
    0x200000b0   0x00000001   Data   RW          868    .data               etharp.o
    0x200000b1   0x00000003   PAD
    0x200000b4   0x00000012   Data   RW          889    .data               ethernetif.o
    0x200000c6   0x00000002   Data   RW          926    .data               sys_arch.o
    0x200000c8   0x00000010   Data   RW         1073    .data               stm32f4xx_rcc.o
    0x200000d8   0x0000000c   Data   RW         1205    .data               stm32f4x7_eth.o
    0x200000e4   0x00000004   Data   RW         1233    .data               port.o
    0x200000e8   0x0000003c   Data   RW         1256    .data               tasks.o
    0x20000124   0x00000010   Data   RW         1340    .data               heap_4.o
    0x20000134   0x00000018   Data   RW         1357    .data               sdio_sd.o
    0x2000014c   0x00000008   Data   RW         1385    .data               ff.o
    0x20000154   0x0000000c   Data   RW         1469    .data               main.o
    0x20000160   0x00000001   Data   RW         1525    .data               stm32f4xx_it.o
    0x20000161   0x00000003   PAD
    0x20000164   0x00000008   Data   RW         1551    .data               stm32f4x7_eth_bsp.o
    0x2000016c   0x00000004   Data   RW         1584    .data               netconf.o
    0x20000170   0x00000040   Data   RW         1659    .data               algbloc.o
    0x200001b0   0x00000014   Data   RW         1693    .data               udp_server.o
    0x200001c4   0x00000008   Data   RW         1724    .data               ftp_server.o
    0x200001cc   0x00000004   Data   RW         2265    .data               mc_w.l(errno.o)
    0x200001d0   0x00000060   Zero   RW          361    .bss                sockets.o
    0x20000230   0x00000032   Zero   RW          429    .bss                dhcp.o
    0x20000262   0x00005014   Zero   RW          507    .bss                mem.o
    0x20005276   0x00000002   PAD
    0x20005278   0x00005b07   Zero   RW          523    .bss                memp.o
    0x2000ad7f   0x00000001   PAD
    0x2000ad80   0x00000174   Zero   RW          608    .bss                stats.o
    0x2000aef4   0x00000014   Zero   RW          671    .bss                tcp_in.o
    0x2000af08   0x00000010   Zero   RW          836    .bss                ip_addr.o
    0x2000af18   0x000000c8   Zero   RW          866    .bss                etharp.o
    0x2000afe0   0x00000080   Zero   RW         1200    .bss                stm32f4x7_eth.o
    0x2000b060   0x00000080   Zero   RW         1201    .bss                stm32f4x7_eth.o
    0x2000b0e0   0x000017d0   Zero   RW         1202    .bss                stm32f4x7_eth.o
    0x2000c8b0   0x000017d0   Zero   RW         1203    .bss                stm32f4x7_eth.o
    0x2000e080   0x0000000c   Zero   RW         1204    .bss                stm32f4x7_eth.o
    0x2000e08c   0x00000148   Zero   RW         1254    .bss                tasks.o
    0x2000e1d4   0x00000040   Zero   RW         1321    .bss                queue.o
    0x2000e214   0x00000004   PAD
    0x2000e218   0x0000a000   Zero   RW         1339    .bss                heap_4.o
    0x20018218   0x000000cc   Zero   RW         1356    .bss                sdio_sd.o
    0x200182e4   0x000000bc   Zero   RW         1550    .bss                stm32f4x7_eth_bsp.o
    0x200183a0   0x00000038   Zero   RW         1583    .bss                netconf.o
    0x200183d8   0x00002cfc   Zero   RW         1657    .bss                algbloc.o
    0x2001b0d4   0x00000014   Zero   RW         1692    .bss                udp_server.o
    0x2001b0e8   0x00000104   Zero   RW         1764    .bss                usart1.o
    0x2001b1ec   0x00000104   Zero   RW         1798    .bss                usart2.o
    0x2001b2f0   0x00000104   Zero   RW         1822    .bss                usart3.o
    0x2001b3f4   0x00000104   Zero   RW         1846    .bss                usart4.o
    0x2001b4f8   0x00000800   Zero   RW          143    STACK               startup_stm32f427x.o


==============================================================================

Image component sizes


      Code (inc. data)   RO Data    RW Data    ZI Data      Debug   Object Name

      3412        104          0         64      11516      10552   algbloc.o
      1248         44          0          0          0      44464   api_lib.o
      3028         50          0          0          0       8789   api_msg.o
        16          0          0          0          0       1312   def.o
      3492         56          0          4         50      17076   dhcp.o
       302          0          0          0          0       2522   diskio.o
      1804         34         12          1        200       8545   etharp.o
       800         56          0         18          0      40026   ethernetif.o
        76          0          0          0          0        594   fattime.o
      7020         62        128          8          0      25754   ff.o
      3160        792          0          8          0      35469   ftp_server.o
       324          8          0         16      40960       3040   heap_4.o
       460         14          0          0          0       2079   icmp.o
       462          0          0          0          0       2617   inet_chksum.o
        42          0          0          0          0      10205   init.o
       760         18          0         20          0       5907   ip.o
       480         12          8          0         16       9075   ip_addr.o
       142          0          0          0          0       3290   list.o
       968        548          0         12          0       6981   main.o
       808         14          0         16      20500       3702   mem.o
       256         14         48          0      23303       2850   memp.o
       176         12          0          0          0       1925   misc.o
       380          0          0          0          0       1769   modbus.o
       302          0          0          0          0       7801   netbuf.o
       160         30          0          4         56       3520   netconf.o
       520         12          0         12          0       6091   netif.o
      1254          0          0          0          0       6703   pbuf.o
       372         32          0          4          0       5148   port.o
      1560          6          0          0         64       9469   queue.o
       368         12          0          4          0       3065   raw.o
      6028        112          0         24        204      24600   sdio_sd.o
      3996         52         64          8         96      19022   sockets.o
        36          8        412          0       2048        816   startup_stm32f427x.o
        60         12        184          0        372       3970   stats.o
      3272        136          0         12      12460      19311   stm32f4x7_eth.o
       988         58          0          8        188       5259   stm32f4x7_eth_bsp.o
       800         32          0          0          0       6161   stm32f4xx_dma.o
       232          8          0          0          0       2359   stm32f4xx_exti.o
      1776         12          0          0          0       7256   stm32f4xx_fmc.o
       536         38          0          0          0       3881   stm32f4xx_gpio.o
       936         74          0          1          0       3566   stm32f4xx_it.o
      1136         52          0         16          0      11590   stm32f4xx_rcc.o
      2632         40          0          0          0      13986   stm32f4xx_rtc.o
       440         14          0          0          0       7112   stm32f4xx_sdio.o
       120         18          0          0          0       1663   stm32f4xx_syscfg.o
      2524         52          0          0          0      18410   stm32f4xx_tim.o
       828         26          0          0          0       7044   stm32f4xx_usart.o
       588          8          0          2          0       5070   sys_arch.o
      2572        410          0          0          0       3994   sys_config.o
      1248         78          0         20          0     375143   system_stm32f4xx.o
      2120         66         20         60        328      12331   tasks.o
      2624         52        193         36          0      19881   tcp.o
      3180         94          0         28         20      14191   tcp_in.o
      2636         22          0          0          0       7219   tcp_out.o
       628         32          0         12          0       9428   tcpip.o
       448         28          0          8          0       3095   timers.o
      1000         18          0          8          0      13449   udp.o
       708         12          0         20         20       7803   udp_server.o
      1356         56          0          0        260      31059   usart1.o
      1304         52          0          0        260       4317   usart2.o
      1464         62          0          0        260       4809   usart3.o
      1164         26          0          0        260       4267   usart4.o
       672          0          0          0          0       2945   utilities.o

    ----------------------------------------------------------------------
     84216       3690       1104        460     113448     965347   Object Totals
         0          0         32          0          0          0   (incl. Generated)
        12          0          3          6          7          0   (incl. Padding)

    ----------------------------------------------------------------------

      Code (inc. data)   RO Data    RW Data    ZI Data      Debug   Library Member Name

        56         12          0          0          0        132   atof.o
        86          0          0          0          0          0   __dczerorl2.o
        28          0          0          0          0         68   _chval.o
        64          0          0          0          0         84   _sgetc.o
       158          0          0          0          0         92   _strtoul.o
        26          0          0          0          0         80   atoi.o
         8          4        133          0          0         68   ctype_o.o
         0          0          0          0          0          0   entry.o
         0          0          0          0          0          0   entry10a.o
         0          0          0          0          0          0   entry11a.o
         8          4          0          0          0          0   entry2.o
         4          0          0          0          0          0   entry5.o
         0          0          0          0          0          0   entry7b.o
         0          0          0          0          0          0   entry8b.o
         8          4          0          0          0          0   entry9a.o
        32         16          0          4          0        204   errno.o
        30          0          0          0          0          0   handlers.o
        36          8          0          0          0         68   init.o
        18          0          0          0          0         76   isspace_o.o
         0          0          0          0          0          0   iusefp.o
        30          0          0          0          0         68   llshl.o
        32          0          0          0          0         68   llushr.o
        26          0          0          0          0         80   memcmp.o
        36          0          0          0          0         68   memcpya.o
        36          0          0          0          0        108   memseta.o
       490         10          0          0          0        252   printf3.o
       838         12          0          0          0        216   scanf_fp.o
        24          0          0          0          0         68   strcat.o
        20          0          0          0          0         68   strchr.o
        18          0          0          0          0         68   strcpy.o
        14          0          0          0          0         68   strlen.o
        40          0          0          0          0         76   strncat.o
        30          0          0          0          0         80   strncmp.o
        24          0          0          0          0         76   strncpy.o
        36          0          0          0          0         80   strstr.o
       156         14          0          0          0        120   strtod.o
       112          0          0          0          0         88   strtol.o
       114          0          0          0          0         92   strtoul.o
        44          0          0          0          0         80   uidiv.o
        56          0          0          0          0         88   d2f.o
       222          0          0          0          0        100   ddiv.o
       182          0          0          0          0        176   depilogue.o
        24          0          0          0          0         76   dfltul.o
       228          0          0          0          0         96   dmul.o
       110          0          0          0          0        168   fepilogue.o

    ----------------------------------------------------------------------
      3512         84        136          4          0       3400   Library Totals
         8          0          3          0          0          0   (incl. Padding)

    ----------------------------------------------------------------------

      Code (inc. data)   RO Data    RW Data    ZI Data      Debug   Library Name

        56         12          0          0          0        132   m_wm.l
      2626         72        133          4          0       2564   mc_w.l
       822          0          0          0          0        704   mf_w.l

    ----------------------------------------------------------------------
      3512         84        136          4          0       3400   Library Totals

    ----------------------------------------------------------------------

==============================================================================


      Code (inc. data)   RO Data    RW Data    ZI Data      Debug   

     87728       3774       1240        464     113448     950663   Grand Totals
     87728       3774       1240         52     113448     950663   ELF Image Totals (compressed)
     87728       3774       1240         52          0          0   ROM Totals

==============================================================================

    Total RO  Size (Code + RO Data)                88968 (  86.88kB)
    Total RW  Size (RW Data + ZI Data)            113912 ( 111.24kB)
    Total ROM Size (Code + RO Data + RW Data)      89020 (  86.93kB)

==============================================================================

